221.11.4.157 - - [13/Apr/2016:02:58:14 +0000] "GET / HTTP/1.1" 200 15625 "-" "Mozilla/5.0 (compatible; Nmap Scripting Engine; http://nmap.org/book/nse.html)"
185.49.14.190 - - [13/Apr/2016:04:59:51 +0000] "GET http://testp4.pospr.waw.pl/testproxy.php HTTP/1.1" 404 455 "-" "Mozilla/5.0 (Windows NT 5.1; rv:32.0) Gecko/20100101 Firefox/31.0"
5.39.222.159 - - [13/Apr/2016:06:17:07 +0000] "GET / HTTP/1.1" 200 15606 "-" "Mozilla/5.0 zgrab/0.x"
185.25.151.159 - - [13/Apr/2016:06:19:05 +0000] "GET http://testp1.piwo.pila.pl/testproxy.php HTTP/1.1" 404 455 "-" "Mozilla/5.0 (Windows NT 5.1; rv:32.0) Gecko/20100101 Firefox/31.0"
193.1.39.1 - - [13/Apr/2016:11:40:27 +0000] "GET / HTTP/1.1" 200 5889 "-" "Mozilla/5.0 (Windows NT 10.0; Win64; x64) AppleWebKit/537.36 (KHTML, like Gecko) Chrome/49.0.2623.112 Safari/537.36"
193.1.39.1 - - [13/Apr/2016:11:40:27 +0000] "GET /wp-content/plugins/var/www/html/wp-content/themes/nuntius/nuntius.css?ver=2012-06-18 HTTP/1.1" 404 559 "http://52.31.166.88/" "Mozilla/5.0 (Windows NT 10.0; Win64; x64) AppleWebKit/537.36 (KHTML, like Gecko) Chrome/49.0.2623.112 Safari/537.36"
193.1.39.1 - - [13/Apr/2016:11:40:27 +0000] "GET /wp-content/themes/nuntius/js/jquery.cycle.all.js?ver=20130415 HTTP/1.1" 200 13899 "http://52.31.166.88/" "Mozilla/5.0 (Windows NT 10.0; Win64; x64) AppleWebKit/537.36 (KHTML, like Gecko) Chrome/49.0.2623.112 Safari/537.36"
193.1.39.1 - - [13/Apr/2016:11:40:27 +0000] "GET /wp-content/themes/nuntius/style.css?ver=4.0.10 HTTP/1.1" 200 10269 "http://52.31.166.88/" "Mozilla/5.0 (Windows NT 10.0; Win64; x64) AppleWebKit/537.36 (KHTML, like Gecko) Chrome/49.0.2623.112 Safari/537.36"
193.1.39.1 - - [13/Apr/2016:11:40:27 +0000] "GET /wp-includes/js/jquery/jquery-migrate.min.js?ver=1.2.1 HTTP/1.1" 200 3419 "http://52.31.166.88/" "Mozilla/5.0 (Windows NT 10.0; Win64; x64) AppleWebKit/537.36 (KHTML, like Gecko) Chrome/49.0.2623.112 Safari/537.36"
193.1.39.1 - - [13/Apr/2016:11:40:27 +0000] "GET /wp-includes/js/jquery/jquery.js?ver=1.11.1 HTTP/1.1" 200 33584 "http://52.31.166.88/" "Mozilla/5.0 (Windows NT 10.0; Win64; x64) AppleWebKit/537.36 (KHTML, like Gecko) Chrome/49.0.2623.112 Safari/537.36"
193.1.39.1 - - [13/Apr/2016:11:40:27 +0000] "GET /wp-includes/images/smilies/icon_wink.gif HTTP/1.1" 200 452 "http://52.31.166.88/" "Mozilla/5.0 (Windows NT 10.0; Win64; x64) AppleWebKit/537.36 (KHTML, like Gecko) Chrome/49.0.2623.112 Safari/537.36"
193.1.39.1 - - [13/Apr/2016:11:40:28 +0000] "GET /wp-content/themes/nuntius/js/functions.js?ver=201101207 HTTP/1.1" 200 935 "http://52.31.166.88/" "Mozilla/5.0 (Windows NT 10.0; Win64; x64) AppleWebKit/537.36 (KHTML, like Gecko) Chrome/49.0.2623.112 Safari/537.36"
193.1.39.1 - - [13/Apr/2016:11:40:28 +0000] "GET /wp-content/themes/nuntius/images/bg-container.png HTTP/1.1" 200 384 "http://52.31.166.88/wp-content/themes/nuntius/style.css?ver=4.0.10" "Mozilla/5.0 (Windows NT 10.0; Win64; x64) AppleWebKit/537.36 (KHTML, like Gecko) Chrome/49.0.2623.112 Safari/537.36"
193.1.39.1 - - [13/Apr/2016:11:40:28 +0000] "GET /wp-content/themes/nuntius/images/breadcrumb-sep-ltr.png HTTP/1.1" 200 382 "http://52.31.166.88/wp-content/themes/nuntius/style.css?ver=4.0.10" "Mozilla/5.0 (Windows NT 10.0; Win64; x64) AppleWebKit/537.36 (KHTML, like Gecko) Chrome/49.0.2623.112 Safari/537.36"
193.1.39.1 - - [13/Apr/2016:11:40:28 +0000] "GET /wp-content/themes/nuntius/images/primary-menu-current.png HTTP/1.1" 200 393 "http://52.31.166.88/wp-content/themes/nuntius/style.css?ver=4.0.10" "Mozilla/5.0 (Windows NT 10.0; Win64; x64) AppleWebKit/537.36 (KHTML, like Gecko) Chrome/49.0.2623.112 Safari/537.36"
193.1.39.1 - - [13/Apr/2016:11:40:28 +0000] "GET /wp-content/themes/nuntius/images/bg-sidebar-search-form.png HTTP/1.1" 200 523 "http://52.31.166.88/wp-content/themes/nuntius/style.css?ver=4.0.10" "Mozilla/5.0 (Windows NT 10.0; Win64; x64) AppleWebKit/537.36 (KHTML, like Gecko) Chrome/49.0.2623.112 Safari/537.36"
193.1.39.1 - - [13/Apr/2016:11:40:28 +0000] "GET /favicon.ico HTTP/1.1" 404 501 "http://52.31.166.88/" "Mozilla/5.0 (Windows NT 10.0; Win64; x64) AppleWebKit/537.36 (KHTML, like Gecko) Chrome/49.0.2623.112 Safari/537.36"
193.1.39.1 - - [13/Apr/2016:11:40:30 +0000] "GET /?page_id=2 HTTP/1.1" 200 3762 "http://52.31.166.88/" "Mozilla/5.0 (Windows NT 10.0; Win64; x64) AppleWebKit/537.36 (KHTML, like Gecko) Chrome/49.0.2623.112 Safari/537.36"
193.1.39.1 - - [13/Apr/2016:11:40:30 +0000] "GET /wp-content/plugins/var/www/html/wp-content/themes/nuntius/nuntius.css?ver=2012-06-18 HTTP/1.1" 404 559 "http://52.31.166.88/?page_id=2" "Mozilla/5.0 (Windows NT 10.0; Win64; x64) AppleWebKit/537.36 (KHTML, like Gecko) Chrome/49.0.2623.112 Safari/537.36"
193.1.39.1 - - [13/Apr/2016:11:40:30 +0000] "GET /wp-includes/js/comment-reply.min.js?ver=4.0.10 HTTP/1.1" 200 754 "http://52.31.166.88/?page_id=2" "Mozilla/5.0 (Windows NT 10.0; Win64; x64) AppleWebKit/537.36 (KHTML, like Gecko) Chrome/49.0.2623.112 Safari/537.36"
193.1.39.1 - - [13/Apr/2016:11:40:30 +0000] "GET /wp-content/themes/nuntius/images/comments-top.png HTTP/1.1" 404 539 "http://52.31.166.88/wp-content/themes/nuntius/style.css?ver=4.0.10" "Mozilla/5.0 (Windows NT 10.0; Win64; x64) AppleWebKit/537.36 (KHTML, like Gecko) Chrome/49.0.2623.112 Safari/537.36"
193.1.39.1 - - [13/Apr/2016:11:40:30 +0000] "GET /wp-content/themes/nuntius/images/respond-input.png HTTP/1.1" 200 593 "http://52.31.166.88/wp-content/themes/nuntius/style.css?ver=4.0.10" "Mozilla/5.0 (Windows NT 10.0; Win64; x64) AppleWebKit/537.36 (KHTML, like Gecko) Chrome/49.0.2623.112 Safari/537.36"
193.1.39.1 - - [13/Apr/2016:11:40:30 +0000] "GET /wp-content/themes/nuntius/images/submit-button.png HTTP/1.1" 200 1129 "http://52.31.166.88/wp-content/themes/nuntius/style.css?ver=4.0.10" "Mozilla/5.0 (Windows NT 10.0; Win64; x64) AppleWebKit/537.36 (KHTML, like Gecko) Chrome/49.0.2623.112 Safari/537.36"
193.1.39.1 - - [13/Apr/2016:11:40:31 +0000] "GET / HTTP/1.1" 200 5888 "http://52.31.166.88/?page_id=2" "Mozilla/5.0 (Windows NT 10.0; Win64; x64) AppleWebKit/537.36 (KHTML, like Gecko) Chrome/49.0.2623.112 Safari/537.36"
193.1.39.1 - - [13/Apr/2016:11:40:31 +0000] "GET /wp-content/plugins/var/www/html/wp-content/themes/nuntius/nuntius.css?ver=2012-06-18 HTTP/1.1" 404 559 "http://52.31.166.88/" "Mozilla/5.0 (Windows NT 10.0; Win64; x64) AppleWebKit/537.36 (KHTML, like Gecko) Chrome/49.0.2623.112 Safari/537.36"
::1 - - [13/Apr/2016:11:40:36 +0000] "OPTIONS * HTTP/1.0" 200 125 "-" "Apache/2.4.7 (Ubuntu) PHP/5.5.9-1ubuntu4.14 (internal dummy connection)"
::1 - - [13/Apr/2016:11:40:37 +0000] "OPTIONS * HTTP/1.0" 200 125 "-" "Apache/2.4.7 (Ubuntu) PHP/5.5.9-1ubuntu4.14 (internal dummy connection)"
193.1.39.1 - - [13/Apr/2016:11:40:42 +0000] "GET /?cat=1 HTTP/1.1" 200 2924 "http://52.31.166.88/" "Mozilla/5.0 (Windows NT 10.0; Win64; x64) AppleWebKit/537.36 (KHTML, like Gecko) Chrome/49.0.2623.112 Safari/537.36"
193.1.39.1 - - [13/Apr/2016:11:40:42 +0000] "GET /wp-content/plugins/var/www/html/wp-content/themes/nuntius/nuntius.css?ver=2012-06-18 HTTP/1.1" 404 559 "http://52.31.166.88/?cat=1" "Mozilla/5.0 (Windows NT 10.0; Win64; x64) AppleWebKit/537.36 (KHTML, like Gecko) Chrome/49.0.2623.112 Safari/537.36"
193.1.39.1 - - [13/Apr/2016:11:40:42 +0000] "GET /wp-content/themes/nuntius/images/comments-top.png HTTP/1.1" 404 539 "http://52.31.166.88/wp-content/themes/nuntius/style.css?ver=4.0.10" "Mozilla/5.0 (Windows NT 10.0; Win64; x64) AppleWebKit/537.36 (KHTML, like Gecko) Chrome/49.0.2623.112 Safari/537.36"
193.1.39.1 - - [13/Apr/2016:11:40:42 +0000] "GET /wp-content/themes/nuntius/images/calendar-icon.png HTTP/1.1" 200 396 "http://52.31.166.88/wp-content/themes/nuntius/style.css?ver=4.0.10" "Mozilla/5.0 (Windows NT 10.0; Win64; x64) AppleWebKit/537.36 (KHTML, like Gecko) Chrome/49.0.2623.112 Safari/537.36"
193.1.39.1 - - [13/Apr/2016:11:40:42 +0000] "GET /wp-content/themes/nuntius/images/comments-link-icon.png HTTP/1.1" 200 396 "http://52.31.166.88/wp-content/themes/nuntius/style.css?ver=4.0.10" "Mozilla/5.0 (Windows NT 10.0; Win64; x64) AppleWebKit/537.36 (KHTML, like Gecko) Chrome/49.0.2623.112 Safari/537.36"
193.1.39.1 - - [13/Apr/2016:11:40:44 +0000] "GET /?p=9 HTTP/1.1" 200 6653 "http://52.31.166.88/?cat=1" "Mozilla/5.0 (Windows NT 10.0; Win64; x64) AppleWebKit/537.36 (KHTML, like Gecko) Chrome/49.0.2623.112 Safari/537.36"
193.1.39.1 - - [13/Apr/2016:11:40:44 +0000] "GET /wp-content/plugins/var/www/html/wp-content/themes/nuntius/nuntius.css?ver=2012-06-18 HTTP/1.1" 404 559 "http://52.31.166.88/?p=9" "Mozilla/5.0 (Windows NT 10.0; Win64; x64) AppleWebKit/537.36 (KHTML, like Gecko) Chrome/49.0.2623.112 Safari/537.36"
193.1.39.1 - - [13/Apr/2016:11:40:44 +0000] "GET /wp-content/themes/nuntius/images/comments-top.png HTTP/1.1" 404 539 "http://52.31.166.88/wp-content/themes/nuntius/style.css?ver=4.0.10" "Mozilla/5.0 (Windows NT 10.0; Win64; x64) AppleWebKit/537.36 (KHTML, like Gecko) Chrome/49.0.2623.112 Safari/537.36"
193.1.39.1 - - [13/Apr/2016:11:40:48 +0000] "GET /?feed=rss2 HTTP/1.1" 200 4229 "http://52.31.166.88/?p=9" "Mozilla/5.0 (Windows NT 10.0; Win64; x64) AppleWebKit/537.36 (KHTML, like Gecko) Chrome/49.0.2623.112 Safari/537.36"
193.1.39.1 - - [13/Apr/2016:11:41:06 +0000] "GET /wp-login.php HTTP/1.1" 200 1626 "http://52.31.166.88/?p=9" "Mozilla/5.0 (Windows NT 10.0; Win64; x64) AppleWebKit/537.36 (KHTML, like Gecko) Chrome/49.0.2623.112 Safari/537.36"
193.1.39.1 - - [13/Apr/2016:11:41:07 +0000] "GET /wp-includes/css/buttons.min.css?ver=4.0.10 HTTP/1.1" 200 1621 "http://52.31.166.88/wp-login.php" "Mozilla/5.0 (Windows NT 10.0; Win64; x64) AppleWebKit/537.36 (KHTML, like Gecko) Chrome/49.0.2623.112 Safari/537.36"
193.1.39.1 - - [13/Apr/2016:11:41:07 +0000] "GET /wp-includes/css/dashicons.min.css?ver=4.0.10 HTTP/1.1" 200 25680 "http://52.31.166.88/wp-login.php" "Mozilla/5.0 (Windows NT 10.0; Win64; x64) AppleWebKit/537.36 (KHTML, like Gecko) Chrome/49.0.2623.112 Safari/537.36"
193.1.39.1 - - [13/Apr/2016:11:41:07 +0000] "GET /wp-admin/css/login.min.css?ver=4.0.10 HTTP/1.1" 200 5078 "http://52.31.166.88/wp-login.php" "Mozilla/5.0 (Windows NT 10.0; Win64; x64) AppleWebKit/537.36 (KHTML, like Gecko) Chrome/49.0.2623.112 Safari/537.36"
193.1.39.1 - - [13/Apr/2016:11:41:07 +0000] "GET /wp-admin/images/wordpress-logo.svg?ver=20131107 HTTP/1.1" 200 1809 "http://52.31.166.88/wp-admin/css/login.min.css?ver=4.0.10" "Mozilla/5.0 (Windows NT 10.0; Win64; x64) AppleWebKit/537.36 (KHTML, like Gecko) Chrome/49.0.2623.112 Safari/537.36"
193.1.39.1 - - [13/Apr/2016:11:41:15 +0000] "GET / HTTP/1.1" 200 5889 "-" "Mozilla/5.0 (Windows NT 10.0; Win64; x64) AppleWebKit/537.36 (KHTML, like Gecko) Chrome/49.0.2623.112 Safari/537.36"
193.1.39.1 - - [13/Apr/2016:11:41:15 +0000] "GET /wp-content/plugins/var/www/html/wp-content/themes/nuntius/nuntius.css?ver=2012-06-18 HTTP/1.1" 404 559 "http://52.31.166.88/" "Mozilla/5.0 (Windows NT 10.0; Win64; x64) AppleWebKit/537.36 (KHTML, like Gecko) Chrome/49.0.2623.112 Safari/537.36"
193.1.39.1 - - [13/Apr/2016:11:41:18 +0000] "GET /?page_id=2 HTTP/1.1" 200 3762 "http://52.31.166.88/" "Mozilla/5.0 (Windows NT 10.0; Win64; x64) AppleWebKit/537.36 (KHTML, like Gecko) Chrome/49.0.2623.112 Safari/537.36"
193.1.39.1 - - [13/Apr/2016:11:41:18 +0000] "GET /wp-content/plugins/var/www/html/wp-content/themes/nuntius/nuntius.css?ver=2012-06-18 HTTP/1.1" 404 559 "http://52.31.166.88/?page_id=2" "Mozilla/5.0 (Windows NT 10.0; Win64; x64) AppleWebKit/537.36 (KHTML, like Gecko) Chrome/49.0.2623.112 Safari/537.36"
193.1.39.1 - - [13/Apr/2016:11:41:18 +0000] "GET /wp-content/themes/nuntius/images/comments-top.png HTTP/1.1" 404 539 "http://52.31.166.88/wp-content/themes/nuntius/style.css?ver=4.0.10" "Mozilla/5.0 (Windows NT 10.0; Win64; x64) AppleWebKit/537.36 (KHTML, like Gecko) Chrome/49.0.2623.112 Safari/537.36"
193.1.39.1 - - [13/Apr/2016:11:41:25 +0000] "GET / HTTP/1.1" 200 5889 "http://52.31.166.88/?page_id=2" "Mozilla/5.0 (Windows NT 10.0; Win64; x64) AppleWebKit/537.36 (KHTML, like Gecko) Chrome/49.0.2623.112 Safari/537.36"
193.1.39.1 - - [13/Apr/2016:11:41:25 +0000] "GET /wp-content/plugins/var/www/html/wp-content/themes/nuntius/nuntius.css?ver=2012-06-18 HTTP/1.1" 404 559 "http://52.31.166.88/" "Mozilla/5.0 (Windows NT 10.0; Win64; x64) AppleWebKit/537.36 (KHTML, like Gecko) Chrome/49.0.2623.112 Safari/537.36"
193.1.39.1 - - [13/Apr/2016:11:41:33 +0000] "GET /?page_id=2 HTTP/1.1" 200 3763 "http://52.31.166.88/" "Mozilla/5.0 (Windows NT 10.0; Win64; x64) AppleWebKit/537.36 (KHTML, like Gecko) Chrome/49.0.2623.112 Safari/537.36"
193.1.39.1 - - [13/Apr/2016:11:41:33 +0000] "GET /wp-content/plugins/var/www/html/wp-content/themes/nuntius/nuntius.css?ver=2012-06-18 HTTP/1.1" 404 559 "http://52.31.166.88/?page_id=2" "Mozilla/5.0 (Windows NT 10.0; Win64; x64) AppleWebKit/537.36 (KHTML, like Gecko) Chrome/49.0.2623.112 Safari/537.36"
193.1.39.1 - - [13/Apr/2016:11:41:33 +0000] "GET /wp-content/themes/nuntius/images/comments-top.png HTTP/1.1" 404 539 "http://52.31.166.88/wp-content/themes/nuntius/style.css?ver=4.0.10" "Mozilla/5.0 (Windows NT 10.0; Win64; x64) AppleWebKit/537.36 (KHTML, like Gecko) Chrome/49.0.2623.112 Safari/537.36"
193.1.39.1 - - [13/Apr/2016:11:41:33 +0000] "GET / HTTP/1.1" 200 5888 "http://52.31.166.88/?page_id=2" "Mozilla/5.0 (Windows NT 10.0; Win64; x64) AppleWebKit/537.36 (KHTML, like Gecko) Chrome/49.0.2623.112 Safari/537.36"
193.1.39.1 - - [13/Apr/2016:11:41:33 +0000] "GET /wp-content/plugins/var/www/html/wp-content/themes/nuntius/nuntius.css?ver=2012-06-18 HTTP/1.1" 404 559 "http://52.31.166.88/" "Mozilla/5.0 (Windows NT 10.0; Win64; x64) AppleWebKit/537.36 (KHTML, like Gecko) Chrome/49.0.2623.112 Safari/537.36"
193.1.39.1 - - [13/Apr/2016:11:41:36 +0000] "GET /?p=9 HTTP/1.1" 200 6653 "http://52.31.166.88/" "Mozilla/5.0 (Windows NT 10.0; Win64; x64) AppleWebKit/537.36 (KHTML, like Gecko) Chrome/49.0.2623.112 Safari/537.36"
193.1.39.1 - - [13/Apr/2016:11:41:37 +0000] "GET /wp-content/plugins/var/www/html/wp-content/themes/nuntius/nuntius.css?ver=2012-06-18 HTTP/1.1" 404 559 "http://52.31.166.88/?p=9" "Mozilla/5.0 (Windows NT 10.0; Win64; x64) AppleWebKit/537.36 (KHTML, like Gecko) Chrome/49.0.2623.112 Safari/537.36"
193.1.39.1 - - [13/Apr/2016:11:41:37 +0000] "GET /wp-content/themes/nuntius/images/comments-top.png HTTP/1.1" 404 539 "http://52.31.166.88/wp-content/themes/nuntius/style.css?ver=4.0.10" "Mozilla/5.0 (Windows NT 10.0; Win64; x64) AppleWebKit/537.36 (KHTML, like Gecko) Chrome/49.0.2623.112 Safari/537.36"
193.1.39.1 - - [13/Apr/2016:11:42:08 +0000] "POST /wp-comments-post.php HTTP/1.1" 500 3295 "http://52.31.166.88/?p=9" "Mozilla/5.0 (Windows NT 10.0; Win64; x64) AppleWebKit/537.36 (KHTML, like Gecko) Chrome/49.0.2623.112 Safari/537.36"
193.1.39.1 - - [13/Apr/2016:11:42:40 +0000] "POST /wp-comments-post.php HTTP/1.1" 302 859 "http://52.31.166.88/?p=9" "Mozilla/5.0 (Windows NT 10.0; Win64; x64) AppleWebKit/537.36 (KHTML, like Gecko) Chrome/49.0.2623.112 Safari/537.36"
193.1.39.1 - - [13/Apr/2016:11:42:40 +0000] "GET /?p=9 HTTP/1.1" 200 7231 "http://52.31.166.88/?p=9" "Mozilla/5.0 (Windows NT 10.0; Win64; x64) AppleWebKit/537.36 (KHTML, like Gecko) Chrome/49.0.2623.112 Safari/537.36"
193.1.39.1 - - [13/Apr/2016:11:42:40 +0000] "GET /wp-content/plugins/var/www/html/wp-content/themes/nuntius/nuntius.css?ver=2012-06-18 HTTP/1.1" 404 559 "http://52.31.166.88/?p=9" "Mozilla/5.0 (Windows NT 10.0; Win64; x64) AppleWebKit/537.36 (KHTML, like Gecko) Chrome/49.0.2623.112 Safari/537.36"
193.1.39.1 - - [13/Apr/2016:11:42:40 +0000] "GET /wp-content/themes/nuntius/images/comments-top.png HTTP/1.1" 404 539 "http://52.31.166.88/wp-content/themes/nuntius/style.css?ver=4.0.10" "Mozilla/5.0 (Windows NT 10.0; Win64; x64) AppleWebKit/537.36 (KHTML, like Gecko) Chrome/49.0.2623.112 Safari/537.36"
193.1.39.1 - - [13/Apr/2016:11:42:40 +0000] "GET /wp-content/themes/nuntius/images/comment-bg.png HTTP/1.1" 200 394 "http://52.31.166.88/wp-content/themes/nuntius/style.css?ver=4.0.10" "Mozilla/5.0 (Windows NT 10.0; Win64; x64) AppleWebKit/537.36 (KHTML, like Gecko) Chrome/49.0.2623.112 Safari/537.36"
193.1.39.1 - - [13/Apr/2016:11:42:40 +0000] "GET /wp-content/themes/nuntius/images/reply-icon.png HTTP/1.1" 200 396 "http://52.31.166.88/wp-content/themes/nuntius/style.css?ver=4.0.10" "Mozilla/5.0 (Windows NT 10.0; Win64; x64) AppleWebKit/537.36 (KHTML, like Gecko) Chrome/49.0.2623.112 Safari/537.36"
193.1.39.1 - - [13/Apr/2016:11:42:48 +0000] "GET /?page_id=2 HTTP/1.1" 200 3818 "http://52.31.166.88/?p=9" "Mozilla/5.0 (Windows NT 10.0; Win64; x64) AppleWebKit/537.36 (KHTML, like Gecko) Chrome/49.0.2623.112 Safari/537.36"
193.1.39.1 - - [13/Apr/2016:11:42:49 +0000] "GET /wp-content/plugins/var/www/html/wp-content/themes/nuntius/nuntius.css?ver=2012-06-18 HTTP/1.1" 404 559 "http://52.31.166.88/?page_id=2" "Mozilla/5.0 (Windows NT 10.0; Win64; x64) AppleWebKit/537.36 (KHTML, like Gecko) Chrome/49.0.2623.112 Safari/537.36"
193.1.39.1 - - [13/Apr/2016:11:42:49 +0000] "GET /wp-content/themes/nuntius/images/comments-top.png HTTP/1.1" 404 539 "http://52.31.166.88/wp-content/themes/nuntius/style.css?ver=4.0.10" "Mozilla/5.0 (Windows NT 10.0; Win64; x64) AppleWebKit/537.36 (KHTML, like Gecko) Chrome/49.0.2623.112 Safari/537.36"
193.1.39.1 - - [13/Apr/2016:11:42:49 +0000] "GET / HTTP/1.1" 200 5888 "http://52.31.166.88/?page_id=2" "Mozilla/5.0 (Windows NT 10.0; Win64; x64) AppleWebKit/537.36 (KHTML, like Gecko) Chrome/49.0.2623.112 Safari/537.36"
193.1.39.1 - - [13/Apr/2016:11:42:49 +0000] "GET /wp-content/plugins/var/www/html/wp-content/themes/nuntius/nuntius.css?ver=2012-06-18 HTTP/1.1" 404 559 "http://52.31.166.88/" "Mozilla/5.0 (Windows NT 10.0; Win64; x64) AppleWebKit/537.36 (KHTML, like Gecko) Chrome/49.0.2623.112 Safari/537.36"
193.1.39.1 - - [13/Apr/2016:11:58:46 +0000] "GET /wordpress/ HTTP/1.1" 200 283 "-" "Mozilla/5.0 (Windows NT 10.0; WOW64) AppleWebKit/537.36 (KHTML, like Gecko) Chrome/49.0.2623.112 Safari/537.36"
193.1.39.1 - - [13/Apr/2016:11:58:47 +0000] "GET /favicon.ico HTTP/1.1" 404 501 "http://52.31.166.88/wordpress/" "Mozilla/5.0 (Windows NT 10.0; WOW64) AppleWebKit/537.36 (KHTML, like Gecko) Chrome/49.0.2623.112 Safari/537.36"
193.1.39.1 - - [13/Apr/2016:11:58:54 +0000] "GET / HTTP/1.1" 200 5889 "-" "Mozilla/5.0 (Windows NT 10.0; WOW64) AppleWebKit/537.36 (KHTML, like Gecko) Chrome/49.0.2623.112 Safari/537.36"
193.1.39.1 - - [13/Apr/2016:11:58:55 +0000] "GET /wp-content/themes/nuntius/style.css?ver=4.0.10 HTTP/1.1" 200 10268 "http://52.31.166.88/" "Mozilla/5.0 (Windows NT 10.0; WOW64) AppleWebKit/537.36 (KHTML, like Gecko) Chrome/49.0.2623.112 Safari/537.36"
193.1.39.1 - - [13/Apr/2016:11:58:55 +0000] "GET /wp-content/plugins/var/www/html/wp-content/themes/nuntius/nuntius.css?ver=2012-06-18 HTTP/1.1" 404 560 "http://52.31.166.88/" "Mozilla/5.0 (Windows NT 10.0; WOW64) AppleWebKit/537.36 (KHTML, like Gecko) Chrome/49.0.2623.112 Safari/537.36"
193.1.39.1 - - [13/Apr/2016:11:58:55 +0000] "GET /wp-includes/js/jquery/jquery.js?ver=1.11.1 HTTP/1.1" 200 33584 "http://52.31.166.88/" "Mozilla/5.0 (Windows NT 10.0; WOW64) AppleWebKit/537.36 (KHTML, like Gecko) Chrome/49.0.2623.112 Safari/537.36"
193.1.39.1 - - [13/Apr/2016:11:58:55 +0000] "GET /wp-includes/js/jquery/jquery-migrate.min.js?ver=1.2.1 HTTP/1.1" 200 3419 "http://52.31.166.88/" "Mozilla/5.0 (Windows NT 10.0; WOW64) AppleWebKit/537.36 (KHTML, like Gecko) Chrome/49.0.2623.112 Safari/537.36"
193.1.39.1 - - [13/Apr/2016:11:58:55 +0000] "GET /wp-content/themes/nuntius/js/jquery.cycle.all.js?ver=20130415 HTTP/1.1" 200 13898 "http://52.31.166.88/" "Mozilla/5.0 (Windows NT 10.0; WOW64) AppleWebKit/537.36 (KHTML, like Gecko) Chrome/49.0.2623.112 Safari/537.36"
193.1.39.1 - - [13/Apr/2016:11:58:55 +0000] "GET /wp-content/themes/nuntius/js/functions.js?ver=201101207 HTTP/1.1" 200 935 "http://52.31.166.88/" "Mozilla/5.0 (Windows NT 10.0; WOW64) AppleWebKit/537.36 (KHTML, like Gecko) Chrome/49.0.2623.112 Safari/537.36"
193.1.39.1 - - [13/Apr/2016:11:58:55 +0000] "GET /wp-includes/images/smilies/icon_wink.gif HTTP/1.1" 200 453 "http://52.31.166.88/" "Mozilla/5.0 (Windows NT 10.0; WOW64) AppleWebKit/537.36 (KHTML, like Gecko) Chrome/49.0.2623.112 Safari/537.36"
193.1.39.1 - - [13/Apr/2016:11:58:56 +0000] "GET /wp-content/themes/nuntius/images/primary-menu-current.png HTTP/1.1" 200 393 "http://52.31.166.88/wp-content/themes/nuntius/style.css?ver=4.0.10" "Mozilla/5.0 (Windows NT 10.0; WOW64) AppleWebKit/537.36 (KHTML, like Gecko) Chrome/49.0.2623.112 Safari/537.36"
193.1.39.1 - - [13/Apr/2016:11:58:56 +0000] "GET /wp-content/themes/nuntius/images/breadcrumb-sep-ltr.png HTTP/1.1" 200 382 "http://52.31.166.88/wp-content/themes/nuntius/style.css?ver=4.0.10" "Mozilla/5.0 (Windows NT 10.0; WOW64) AppleWebKit/537.36 (KHTML, like Gecko) Chrome/49.0.2623.112 Safari/537.36"
193.1.39.1 - - [13/Apr/2016:11:58:56 +0000] "GET /wp-content/themes/nuntius/images/bg-container.png HTTP/1.1" 200 384 "http://52.31.166.88/wp-content/themes/nuntius/style.css?ver=4.0.10" "Mozilla/5.0 (Windows NT 10.0; WOW64) AppleWebKit/537.36 (KHTML, like Gecko) Chrome/49.0.2623.112 Safari/537.36"
193.1.39.1 - - [13/Apr/2016:11:58:56 +0000] "GET /wp-content/themes/nuntius/images/bg-sidebar-search-form.png HTTP/1.1" 200 523 "http://52.31.166.88/wp-content/themes/nuntius/style.css?ver=4.0.10" "Mozilla/5.0 (Windows NT 10.0; WOW64) AppleWebKit/537.36 (KHTML, like Gecko) Chrome/49.0.2623.112 Safari/537.36"
::1 - - [13/Apr/2016:11:59:02 +0000] "OPTIONS * HTTP/1.0" 200 125 "-" "Apache/2.4.7 (Ubuntu) PHP/5.5.9-1ubuntu4.14 (internal dummy connection)"
169.229.3.91 - - [13/Apr/2016:12:46:32 +0000] "\xe5\xb5H\x83\x03\\\xf5j \x10o\xe0\x1aJ\xb7|\x83\x15|\x13\x88*\x06\xd3Y\xe6\xe2X\x9c\x8a\x9c}k\x91\x06\xcb/\x92\xfe\x1a|P\x84\xd3\xe8\xc6%-\x80\"\xd5\xc4\x94w<\xe3\x98\xb0\x1a\x99\x15\xc6" 400 333 "-" "-"
80.82.78.38 - - [13/Apr/2016:15:18:20 +0000] "GET http://www.baidu.com/cache/global/img/gs.gif HTTP/1.1" 404 459 "-" "Mozilla"
79.97.107.76 - - [13/Apr/2016:16:23:08 +0000] "GET / HTTP/1.1" 200 5889 "-" "Mozilla/5.0 (X11; Linux x86_64; rv:43.0) Gecko/20100101 Firefox/43.0 Iceweasel/43.0.4"
79.97.107.76 - - [13/Apr/2016:16:23:08 +0000] "GET /wp-content/plugins/var/www/html/wp-content/themes/nuntius/nuntius.css?ver=2012-06-18 HTTP/1.1" 404 559 "http://52.31.166.88/" "Mozilla/5.0 (X11; Linux x86_64; rv:43.0) Gecko/20100101 Firefox/43.0 Iceweasel/43.0.4"
79.97.107.76 - - [13/Apr/2016:16:23:08 +0000] "GET /wp-includes/js/jquery/jquery-migrate.min.js?ver=1.2.1 HTTP/1.1" 200 3419 "http://52.31.166.88/" "Mozilla/5.0 (X11; Linux x86_64; rv:43.0) Gecko/20100101 Firefox/43.0 Iceweasel/43.0.4"
79.97.107.76 - - [13/Apr/2016:16:23:08 +0000] "GET /wp-content/themes/nuntius/style.css?ver=4.0.10 HTTP/1.1" 200 10268 "http://52.31.166.88/" "Mozilla/5.0 (X11; Linux x86_64; rv:43.0) Gecko/20100101 Firefox/43.0 Iceweasel/43.0.4"
79.97.107.76 - - [13/Apr/2016:16:23:08 +0000] "GET /wp-includes/js/jquery/jquery.js?ver=1.11.1 HTTP/1.1" 200 33584 "http://52.31.166.88/" "Mozilla/5.0 (X11; Linux x86_64; rv:43.0) Gecko/20100101 Firefox/43.0 Iceweasel/43.0.4"
79.97.107.76 - - [13/Apr/2016:16:23:08 +0000] "GET /wp-content/themes/nuntius/js/jquery.cycle.all.js?ver=20130415 HTTP/1.1" 200 13899 "http://52.31.166.88/" "Mozilla/5.0 (X11; Linux x86_64; rv:43.0) Gecko/20100101 Firefox/43.0 Iceweasel/43.0.4"
79.97.107.76 - - [13/Apr/2016:16:23:08 +0000] "GET /wp-content/themes/nuntius/js/functions.js?ver=201101207 HTTP/1.1" 200 935 "http://52.31.166.88/" "Mozilla/5.0 (X11; Linux x86_64; rv:43.0) Gecko/20100101 Firefox/43.0 Iceweasel/43.0.4"
79.97.107.76 - - [13/Apr/2016:16:23:08 +0000] "GET /wp-includes/images/smilies/icon_wink.gif HTTP/1.1" 200 452 "http://52.31.166.88/" "Mozilla/5.0 (X11; Linux x86_64; rv:43.0) Gecko/20100101 Firefox/43.0 Iceweasel/43.0.4"
79.97.107.76 - - [13/Apr/2016:16:23:08 +0000] "GET /wp-content/themes/nuntius/images/bg-container.png HTTP/1.1" 200 384 "http://52.31.166.88/wp-content/themes/nuntius/style.css?ver=4.0.10" "Mozilla/5.0 (X11; Linux x86_64; rv:43.0) Gecko/20100101 Firefox/43.0 Iceweasel/43.0.4"
79.97.107.76 - - [13/Apr/2016:16:23:08 +0000] "GET /wp-content/themes/nuntius/images/primary-menu-current.png HTTP/1.1" 200 393 "http://52.31.166.88/wp-content/themes/nuntius/style.css?ver=4.0.10" "Mozilla/5.0 (X11; Linux x86_64; rv:43.0) Gecko/20100101 Firefox/43.0 Iceweasel/43.0.4"
79.97.107.76 - - [13/Apr/2016:16:23:08 +0000] "GET /wp-content/themes/nuntius/images/breadcrumb-sep-ltr.png HTTP/1.1" 200 382 "http://52.31.166.88/wp-content/themes/nuntius/style.css?ver=4.0.10" "Mozilla/5.0 (X11; Linux x86_64; rv:43.0) Gecko/20100101 Firefox/43.0 Iceweasel/43.0.4"
79.97.107.76 - - [13/Apr/2016:16:23:08 +0000] "GET /wp-content/themes/nuntius/images/bg-sidebar-search-form.png HTTP/1.1" 200 523 "http://52.31.166.88/wp-content/themes/nuntius/style.css?ver=4.0.10" "Mozilla/5.0 (X11; Linux x86_64; rv:43.0) Gecko/20100101 Firefox/43.0 Iceweasel/43.0.4"
79.97.107.76 - - [13/Apr/2016:16:23:08 +0000] "GET /favicon.ico HTTP/1.1" 404 501 "-" "Mozilla/5.0 (X11; Linux x86_64; rv:43.0) Gecko/20100101 Firefox/43.0 Iceweasel/43.0.4"
52.31.166.88 - - [13/Apr/2016:16:23:08 +0000] "POST /wp-cron.php?doing_wp_cron=1460564588.0903310775756835937500 HTTP/1.0" 200 187 "-" "WordPress/4.0.10; http://52.31.166.88"
::1 - - [13/Apr/2016:16:23:14 +0000] "OPTIONS * HTTP/1.0" 200 125 "-" "Apache/2.4.7 (Ubuntu) PHP/5.5.9-1ubuntu4.14 (internal dummy connection)"
185.70.184.192 - - [13/Apr/2016:20:03:51 +0000] "GET / HTTP/1.1" 200 15606 "-" "Mozilla/5.0 (Windows; U; Windows NT 6.1; en-US; rv:1.9.2.16) Gecko/20110319 Firefox/40"
201.183.238.186 - - [14/Apr/2016:00:06:23 +0000] "GET /manager/html HTTP/1.1" 404 503 "-" "Mozilla/4.0 (compatible; MSIE 8.0; Windows NT 5.2; Trident/4.0; .NET CLR 1.1.4322; .NET4.0C; .NET4.0E; .NET CLR 2.0.50727; .NET CLR 3.0.4506.2152; .NET CLR 3.5.30729)"
74.142.144.19 - - [14/Apr/2016:01:07:42 +0000] "GET / HTTP/1.1" 200 15606 "-" "curl/7.29.0"
52.31.166.88 - - [14/Apr/2016:01:07:42 +0000] "POST /wp-cron.php?doing_wp_cron=1460596062.7838399410247802734375 HTTP/1.0" 200 187 "-" "WordPress/4.0.10; http://52.31.166.88"
101.251.229.131 - - [14/Apr/2016:01:16:20 +0000] "GET /manager/html HTTP/1.1" 404 447 "-" "Mozilla/3.0 (compatible; Indy Library)"
5.39.222.159 - - [14/Apr/2016:01:52:41 +0000] "GET / HTTP/1.1" 200 15606 "-" "Mozilla/5.0 zgrab/0.x"
123.59.59.52 - - [14/Apr/2016:06:45:22 +0000] "GET http://www.mafengwo.cn/ HTTP/1.1" 301 316 "-" "Mozilla/5.0 (Windows NT 6.1; WOW64; rv:29.0) Gecko/20100101 Firefox/29.0"
123.59.59.52 - - [14/Apr/2016:06:45:23 +0000] "GET http://www.mafengwo.cnhttp/www.mafengwo.cn/ HTTP/1.1" 404 477 "-" "Mozilla/5.0 (Windows NT 6.1; WOW64; rv:29.0) Gecko/20100101 Firefox/29.0"
101.251.229.131 - - [14/Apr/2016:09:31:20 +0000] "GET /manager/html HTTP/1.1" 404 447 "-" "Mozilla/5.0 (compatible; MSIE 10.0; Windows NT 6.2; WOW64; Trident/6.0)"
150.70.173.42 - - [14/Apr/2016:10:52:42 +0000] "GET / HTTP/1.1" 200 15606 "-" "Mozilla/4.0 (compatible; MSIE 8.0; Windows NT 5.1; Trident/4.0)"
37.233.101.128 - - [14/Apr/2016:13:50:55 +0000] "GET http://testp1.piwo.pila.pl/testproxy.php HTTP/1.1" 404 455 "-" "Mozilla/5.0 (Windows NT 5.1; rv:32.0) Gecko/20100101 Firefox/31.0"
128.232.110.28 - - [14/Apr/2016:14:28:35 +0000] "GET / HTTP/1.1" 301 274 "-" "Go http package"
52.31.166.88 - - [14/Apr/2016:14:28:35 +0000] "POST /wp-cron.php?doing_wp_cron=1460644115.7323620319366455078125 HTTP/1.0" 200 187 "-" "WordPress/4.0.10; http://52.31.166.88"
101.251.229.131 - - [14/Apr/2016:15:00:15 +0000] "GET /manager/html HTTP/1.1" 404 447 "-" "Mozilla/5.0 (compatible; MSIE 10.0; Windows NT 6.2; WOW64; Trident/6.0)"
180.97.106.37 - - [14/Apr/2016:18:17:05 +0000] "GET http://www.baidu.com/robots.txt HTTP/1.1" 404 446 "-" "-"
92.51.138.14 - - [14/Apr/2016:19:05:57 +0000] "GET http://vip-socks24.blogspot.ru/ HTTP/1.1" 301 313 "-" "Mozilla/4.0 (compatible; MSIE 4.01; Windows 95)"
81.223.49.99 - - [15/Apr/2016:07:11:55 +0000] "HEAD / HTTP/1.0" 200 227 "-" "-"
52.31.166.88 - - [15/Apr/2016:07:11:55 +0000] "POST /wp-cron.php?doing_wp_cron=1460704315.9720909595489501953125 HTTP/1.0" 200 187 "-" "WordPress/4.0.10; http://52.31.166.88"
54.206.118.10 - - [15/Apr/2016:08:34:02 +0000] "GET / HTTP/1.0" 301 293 "-" "-"
54.206.118.10 - - [15/Apr/2016:08:34:59 +0000] "GET /administrator/manifests/libraries/joomla.xml HTTP/1.1" 404 498 "-" "Mozilla/5.0 (Windows NT 6.3; WOW64) AppleWebKit/537.36 (KHTML, like Gecko) Chrome/47.0.2526.111 Safari/537.36"
169.229.3.91 - - [15/Apr/2016:09:15:13 +0000] "\"\xadG&\xf7PE\xf7\x86\xe2\xd1\xa1\xddR\xb8\xd9\xe7\x85\xac\x99\xc8\x8cr\xc0\xd6f\x9b-w" 200 15327 "-" "-"
91.196.50.33 - - [15/Apr/2016:19:20:09 +0000] "GET http://testp3.pospr.waw.pl/testproxy.php HTTP/1.1" 404 455 "-" "Mozilla/5.0 (Windows NT 5.1; rv:32.0) Gecko/20100101 Firefox/31.0"
91.196.50.33 - - [15/Apr/2016:20:28:04 +0000] "GET http://testp5.mielno.lubin.pl/testproxy.php HTTP/1.1" 404 458 "-" "Mozilla/5.0 (Windows NT 5.1; rv:32.0) Gecko/20100101 Firefox/31.0"
185.93.185.252 - - [15/Apr/2016:23:33:38 +0000] "GET / HTTP/1.1" 200 15625 "-" "Research scan, mail networkresearch@yandex.ru"
52.31.166.88 - - [15/Apr/2016:23:33:38 +0000] "POST /wp-cron.php?doing_wp_cron=1460763218.1555950641632080078125 HTTP/1.0" 200 187 "-" "WordPress/4.0.10; http://52.31.166.88"
89.248.172.201 - - [16/Apr/2016:02:06:02 +0000] "GET / HTTP/1.1" 200 15606 "-" "-"
52.31.166.88 - - [16/Apr/2016:02:06:02 +0000] "POST /wp-cron.php?doing_wp_cron=1460772362.8177480697631835937500 HTTP/1.0" 200 187 "-" "WordPress/4.0.10; http://52.31.166.88"
92.222.246.137 - - [16/Apr/2016:10:50:21 +0000] "GET /xmlrpc.php HTTP/1.1" 200 268 "-" "-"
92.222.246.137 - - [16/Apr/2016:10:50:21 +0000] "GET /feed/ HTTP/1.1" 404 440 "-" "-"
185.106.92.47 - - [16/Apr/2016:15:37:49 +0000] "GET /muieblackcat HTTP/1.1" 404 466 "-" "-"
185.106.92.47 - - [16/Apr/2016:15:37:49 +0000] "GET //phpMyAdmin/scripts/setup.php HTTP/1.1" 404 482 "-" "-"
185.106.92.47 - - [16/Apr/2016:15:37:49 +0000] "GET //phpmyadmin/scripts/setup.php HTTP/1.1" 404 482 "-" "-"
185.106.92.47 - - [16/Apr/2016:15:37:49 +0000] "GET //pma/scripts/setup.php HTTP/1.1" 404 475 "-" "-"
185.103.252.98 - - [17/Apr/2016:00:46:01 +0000] "GET //phpMyAdmin/scripts/setup.php HTTP/1.1" 404 482 "-" "-"
185.103.252.98 - - [17/Apr/2016:00:46:04 +0000] "GET //pma/scripts/setup.php HTTP/1.1" 404 475 "-" "-"
185.25.151.159 - - [17/Apr/2016:04:39:44 +0000] "GET http://testp5.mielno.lubin.pl/testproxy.php HTTP/1.1" 404 458 "-" "Mozilla/5.0 (Windows NT 5.1; rv:32.0) Gecko/20100101 Firefox/31.0"
::1 - - [17/Apr/2016:06:29:03 +0000] "OPTIONS * HTTP/1.0" 200 125 "-" "Apache/2.4.7 (Ubuntu) PHP/5.5.9-1ubuntu4.14 (internal dummy connection)"
141.212.122.81 - - [03/Apr/2016:08:12:23 +0000] "GET /x HTTP/1.1" 400 0 "-" "Telesphoreo"
66.249.93.152 - - [03/Apr/2016:11:32:38 +0000] "GET / HTTP/1.1" 200 5889 "-" "Mozilla/5.0 (X11; Linux x86_64) AppleWebKit/537.36 (KHTML, like Gecko) Chrome/49.0.2623.75 Safari/537.36 Google Favicon"
66.249.93.155 - - [03/Apr/2016:11:32:38 +0000] "GET /favicon.ico HTTP/1.1" 404 502 "-" "Mozilla/5.0 (X11; Linux x86_64) AppleWebKit/537.36 (KHTML, like Gecko) Chrome/49.0.2623.75 Safari/537.36 Google Favicon"
52.31.166.88 - - [03/Apr/2016:11:32:38 +0000] "POST /wp-cron.php?doing_wp_cron=1459683158.5977520942687988281250 HTTP/1.0" 200 187 "-" "WordPress/4.0.10; http://52.31.166.88"
107.170.23.65 - - [03/Apr/2016:16:14:21 +0000] "GET / HTTP/1.0" 301 293 "-" "-"
107.170.23.65 - - [03/Apr/2016:16:14:23 +0000] "GET / HTTP/1.1" 301 293 "-" "Mozilla/5.0 (Windows NT 10.0; WOW64; rv:43.0) Gecko/20100101 Firefox/43.0"
107.170.23.65 - - [03/Apr/2016:16:14:24 +0000] "GET / HTTP/1.1" 200 5852 "http://52.31.166.88:80/" "Go-http-client/1.1"
52.31.166.88 - - [03/Apr/2016:16:14:21 +0000] "POST /wp-cron.php?doing_wp_cron=1459700061.3970720767974853515625 HTTP/1.0" 200 187 "-" "WordPress/4.0.10; http://52.31.166.88"
107.170.23.65 - - [03/Apr/2016:16:14:26 +0000] "GET /CHANGELOG.txt HTTP/1.1" 404 467 "-" "Mozilla/5.0 (Windows NT 10.0; WOW64; rv:43.0) Gecko/20100101 Firefox/43.0"
107.170.23.65 - - [03/Apr/2016:16:14:27 +0000] "GET /joomla.xml HTTP/1.1" 404 464 "-" "Mozilla/5.0 (Windows NT 6.3; WOW64) AppleWebKit/537.36 (KHTML, like Gecko) Chrome/48.0.2564.109 Safari/537.36"
107.170.23.65 - - [03/Apr/2016:16:14:29 +0000] "GET /administrator/manifests/libraries/joomla.xml HTTP/1.1" 404 498 "-" "Mozilla/5.0 (Windows NT 6.3; WOW64) AppleWebKit/537.36 (KHTML, like Gecko) Chrome/48.0.2564.109 Safari/537.36"
107.170.23.65 - - [03/Apr/2016:16:14:31 +0000] "GET / HTTP/1.1" 301 293 "-" "Mozilla/5.0 (Windows NT 6.1; WOW64; rv:44.0) Gecko/20100101 Firefox/44.0"
107.170.23.65 - - [03/Apr/2016:16:14:32 +0000] "GET / HTTP/1.1" 200 5852 "http://52.31.166.88:80" "Go-http-client/1.1"
185.25.151.159 - - [03/Apr/2016:17:13:08 +0000] "GET http://testp3.pospr.waw.pl/testproxy.php HTTP/1.1" 404 455 "-" "Mozilla/5.0 (Windows NT 5.1; rv:32.0) Gecko/20100101 Firefox/31.0"
89.248.160.136 - - [04/Apr/2016:02:41:29 +0000] "GET / HTTP/1.1" 200 15606 "-" "-"
52.31.166.88 - - [04/Apr/2016:02:41:29 +0000] "POST /wp-cron.php?doing_wp_cron=1459737689.3033790588378906250000 HTTP/1.0" 200 187 "-" "WordPress/4.0.10; http://52.31.166.88"
185.25.148.240 - - [04/Apr/2016:08:40:16 +0000] "GET http://testp1.piwo.pila.pl/testproxy.php HTTP/1.1" 404 455 "-" "Mozilla/5.0 (Windows NT 5.1; rv:32.0) Gecko/20100101 Firefox/31.0"
66.249.93.158 - - [04/Apr/2016:09:10:25 +0000] "GET /favicon.ico HTTP/1.1" 404 502 "-" "Mozilla/5.0 (X11; Linux x86_64) AppleWebKit/537.36 (KHTML, like Gecko) Chrome/49.0.2623.75 Safari/537.36 Google Favicon"
89.248.160.136 - - [04/Apr/2016:09:37:33 +0000] "GET / HTTP/1.1" 200 15606 "-" "-"
94.185.83.100 - - [04/Apr/2016:09:59:56 +0000] "GET http://testp5.mielno.lubin.pl/testproxy.php HTTP/1.1" 404 458 "-" "Mozilla/5.0 (Windows NT 5.1; rv:32.0) Gecko/20100101 Firefox/31.0"
107.150.46.38 - - [04/Apr/2016:14:34:28 +0000] "GET / HTTP/1.1" 200 15606 "-" "Mozilla/4.0 (compatible; MSIE 8.0; Windows NT 6.1; Trident/4.0; SLCC2; .NET CLR 2.0.50727; .NET CLR 3.5.30729; .NET CLR 3.0.30729; Media Center PC 6.0)"
52.31.166.88 - - [04/Apr/2016:14:34:28 +0000] "POST /wp-cron.php?doing_wp_cron=1459780468.0092549324035644531250 HTTP/1.0" 200 187 "-" "WordPress/4.0.10; http://52.31.166.88"
74.91.20.194 - - [04/Apr/2016:15:08:29 +0000] "GET / HTTP/1.1" 200 15606 "-" "Mozilla/4.0 (compatible; MSIE 8.0; Windows NT 6.1; Trident/4.0; SLCC2; .NET CLR 2.0.50727; .NET CLR 3.5.30729; .NET CLR 3.0.30729; Media Center PC 6.0)"
66.249.93.152 - - [04/Apr/2016:15:54:06 +0000] "GET / HTTP/1.1" 200 5889 "-" "Mozilla/5.0 (X11; Linux x86_64) AppleWebKit/537.36 (KHTML, like Gecko) Chrome/49.0.2623.75 Safari/537.36 Google Favicon"
23.253.62.189 - - [04/Apr/2016:22:50:46 +0000] "GET / HTTP/1.0" 301 293 "-" "-"
52.31.166.88 - - [04/Apr/2016:22:50:46 +0000] "POST /wp-cron.php?doing_wp_cron=1459810246.9630279541015625000000 HTTP/1.0" 200 187 "-" "WordPress/4.0.10; http://52.31.166.88"
23.253.62.189 - - [04/Apr/2016:22:50:55 +0000] "GET / HTTP/1.1" 301 293 "-" "Mozilla/5.0 (Macintosh; Intel Mac OS X 10_11_2) AppleWebKit/601.3.9 (KHTML, like Gecko) Version/9.0.2 Safari/601.3.9"
23.253.62.189 - - [04/Apr/2016:22:51:04 +0000] "GET / HTTP/1.1" 200 5852 "http://52.31.166.88:80/" "Go-http-client/1.1"
23.253.62.189 - - [04/Apr/2016:22:51:12 +0000] "GET /CHANGELOG.txt HTTP/1.1" 404 467 "-" "Mozilla/5.0 (Macintosh; Intel Mac OS X 10_11_2) AppleWebKit/601.3.9 (KHTML, like Gecko) Version/9.0.2 Safari/601.3.9"
23.253.62.189 - - [04/Apr/2016:22:51:21 +0000] "GET /joomla.xml HTTP/1.1" 404 464 "-" "Mozilla/5.0 (Windows NT 10.0; WOW64; rv:43.0) Gecko/20100101 Firefox/43.0"
23.253.62.189 - - [04/Apr/2016:22:51:30 +0000] "GET /administrator/manifests/libraries/joomla.xml HTTP/1.1" 404 498 "-" "Mozilla/5.0 (Windows NT 10.0; WOW64; rv:43.0) Gecko/20100101 Firefox/43.0"
23.253.62.189 - - [04/Apr/2016:22:51:39 +0000] "GET / HTTP/1.1" 301 293 "-" "Mozilla/5.0 (Windows NT 10.0; WOW64) AppleWebKit/537.36 (KHTML, like Gecko) Chrome/47.0.2526.111 Safari/537.36"
23.253.62.189 - - [04/Apr/2016:22:51:48 +0000] "GET / HTTP/1.1" 200 5852 "http://52.31.166.88:80" "Go-http-client/1.1"
185.25.151.159 - - [04/Apr/2016:23:45:50 +0000] "GET http://testp1.piwo.pila.pl/testproxy.php HTTP/1.1" 404 455 "-" "Mozilla/5.0 (Windows NT 5.1; rv:32.0) Gecko/20100101 Firefox/31.0"
89.248.160.136 - - [05/Apr/2016:00:02:04 +0000] "GET / HTTP/1.1" 200 15606 "-" "-"
185.112.102.170 - - [05/Apr/2016:02:20:35 +0000] "HEAD / HTTP/1.1" 200 208 "-" "curl/7.38.0"
52.31.166.88 - - [05/Apr/2016:02:20:35 +0000] "POST /wp-cron.php?doing_wp_cron=1459822835.1150429248809814453125 HTTP/1.0" 200 187 "-" "WordPress/4.0.10; http://52.31.166.88"
66.249.93.152 - - [05/Apr/2016:05:46:42 +0000] "GET /favicon.ico HTTP/1.1" 404 502 "-" "Mozilla/5.0 (X11; Linux x86_64) AppleWebKit/537.36 (KHTML, like Gecko) Chrome/49.0.2623.75 Safari/537.36 Google Favicon"
64.16.209.152 - - [05/Apr/2016:06:47:38 +0000] "GET /phpmyadmin/scripts/setup.php HTTP/1.0" 404 512 "-" "-"
169.229.3.91 - - [05/Apr/2016:12:20:48 +0000] "E\x97\x04\xec\x8dR\x16\xd4\xd5\xce\xd4\t\xbah\xfb\x13\xbb?<\t\xf1\x1d\x1cK\xda>\x1d\xdb\xce9B\x8a.\t\xd8\x8b\x19\x07\x96\xbf\x15v?\xad6\xe5\x142\xfa\xfdjZ\xb7\x93\xe1_\rQ\xccA\xf2" 400 0 "-" "-"
141.212.122.193 - - [05/Apr/2016:14:06:57 +0000] "GET / HTTP/1.1" 301 274 "-" "Go http package"
141.212.122.193 - - [05/Apr/2016:14:06:57 +0000] "GET / HTTP/1.1" 200 5833 "http://52.31.166.88:80" "Go http package"
52.31.166.88 - - [05/Apr/2016:14:06:57 +0000] "POST /wp-cron.php?doing_wp_cron=1459865217.2887709140777587890625 HTTP/1.0" 200 187 "-" "WordPress/4.0.10; http://52.31.166.88"
185.25.151.159 - - [05/Apr/2016:16:58:32 +0000] "GET http://testp1.piwo.pila.pl/testproxy.php HTTP/1.1" 404 455 "-" "Mozilla/5.0 (Windows NT 5.1; rv:32.0) Gecko/20100101 Firefox/31.0"
37.233.101.128 - - [05/Apr/2016:19:41:52 +0000] "GET http://testp5.mielno.lubin.pl/testproxy.php HTTP/1.1" 404 458 "-" "Mozilla/5.0 (Windows NT 5.1; rv:32.0) Gecko/20100101 Firefox/31.0"
185.112.102.170 - - [05/Apr/2016:20:10:16 +0000] "HEAD / HTTP/1.1" 200 208 "-" "curl/7.38.0"
66.249.93.152 - - [06/Apr/2016:00:08:10 +0000] "GET / HTTP/1.1" 200 5889 "-" "Mozilla/5.0 (X11; Linux x86_64) AppleWebKit/537.36 (KHTML, like Gecko) Chrome/49.0.2623.75 Safari/537.36 Google Favicon"
66.249.93.158 - - [06/Apr/2016:00:08:11 +0000] "GET /favicon.ico HTTP/1.1" 404 502 "-" "Mozilla/5.0 (X11; Linux x86_64) AppleWebKit/537.36 (KHTML, like Gecko) Chrome/49.0.2623.75 Safari/537.36 Google Favicon"
190.81.110.146 - - [06/Apr/2016:00:17:55 +0000] "GET / HTTP/1.0" 301 293 "-" "-"
190.81.110.146 - - [06/Apr/2016:00:18:11 +0000] "GET /administrator/manifests/libraries/joomla.xml HTTP/1.1" 404 498 "-" "Mozilla/5.0 (X11; Linux x86_64) AppleWebKit/537.36 (KHTML, like Gecko) Chrome/48.0.2564.109 Safari/537.36"
185.25.151.159 - - [06/Apr/2016:04:32:11 +0000] "GET http://testp1.piwo.pila.pl/testproxy.php HTTP/1.1" 404 455 "-" "Mozilla/5.0 (Windows NT 5.1; rv:32.0) Gecko/20100101 Firefox/31.0"
115.144.166.146 - - [06/Apr/2016:08:27:04 +0000] "GET /script HTTP/1.1" 404 441 "http://52.31.166.88:80/script" "Mozilla/4.0 (compatible; MSIE 9.0; Windows NT 6.1)"
107.150.32.59 - - [06/Apr/2016:11:58:52 +0000] "GET / HTTP/1.1" 200 15606 "-" "Mozilla/4.0 (compatible; MSIE 8.0; Windows NT 6.1; Trident/4.0; SLCC2; .NET CLR 2.0.50727; .NET CLR 3.5.30729; .NET CLR 3.0.30729; Media Center PC 6.0)"
52.31.166.88 - - [06/Apr/2016:11:58:52 +0000] "POST /wp-cron.php?doing_wp_cron=1459943932.1493749618530273437500 HTTP/1.0" 200 187 "-" "WordPress/4.0.10; http://52.31.166.88"
180.97.106.37 - - [06/Apr/2016:13:50:45 +0000] "GET /statics/house5-style1/sea/js/sea.js HTTP/1.1" 404 470 "-" "-"
222.186.129.230 - - [06/Apr/2016:15:09:29 +0000] "GET /script HTTP/1.1" 404 441 "http://52.31.166.88:80/script" "Mozilla/4.0 (compatible; MSIE 9.0; Windows NT 6.1)"
66.249.93.155 - - [06/Apr/2016:16:41:50 +0000] "GET /favicon.ico HTTP/1.1" 404 502 "-" "Mozilla/5.0 (X11; Linux x86_64) AppleWebKit/537.36 (KHTML, like Gecko) Chrome/49.0.2623.75 Safari/537.36 Google Favicon"
69.30.198.146 - - [06/Apr/2016:17:56:05 +0000] "GET / HTTP/1.1" 200 15606 "-" "Mozilla/4.0 (compatible; MSIE 8.0; Windows NT 6.1; Trident/4.0; SLCC2; .NET CLR 2.0.50727; .NET CLR 3.5.30729; .NET CLR 3.0.30729; Media Center PC 6.0)"
52.31.166.88 - - [06/Apr/2016:17:56:05 +0000] "POST /wp-cron.php?doing_wp_cron=1459965365.6024439334869384765625 HTTP/1.0" 200 187 "-" "WordPress/4.0.10; http://52.31.166.88"
46.17.92.251 - - [06/Apr/2016:18:09:55 +0000] "GET / HTTP/1.0" 301 293 "-" "-"
46.17.92.251 - - [06/Apr/2016:18:10:10 +0000] "GET / HTTP/1.1" 301 293 "-" "Mozilla/5.0 (Macintosh; Intel Mac OS X 10_10_5) AppleWebKit/537.36 (KHTML, like Gecko) Chrome/48.0.2564.109 Safari/537.36"
46.17.92.251 - - [06/Apr/2016:18:10:25 +0000] "GET / HTTP/1.1" 200 5852 "http://52.31.166.88:80/" "Go-http-client/1.1"
46.17.92.251 - - [06/Apr/2016:18:10:40 +0000] "GET /CHANGELOG.txt HTTP/1.1" 404 467 "-" "Mozilla/5.0 (Macintosh; Intel Mac OS X 10_10_5) AppleWebKit/537.36 (KHTML, like Gecko) Chrome/48.0.2564.109 Safari/537.36"
46.17.92.251 - - [06/Apr/2016:18:10:54 +0000] "GET /joomla.xml HTTP/1.1" 404 464 "-" "Mozilla/5.0 (Windows NT 6.3; WOW64; rv:43.0) Gecko/20100101 Firefox/43.0"
46.17.92.251 - - [06/Apr/2016:18:11:09 +0000] "GET /administrator/manifests/libraries/joomla.xml HTTP/1.1" 404 498 "-" "Mozilla/5.0 (Windows NT 6.3; WOW64; rv:43.0) Gecko/20100101 Firefox/43.0"
46.17.92.251 - - [06/Apr/2016:18:11:24 +0000] "GET / HTTP/1.1" 301 293 "-" "Mozilla/5.0 (Macintosh; Intel Mac OS X 10.11; rv:43.0) Gecko/20100101 Firefox/43.0"
46.17.92.251 - - [06/Apr/2016:18:11:38 +0000] "GET / HTTP/1.1" 200 5852 "http://52.31.166.88:80" "Go-http-client/1.1"
185.25.151.159 - - [06/Apr/2016:22:13:23 +0000] "GET http://testp1.piwo.pila.pl/testproxy.php HTTP/1.1" 404 455 "-" "Mozilla/5.0 (Windows NT 5.1; rv:32.0) Gecko/20100101 Firefox/31.0"
80.82.78.38 - - [06/Apr/2016:23:05:44 +0000] "GET http://www.baidu.com/cache/global/img/gs.gif HTTP/1.1" 404 459 "-" "Mozilla"
66.249.93.155 - - [07/Apr/2016:00:44:25 +0000] "GET / HTTP/1.1" 200 5889 "-" "Mozilla/5.0 (X11; Linux x86_64) AppleWebKit/537.36 (KHTML, like Gecko) Chrome/49.0.2623.75 Safari/537.36 Google Favicon"
52.31.166.88 - - [07/Apr/2016:00:44:25 +0000] "POST /wp-cron.php?doing_wp_cron=1459989865.4971880912780761718750 HTTP/1.0" 200 187 "-" "WordPress/4.0.10; http://52.31.166.88"
91.196.50.33 - - [07/Apr/2016:00:54:39 +0000] "GET http://testp5.mielno.lubin.pl/testproxy.php HTTP/1.1" 404 458 "-" "Mozilla/5.0 (Windows NT 5.1; rv:32.0) Gecko/20100101 Firefox/31.0"
45.79.200.35 - - [07/Apr/2016:06:22:53 +0000] "GET / HTTP/1.1" 200 5833 "-" "Mozilla/4.0 (compatible; MSIE 8.0; Windows NT 6.1; Trident/4.0; SLCC2; .NET CLR 2.0.50727; .NET CLR 3.5.30729; .NET CLR 3.0.30729; Media Center PC 6.0)"
66.240.213.93 - - [07/Apr/2016:08:16:30 +0000] "GET / HTTP/1.0" 200 6000 "-" "masscan/1.0 (https://github.com/robertdavidgraham/masscan)"
66.249.93.155 - - [07/Apr/2016:16:10:57 +0000] "GET /favicon.ico HTTP/1.1" 404 502 "-" "Mozilla/5.0 (X11; Linux x86_64) AppleWebKit/537.36 (KHTML, like Gecko) Chrome/49.0.2623.75 Safari/537.36 Google Favicon"
209.126.230.71 - - [07/Apr/2016:18:05:09 +0000] "HEAD /web-console/ServerInfo.jsp HTTP/1.1" 404 139 "-" "StatsInfo"
180.97.106.36 - - [07/Apr/2016:18:32:16 +0000] "GET http://www.baidu.com/robots.txt HTTP/1.1" 404 446 "-" "-"
107.150.32.59 - - [07/Apr/2016:18:38:46 +0000] "GET / HTTP/1.1" 200 15606 "-" "Mozilla/4.0 (compatible; MSIE 8.0; Windows NT 6.1; Trident/4.0; SLCC2; .NET CLR 2.0.50727; .NET CLR 3.5.30729; .NET CLR 3.0.30729; Media Center PC 6.0)"
52.31.166.88 - - [07/Apr/2016:18:38:46 +0000] "POST /wp-cron.php?doing_wp_cron=1460054326.5285689830780029296875 HTTP/1.0" 200 187 "-" "WordPress/4.0.10; http://52.31.166.88"
120.132.50.135 - - [07/Apr/2016:19:26:40 +0000] "GET http://www.ctrip.com/ HTTP/1.1" 301 312 "-" "Mozilla/5.0 (Windows NT 6.1; WOW64; rv:29.0) Gecko/20100101 Firefox/29.0"
120.132.50.135 - - [07/Apr/2016:19:26:40 +0000] "GET http://www.ctrip.comhttp/www.ctrip.com/ HTTP/1.1" 404 473 "-" "Mozilla/5.0 (Windows NT 6.1; WOW64; rv:29.0) Gecko/20100101 Firefox/29.0"
185.25.151.159 - - [08/Apr/2016:02:07:26 +0000] "GET http://testp1.piwo.pila.pl/testproxy.php HTTP/1.1" 404 455 "-" "Mozilla/5.0 (Windows NT 5.1; rv:32.0) Gecko/20100101 Firefox/31.0"
180.151.5.99 - - [08/Apr/2016:04:17:13 +0000] "GET / HTTP/1.1" 200 15625 "-" "-"
52.31.166.88 - - [08/Apr/2016:04:17:13 +0000] "POST /wp-cron.php?doing_wp_cron=1460089033.5502269268035888671875 HTTP/1.0" 200 187 "-" "WordPress/4.0.10; http://52.31.166.88"
40.76.83.187 - - [08/Apr/2016:04:18:23 +0000] "GET /muieblackcat HTTP/1.1" 404 466 "-" "-"
40.76.83.187 - - [08/Apr/2016:04:18:23 +0000] "GET //phpMyAdmin/scripts/setup.php HTTP/1.1" 404 482 "-" "-"
40.76.83.187 - - [08/Apr/2016:04:18:23 +0000] "GET //phpmyadmin/scripts/setup.php HTTP/1.1" 404 482 "-" "-"
40.76.83.187 - - [08/Apr/2016:04:18:24 +0000] "GET //pma/scripts/setup.php HTTP/1.1" 404 475 "-" "-"
40.76.83.187 - - [08/Apr/2016:04:18:24 +0000] "GET //myadmin/scripts/setup.php HTTP/1.1" 404 479 "-" "-"
40.76.83.187 - - [08/Apr/2016:04:18:24 +0000] "GET //MyAdmin/scripts/setup.php HTTP/1.1" 404 479 "-" "-"
40.76.83.187 - - [08/Apr/2016:04:24:29 +0000] "GET /muieblackcat HTTP/1.1" 404 466 "-" "-"
40.76.83.187 - - [08/Apr/2016:04:24:29 +0000] "GET //phpMyAdmin/scripts/setup.php HTTP/1.1" 404 482 "-" "-"
40.76.83.187 - - [08/Apr/2016:04:24:29 +0000] "GET //phpmyadmin/scripts/setup.php HTTP/1.1" 404 482 "-" "-"
40.76.83.187 - - [08/Apr/2016:04:24:29 +0000] "GET //pma/scripts/setup.php HTTP/1.1" 404 475 "-" "-"
40.76.83.187 - - [08/Apr/2016:04:24:29 +0000] "GET //myadmin/scripts/setup.php HTTP/1.1" 404 479 "-" "-"
40.76.83.187 - - [08/Apr/2016:04:24:30 +0000] "GET //MyAdmin/scripts/setup.php HTTP/1.1" 404 479 "-" "-"
40.76.83.187 - - [08/Apr/2016:04:46:19 +0000] "GET /muieblackcat HTTP/1.1" 404 466 "-" "-"
40.76.83.187 - - [08/Apr/2016:04:46:19 +0000] "GET //phpMyAdmin/scripts/setup.php HTTP/1.1" 404 482 "-" "-"
40.76.83.187 - - [08/Apr/2016:04:46:19 +0000] "GET //phpmyadmin/scripts/setup.php HTTP/1.1" 404 482 "-" "-"
40.76.83.187 - - [08/Apr/2016:04:46:20 +0000] "GET //pma/scripts/setup.php HTTP/1.1" 404 475 "-" "-"
40.76.83.187 - - [08/Apr/2016:04:46:20 +0000] "GET //myadmin/scripts/setup.php HTTP/1.1" 404 479 "-" "-"
40.76.83.187 - - [08/Apr/2016:04:46:20 +0000] "GET //MyAdmin/scripts/setup.php HTTP/1.1" 404 479 "-" "-"
40.76.83.187 - - [08/Apr/2016:05:12:29 +0000] "GET /muieblackcat HTTP/1.1" 404 466 "-" "-"
40.76.83.187 - - [08/Apr/2016:05:12:29 +0000] "GET //phpMyAdmin/scripts/setup.php HTTP/1.1" 404 482 "-" "-"
40.76.83.187 - - [08/Apr/2016:05:12:29 +0000] "GET //phpmyadmin/scripts/setup.php HTTP/1.1" 404 482 "-" "-"
40.76.83.187 - - [08/Apr/2016:05:12:30 +0000] "GET //pma/scripts/setup.php HTTP/1.1" 404 475 "-" "-"
40.76.83.187 - - [08/Apr/2016:05:12:30 +0000] "GET //myadmin/scripts/setup.php HTTP/1.1" 404 479 "-" "-"
40.76.83.187 - - [08/Apr/2016:05:12:30 +0000] "GET //MyAdmin/scripts/setup.php HTTP/1.1" 404 479 "-" "-"
185.25.151.159 - - [08/Apr/2016:06:00:02 +0000] "GET http://testp5.mielno.lubin.pl/testproxy.php HTTP/1.1" 404 458 "-" "Mozilla/5.0 (Windows NT 5.1; rv:32.0) Gecko/20100101 Firefox/31.0"
66.249.93.152 - - [08/Apr/2016:09:54:48 +0000] "GET / HTTP/1.1" 200 5889 "-" "Mozilla/5.0 (X11; Linux x86_64) AppleWebKit/537.36 (KHTML, like Gecko) Chrome/49.0.2623.75 Safari/537.36 Google Favicon"
66.249.93.158 - - [08/Apr/2016:09:54:48 +0000] "GET /favicon.ico HTTP/1.1" 404 502 "-" "Mozilla/5.0 (X11; Linux x86_64) AppleWebKit/537.36 (KHTML, like Gecko) Chrome/49.0.2623.75 Safari/537.36 Google Favicon"
54.153.33.233 - - [08/Apr/2016:15:15:30 +0000] "GET / HTTP/1.1" 200 15606 "-" "Mozilla/5.0 (Windows NT 6.1) AppleWebKit/537.36 (KHTML, like Gecko) Chrome/41.0.2228.0 Safari/537.36"
52.31.166.88 - - [08/Apr/2016:15:15:30 +0000] "POST /wp-cron.php?doing_wp_cron=1460128530.7062859535217285156250 HTTP/1.0" 200 187 "-" "WordPress/4.0.10; http://52.31.166.88"
66.249.93.155 - - [08/Apr/2016:20:22:37 +0000] "GET /favicon.ico HTTP/1.1" 404 502 "-" "Mozilla/5.0 (X11; Linux x86_64) AppleWebKit/537.36 (KHTML, like Gecko) Chrome/49.0.2623.75 Safari/537.36 Google Favicon"
185.25.148.240 - - [08/Apr/2016:21:19:44 +0000] "GET http://testp4.pospr.waw.pl/testproxy.php HTTP/1.1" 404 455 "-" "Mozilla/5.0 (Windows NT 5.1; rv:32.0) Gecko/20100101 Firefox/31.0"
66.249.93.152 - - [09/Apr/2016:04:33:34 +0000] "GET / HTTP/1.1" 200 5889 "-" "Mozilla/5.0 (X11; Linux x86_64) AppleWebKit/537.36 (KHTML, like Gecko) Chrome/49.0.2623.75 Safari/537.36 Google Favicon"
66.249.93.158 - - [09/Apr/2016:04:33:34 +0000] "GET /favicon.ico HTTP/1.1" 404 502 "-" "Mozilla/5.0 (X11; Linux x86_64) AppleWebKit/537.36 (KHTML, like Gecko) Chrome/49.0.2623.75 Safari/537.36 Google Favicon"
52.31.166.88 - - [09/Apr/2016:04:33:34 +0000] "POST /wp-cron.php?doing_wp_cron=1460176414.7172110080718994140625 HTTP/1.0" 200 187 "-" "WordPress/4.0.10; http://52.31.166.88"
202.168.154.112 - - [09/Apr/2016:08:15:11 +0000] "GET /contents/sports_sbobet_main.do HTTP/1.1" 400 0 "-" "-"
94.102.51.38 - - [09/Apr/2016:10:26:22 +0000] "GET / HTTP/1.0" 200 8100 "-" "Mozilla/5.0 (Windows NT 6.1; rv:31.0) Gecko/20100101 Firefox/31.0"
54.153.33.233 - - [09/Apr/2016:12:16:48 +0000] "GET / HTTP/1.1" 200 15606 "-" "Mozilla/5.0 (Windows NT 6.1) AppleWebKit/537.36 (KHTML, like Gecko) Chrome/41.0.2228.0 Safari/537.36"
185.25.148.240 - - [09/Apr/2016:12:43:06 +0000] "GET http://testp4.pospr.waw.pl/testproxy.php HTTP/1.1" 404 455 "-" "Mozilla/5.0 (Windows NT 5.1; rv:32.0) Gecko/20100101 Firefox/31.0"
52.11.8.57 - - [09/Apr/2016:13:07:18 +0000] "HEAD / HTTP/1.0" 200 227 "-" "-"
52.31.166.88 - - [09/Apr/2016:13:07:18 +0000] "POST /wp-cron.php?doing_wp_cron=1460207238.6287460327148437500000 HTTP/1.0" 200 187 "-" "WordPress/4.0.10; http://52.31.166.88"
52.31.166.88 - - [09/Apr/2016:19:03:00 +0000] "POST /wp-cron.php?doing_wp_cron=1460228580.2427630424499511718750 HTTP/1.0" 200 187 "-" "WordPress/4.0.10; http://52.31.166.88"
