127.0.0.1 - - [08/May/2016:07:06:53 +0000] "GET / HTTP/1.1" 200 15625 "-" "Mozilla/5.0 (Windows NT 6.1; rv:31.0) Gecko/20100101 Firefox/31.0"
127.0.0.1 - - [08/May/2016:08:06:57 +0000] "GET / HTTP/1.1" 200 15625 "-" "Mozilla/5.0 (Windows NT 6.1; rv:31.0) Gecko/20100101 Firefox/31.0"
127.0.0.1 - - [08/May/2016:11:07:00 +0000] "GET / HTTP/1.1" 200 15625 "-" "Mozilla/5.0 (Windows NT 6.1; rv:31.0) Gecko/20100101 Firefox/31.0"
91.196.50.33 - - [08/May/2016:11:33:30 +0000] "GET http://testp3.pospr.waw.pl/testproxy.php HTTP/1.1" 404 455 "-" "Mozilla/5.0 (Windows NT 5.1; rv:32.0) Gecko/20100101 Firefox/31.0"
127.0.0.1 - - [08/May/2016:12:06:57 +0000] "GET / HTTP/1.1" 200 15625 "-" "Mozilla/5.0 (Windows NT 6.1; rv:31.0) Gecko/20100101 Firefox/31.0"
141.212.122.81 - - [08/May/2016:17:36:17 +0000] "GET /x HTTP/1.1" 400 0 "-" "Telesphoreo"
127.0.0.1 - - [08/May/2016:18:07:00 +0000] "GET / HTTP/1.1" 200 15625 "-" "Mozilla/5.0 (Windows NT 6.1; rv:31.0) Gecko/20100101 Firefox/31.0"
52.31.166.88 - - [08/May/2016:18:07:00 +0000] "POST /wp-cron.php?doing_wp_cron=1462730820.4182970523834228515625 HTTP/1.0" 200 187 "-" "WordPress/4.0.11; http://52.31.166.88"
91.195.53.13 - - [08/May/2016:19:29:32 +0000] "GET / HTTP/1.1" 200 15625 "-" "Mozilla/5.0 (X11; Linux x86_64) AppleWebKit/537.36 (KHTML, like Gecko) Chrome/49.0.2623.87 Safari/537.36"
127.0.0.1 - - [08/May/2016:20:07:08 +0000] "GET / HTTP/1.1" 200 15625 "-" "Mozilla/5.0 (Windows NT 6.1; rv:31.0) Gecko/20100101 Firefox/31.0"
89.248.174.4 - - [08/May/2016:22:50:56 +0000] "GET /xmlrpc.php HTTP/1.1" 200 212 "-" "-"
91.195.53.13 - - [09/May/2016:01:00:58 +0000] "GET / HTTP/1.1" 200 15625 "-" "Mozilla/5.0 (X11; Linux x86_64) AppleWebKit/537.36 (KHTML, like Gecko) Chrome/49.0.2623.87 Safari/537.36"
52.31.166.88 - - [09/May/2016:01:00:58 +0000] "POST /wp-cron.php?doing_wp_cron=1462755658.2305641174316406250000 HTTP/1.0" 200 187 "-" "WordPress/4.0.11; http://52.31.166.88"
127.0.0.1 - - [09/May/2016:02:07:11 +0000] "GET / HTTP/1.1" 200 15625 "-" "Mozilla/5.0 (Windows NT 6.1; rv:31.0) Gecko/20100101 Firefox/31.0"
127.0.0.1 - - [09/May/2016:03:07:02 +0000] "GET / HTTP/1.1" 200 15625 "-" "Mozilla/5.0 (Windows NT 6.1; rv:31.0) Gecko/20100101 Firefox/31.0"
127.0.0.1 - - [09/May/2016:05:07:05 +0000] "GET / HTTP/1.1" 200 15625 "-" "Mozilla/5.0 (Windows NT 6.1; rv:31.0) Gecko/20100101 Firefox/31.0"
91.196.50.33 - - [09/May/2016:05:27:10 +0000] "GET http://testp3.pospr.waw.pl/testproxy.php HTTP/1.1" 404 455 "-" "Mozilla/5.0 (Windows NT 5.1; rv:32.0) Gecko/20100101 Firefox/31.0"
127.0.0.1 - - [09/May/2016:05:56:40 +0000] "GET / HTTP/1.1" 200 5852 "-" "Scrapy/1.0.5 (+http://scrapy.org)"
127.0.0.1 - - [09/May/2016:08:20:11 +0000] "GET / HTTP/1.1" 200 15625 "-" "Mozilla/5.0 (Windows NT 6.1; rv:31.0) Gecko/20100101 Firefox/31.0"
91.196.50.33 - - [09/May/2016:10:34:12 +0000] "GET http://testp4.pospr.waw.pl/testproxy.php HTTP/1.1" 404 455 "-" "Mozilla/5.0 (Windows NT 5.1; rv:32.0) Gecko/20100101 Firefox/31.0"
169.54.233.118 - - [09/May/2016:10:41:32 +0000] "GET / HTTP/1.1" 200 15606 "-" "-"
185.49.14.190 - - [09/May/2016:10:48:59 +0000] "GET http://testp4.pospr.waw.pl/testproxy.php HTTP/1.1" 404 455 "-" "Mozilla/5.0 (Windows NT 5.1; rv:32.0) Gecko/20100101 Firefox/31.0"
80.82.78.38 - - [09/May/2016:11:02:16 +0000] "GET http://www.baidu.com/cache/global/img/gs.gif HTTP/1.1" 404 459 "-" "Mozilla"
127.0.0.1 - - [09/May/2016:11:07:10 +0000] "GET / HTTP/1.1" 200 15625 "-" "Mozilla/5.0 (Windows NT 6.1; rv:31.0) Gecko/20100101 Firefox/31.0"
127.0.0.1 - - [09/May/2016:14:07:15 +0000] "GET / HTTP/1.1" 200 15625 "-" "Mozilla/5.0 (Windows NT 6.1; rv:31.0) Gecko/20100101 Firefox/31.0"
52.31.166.88 - - [09/May/2016:14:07:15 +0000] "POST /wp-cron.php?doing_wp_cron=1462802835.4207990169525146484375 HTTP/1.0" 200 187 "-" "WordPress/4.0.11; http://52.31.166.88"
185.103.252.170 - - [09/May/2016:14:07:58 +0000] "GET /feed/ HTTP/1.1" 404 440 "-" "-"
127.0.0.1 - - [09/May/2016:23:08:01 +0000] "GET / HTTP/1.1" 200 15625 "-" "Mozilla/5.0 (Windows NT 6.1; rv:31.0) Gecko/20100101 Firefox/31.0"
127.0.0.1 - - [10/May/2016:02:08:05 +0000] "GET / HTTP/1.1" 200 15625 "-" "Mozilla/5.0 (Windows NT 6.1; rv:31.0) Gecko/20100101 Firefox/31.0"
52.31.166.88 - - [10/May/2016:02:08:05 +0000] "POST /wp-cron.php?doing_wp_cron=1462846085.7827970981597900390625 HTTP/1.0" 200 187 "-" "WordPress/4.0.11; http://52.31.166.88"
127.0.0.1 - - [10/May/2016:05:08:05 +0000] "GET / HTTP/1.1" 200 15625 "-" "Mozilla/5.0 (Windows NT 6.1; rv:31.0) Gecko/20100101 Firefox/31.0"
127.0.0.1 - - [10/May/2016:08:08:05 +0000] "GET / HTTP/1.1" 200 15625 "-" "Mozilla/5.0 (Windows NT 6.1; rv:31.0) Gecko/20100101 Firefox/31.0"
91.196.50.33 - - [10/May/2016:10:10:55 +0000] "GET http://testp3.pospr.waw.pl/testproxy.php HTTP/1.1" 404 455 "-" "Mozilla/5.0 (Windows NT 5.1; rv:32.0) Gecko/20100101 Firefox/31.0"
127.0.0.1 - - [10/May/2016:11:01:08 +0000] "GET / HTTP/1.1" 200 15625 "-" "Mozilla/5.0 (Windows NT 6.1; rv:31.0) Gecko/20100101 Firefox/31.0"
54.159.52.252 - - [10/May/2016:11:26:52 +0000] "GET / HTTP/1.1" 200 15625 "-" "Mozilla/4.0 (compatible; MSIE 6.0; Windows NT 5.1; SV1; InfoPath.2)"
127.0.0.1 - - [10/May/2016:12:10:38 +0000] "GET / HTTP/1.1" 200 15625 "-" "Mozilla/5.0 (Windows NT 6.1; rv:31.0) Gecko/20100101 Firefox/31.0"
127.0.0.1 - - [10/May/2016:14:01:57 +0000] "GET / HTTP/1.1" 200 15625 "-" "Mozilla/5.0 (Windows NT 6.1; rv:31.0) Gecko/20100101 Firefox/31.0"
52.31.166.88 - - [10/May/2016:14:01:57 +0000] "POST /wp-cron.php?doing_wp_cron=1462888917.1565179824829101562500 HTTP/1.0" 200 187 "-" "WordPress/4.0.11; http://52.31.166.88"
127.0.0.1 - - [10/May/2016:15:02:01 +0000] "GET / HTTP/1.1" 200 15625 "-" "Mozilla/5.0 (Windows NT 6.1; rv:31.0) Gecko/20100101 Firefox/31.0"
66.240.213.93 - - [10/May/2016:18:31:13 +0000] "GET / HTTP/1.0" 200 6000 "-" "shellshock-scan"
127.0.0.1 - - [10/May/2016:19:01:38 +0000] "GET / HTTP/1.1" 200 15625 "-" "Mozilla/5.0 (Windows NT 6.1; rv:31.0) Gecko/20100101 Firefox/31.0"
137.226.113.7 - - [10/May/2016:19:44:07 +0000] "GET / HTTP/1.1" 200 1536 "-" "Mozilla/5.0 (Macintosh; Intel Mac OS X 10_11_1) AppleWebKit/537.36 (KHTML, like Gecko) Chrome/46.0.2490.86 Safari/537.36 Scanning for research (researchscan.comsys.rwth-aachen.de)"
191.96.249.20 - - [10/May/2016:23:08:30 +0000] "GET /feed/ HTTP/1.1" 404 440 "-" "-"
191.96.249.20 - - [10/May/2016:23:22:55 +0000] "GET /feed/ HTTP/1.1" 404 440 "-" "-"
191.96.249.20 - - [10/May/2016:23:40:30 +0000] "GET /feed/ HTTP/1.1" 404 440 "-" "-"
127.0.0.1 - - [11/May/2016:01:12:53 +0000] "GET / HTTP/1.1" 200 15625 "-" "Mozilla/5.0 (Windows NT 6.1; rv:31.0) Gecko/20100101 Firefox/31.0"
52.31.166.88 - - [11/May/2016:01:12:53 +0000] "POST /wp-cron.php?doing_wp_cron=1462929173.2474210262298583984375 HTTP/1.0" 200 187 "-" "WordPress/4.0.11; http://52.31.166.88"
185.25.151.159 - - [11/May/2016:02:52:02 +0000] "GET http://testp3.pospr.waw.pl/testproxy.php HTTP/1.1" 404 455 "-" "Mozilla/5.0 (Windows NT 5.1; rv:32.0) Gecko/20100101 Firefox/31.0"
89.248.174.4 - - [11/May/2016:03:03:03 +0000] "GET / HTTP/1.1" 200 15606 "-" "-"
80.82.78.38 - - [11/May/2016:03:59:03 +0000] "GET http://www.baidu.com/cache/global/img/gs.gif HTTP/1.1" 404 459 "-" "Mozilla"
127.0.0.1 - - [11/May/2016:04:01:47 +0000] "GET / HTTP/1.1" 200 15625 "-" "Mozilla/5.0 (Windows NT 6.1; rv:31.0) Gecko/20100101 Firefox/31.0"
127.0.0.1 - - [11/May/2016:07:25:21 +0000] "GET / HTTP/1.1" 200 15625 "-" "Mozilla/5.0 (Windows NT 6.1; rv:31.0) Gecko/20100101 Firefox/31.0"
127.0.0.1 - - [11/May/2016:10:02:40 +0000] "GET / HTTP/1.1" 200 15625 "-" "Mozilla/5.0 (Windows NT 6.1; rv:31.0) Gecko/20100101 Firefox/31.0"
169.229.3.91 - - [11/May/2016:10:37:01 +0000] "\x9c\xec\x9b\x0c\xbd\xd7\x13 " 400 333 "-" "-"
178.167.254.115 - - [11/May/2016:10:43:45 +0000] "GET / HTTP/1.1" 200 5889 "-" "Mozilla/5.0 (Windows NT 10.0; Win64; x64) AppleWebKit/537.36 (KHTML, like Gecko) Chrome/50.0.2661.94 Safari/537.36"
178.167.254.115 - - [11/May/2016:10:43:45 +0000] "GET /wp-content/plugins/var/www/html/wp-content/themes/nuntius/nuntius.css?ver=2012-06-18 HTTP/1.1" 404 559 "http://52.31.166.88/" "Mozilla/5.0 (Windows NT 10.0; Win64; x64) AppleWebKit/537.36 (KHTML, like Gecko) Chrome/50.0.2661.94 Safari/537.36"
178.167.254.115 - - [11/May/2016:10:43:46 +0000] "GET /wp-content/themes/nuntius/style.css?ver=4.0.11 HTTP/1.1" 200 10268 "http://52.31.166.88/" "Mozilla/5.0 (Windows NT 10.0; Win64; x64) AppleWebKit/537.36 (KHTML, like Gecko) Chrome/50.0.2661.94 Safari/537.36"
178.167.254.115 - - [11/May/2016:10:43:46 +0000] "GET /wp-content/themes/nuntius/js/jquery.cycle.all.js?ver=20130415 HTTP/1.1" 200 13899 "http://52.31.166.88/" "Mozilla/5.0 (Windows NT 10.0; Win64; x64) AppleWebKit/537.36 (KHTML, like Gecko) Chrome/50.0.2661.94 Safari/537.36"
178.167.254.115 - - [11/May/2016:10:43:46 +0000] "GET /wp-includes/js/jquery/jquery.js?ver=1.11.1 HTTP/1.1" 200 33584 "http://52.31.166.88/" "Mozilla/5.0 (Windows NT 10.0; Win64; x64) AppleWebKit/537.36 (KHTML, like Gecko) Chrome/50.0.2661.94 Safari/537.36"
178.167.254.115 - - [11/May/2016:10:43:46 +0000] "GET /wp-includes/js/jquery/jquery-migrate.min.js?ver=1.2.1 HTTP/1.1" 200 3419 "http://52.31.166.88/" "Mozilla/5.0 (Windows NT 10.0; Win64; x64) AppleWebKit/537.36 (KHTML, like Gecko) Chrome/50.0.2661.94 Safari/537.36"
178.167.254.115 - - [11/May/2016:10:43:46 +0000] "GET /wp-includes/images/smilies/icon_wink.gif HTTP/1.1" 200 453 "http://52.31.166.88/" "Mozilla/5.0 (Windows NT 10.0; Win64; x64) AppleWebKit/537.36 (KHTML, like Gecko) Chrome/50.0.2661.94 Safari/537.36"
178.167.254.115 - - [11/May/2016:10:43:46 +0000] "GET /wp-content/themes/nuntius/js/functions.js?ver=201101207 HTTP/1.1" 200 935 "http://52.31.166.88/" "Mozilla/5.0 (Windows NT 10.0; Win64; x64) AppleWebKit/537.36 (KHTML, like Gecko) Chrome/50.0.2661.94 Safari/537.36"
178.167.254.115 - - [11/May/2016:10:43:46 +0000] "GET /wp-content/themes/nuntius/images/bg-container.png HTTP/1.1" 200 384 "http://52.31.166.88/wp-content/themes/nuntius/style.css?ver=4.0.11" "Mozilla/5.0 (Windows NT 10.0; Win64; x64) AppleWebKit/537.36 (KHTML, like Gecko) Chrome/50.0.2661.94 Safari/537.36"
178.167.254.115 - - [11/May/2016:10:43:46 +0000] "GET /wp-content/themes/nuntius/images/primary-menu-current.png HTTP/1.1" 200 393 "http://52.31.166.88/wp-content/themes/nuntius/style.css?ver=4.0.11" "Mozilla/5.0 (Windows NT 10.0; Win64; x64) AppleWebKit/537.36 (KHTML, like Gecko) Chrome/50.0.2661.94 Safari/537.36"
178.167.254.115 - - [11/May/2016:10:43:46 +0000] "GET /wp-content/themes/nuntius/images/bg-sidebar-search-form.png HTTP/1.1" 200 523 "http://52.31.166.88/wp-content/themes/nuntius/style.css?ver=4.0.11" "Mozilla/5.0 (Windows NT 10.0; Win64; x64) AppleWebKit/537.36 (KHTML, like Gecko) Chrome/50.0.2661.94 Safari/537.36"
178.167.254.115 - - [11/May/2016:10:43:46 +0000] "GET /wp-content/themes/nuntius/images/breadcrumb-sep-ltr.png HTTP/1.1" 200 382 "http://52.31.166.88/wp-content/themes/nuntius/style.css?ver=4.0.11" "Mozilla/5.0 (Windows NT 10.0; Win64; x64) AppleWebKit/537.36 (KHTML, like Gecko) Chrome/50.0.2661.94 Safari/537.36"
178.167.254.115 - - [11/May/2016:10:43:46 +0000] "GET /favicon.ico HTTP/1.1" 404 501 "http://52.31.166.88/" "Mozilla/5.0 (Windows NT 10.0; Win64; x64) AppleWebKit/537.36 (KHTML, like Gecko) Chrome/50.0.2661.94 Safari/537.36"
::1 - - [11/May/2016:10:43:54 +0000] "OPTIONS * HTTP/1.0" 200 125 "-" "Apache/2.4.7 (Ubuntu) PHP/5.5.9-1ubuntu4.14 (internal dummy connection)"
91.196.50.33 - - [11/May/2016:10:48:14 +0000] "GET http://testp1.piwo.pila.pl/testproxy.php HTTP/1.1" 404 455 "-" "Mozilla/5.0 (Windows NT 5.1; rv:32.0) Gecko/20100101 Firefox/31.0"
193.1.39.1 - - [11/May/2016:10:55:19 +0000] "GET / HTTP/1.1" 200 5889 "-" "Mozilla/5.0 (Windows NT 6.3; Win64; x64) AppleWebKit/537.36 (KHTML, like Gecko) Chrome/49.0.2623.87 Safari/537.36"
193.1.39.1 - - [11/May/2016:10:55:19 +0000] "GET /wp-content/plugins/var/www/html/wp-content/themes/nuntius/nuntius.css?ver=2012-06-18 HTTP/1.1" 404 559 "http://52.31.166.88/" "Mozilla/5.0 (Windows NT 6.3; Win64; x64) AppleWebKit/537.36 (KHTML, like Gecko) Chrome/49.0.2623.87 Safari/537.36"
193.1.39.1 - - [11/May/2016:10:55:19 +0000] "GET /wp-content/themes/nuntius/style.css?ver=4.0.11 HTTP/1.1" 200 10269 "http://52.31.166.88/" "Mozilla/5.0 (Windows NT 6.3; Win64; x64) AppleWebKit/537.36 (KHTML, like Gecko) Chrome/49.0.2623.87 Safari/537.36"
193.1.39.1 - - [11/May/2016:10:55:19 +0000] "GET /wp-content/themes/nuntius/js/jquery.cycle.all.js?ver=20130415 HTTP/1.1" 200 13899 "http://52.31.166.88/" "Mozilla/5.0 (Windows NT 6.3; Win64; x64) AppleWebKit/537.36 (KHTML, like Gecko) Chrome/49.0.2623.87 Safari/537.36"
193.1.39.1 - - [11/May/2016:10:55:19 +0000] "GET /wp-includes/js/jquery/jquery-migrate.min.js?ver=1.2.1 HTTP/1.1" 200 3419 "http://52.31.166.88/" "Mozilla/5.0 (Windows NT 6.3; Win64; x64) AppleWebKit/537.36 (KHTML, like Gecko) Chrome/49.0.2623.87 Safari/537.36"
193.1.39.1 - - [11/May/2016:10:55:19 +0000] "GET /wp-content/themes/nuntius/js/functions.js?ver=201101207 HTTP/1.1" 200 934 "http://52.31.166.88/" "Mozilla/5.0 (Windows NT 6.3; Win64; x64) AppleWebKit/537.36 (KHTML, like Gecko) Chrome/49.0.2623.87 Safari/537.36"
193.1.39.1 - - [11/May/2016:10:55:19 +0000] "GET /wp-includes/js/jquery/jquery.js?ver=1.11.1 HTTP/1.1" 200 33584 "http://52.31.166.88/" "Mozilla/5.0 (Windows NT 6.3; Win64; x64) AppleWebKit/537.36 (KHTML, like Gecko) Chrome/49.0.2623.87 Safari/537.36"
193.1.39.1 - - [11/May/2016:10:55:19 +0000] "GET /wp-includes/images/smilies/icon_wink.gif HTTP/1.1" 200 452 "http://52.31.166.88/" "Mozilla/5.0 (Windows NT 6.3; Win64; x64) AppleWebKit/537.36 (KHTML, like Gecko) Chrome/49.0.2623.87 Safari/537.36"
193.1.39.1 - - [11/May/2016:10:55:20 +0000] "GET /wp-content/themes/nuntius/images/primary-menu-current.png HTTP/1.1" 200 393 "http://52.31.166.88/wp-content/themes/nuntius/style.css?ver=4.0.11" "Mozilla/5.0 (Windows NT 6.3; Win64; x64) AppleWebKit/537.36 (KHTML, like Gecko) Chrome/49.0.2623.87 Safari/537.36"
193.1.39.1 - - [11/May/2016:10:55:20 +0000] "GET /wp-content/themes/nuntius/images/breadcrumb-sep-ltr.png HTTP/1.1" 200 382 "http://52.31.166.88/wp-content/themes/nuntius/style.css?ver=4.0.11" "Mozilla/5.0 (Windows NT 6.3; Win64; x64) AppleWebKit/537.36 (KHTML, like Gecko) Chrome/49.0.2623.87 Safari/537.36"
193.1.39.1 - - [11/May/2016:10:55:20 +0000] "GET /wp-content/themes/nuntius/images/bg-container.png HTTP/1.1" 200 384 "http://52.31.166.88/wp-content/themes/nuntius/style.css?ver=4.0.11" "Mozilla/5.0 (Windows NT 6.3; Win64; x64) AppleWebKit/537.36 (KHTML, like Gecko) Chrome/49.0.2623.87 Safari/537.36"
193.1.39.1 - - [11/May/2016:10:55:20 +0000] "GET /wp-content/themes/nuntius/images/bg-sidebar-search-form.png HTTP/1.1" 200 523 "http://52.31.166.88/wp-content/themes/nuntius/style.css?ver=4.0.11" "Mozilla/5.0 (Windows NT 6.3; Win64; x64) AppleWebKit/537.36 (KHTML, like Gecko) Chrome/49.0.2623.87 Safari/537.36"
193.1.39.1 - - [11/May/2016:10:55:20 +0000] "GET /favicon.ico HTTP/1.1" 404 501 "http://52.31.166.88/" "Mozilla/5.0 (Windows NT 6.3; Win64; x64) AppleWebKit/537.36 (KHTML, like Gecko) Chrome/49.0.2623.87 Safari/537.36"
193.1.39.1 - - [11/May/2016:11:07:57 +0000] "GET / HTTP/1.1" 200 5889 "-" "Mozilla/5.0 (Windows NT 6.3; Win64; x64) AppleWebKit/537.36 (KHTML, like Gecko) Chrome/49.0.2623.87 Safari/537.36"
193.1.39.1 - - [11/May/2016:11:07:57 +0000] "GET /wp-content/plugins/var/www/html/wp-content/themes/nuntius/nuntius.css?ver=2012-06-18 HTTP/1.1" 404 559 "http://52.31.166.88/" "Mozilla/5.0 (Windows NT 6.3; Win64; x64) AppleWebKit/537.36 (KHTML, like Gecko) Chrome/49.0.2623.87 Safari/537.36"
66.249.93.152 - - [11/May/2016:12:15:35 +0000] "GET / HTTP/1.1" 200 5889 "-" "Mozilla/5.0 (X11; Linux x86_64) AppleWebKit/537.36 (KHTML, like Gecko) Chrome/49.0.2623.75 Safari/537.36 Google Favicon"
66.249.93.152 - - [11/May/2016:12:15:35 +0000] "GET /favicon.ico HTTP/1.1" 404 501 "-" "Mozilla/5.0 (X11; Linux x86_64) AppleWebKit/537.36 (KHTML, like Gecko) Chrome/49.0.2623.75 Safari/537.36 Google Favicon"
141.212.122.161 - - [11/May/2016:13:04:27 +0000] "GET / HTTP/1.1" 301 274 "-" "Go http package"
141.212.122.161 - - [11/May/2016:13:04:27 +0000] "GET / HTTP/1.1" 200 5833 "http://52.31.166.88:80" "Go http package"
52.31.166.88 - - [11/May/2016:13:04:27 +0000] "POST /wp-cron.php?doing_wp_cron=1462971867.3611819744110107421875 HTTP/1.0" 200 187 "-" "WordPress/4.0.11; http://52.31.166.88"
52.31.166.88 - - [11/May/2016:19:02:32 +0000] "POST /wp-cron.php?doing_wp_cron=1462993352.9159240722656250000000 HTTP/1.0" 200 187 "-" "WordPress/4.0.11; http://52.31.166.88"
127.0.0.1 - - [11/May/2016:19:02:32 +0000] "GET / HTTP/1.1" 200 15625 "-" "Mozilla/5.0 (Windows NT 6.1; rv:31.0) Gecko/20100101 Firefox/31.0"
62.75.209.236 - - [11/May/2016:19:36:02 +0000] "HEAD / HTTP/1.0" 200 227 "-" "-"
66.249.93.155 - - [11/May/2016:20:23:21 +0000] "GET /favicon.ico HTTP/1.1" 404 502 "-" "Mozilla/5.0 (X11; Linux x86_64) AppleWebKit/537.36 (KHTML, like Gecko) Chrome/49.0.2623.75 Safari/537.36 Google Favicon"
127.0.0.1 - - [11/May/2016:20:44:40 +0000] "GET / HTTP/1.1" 200 5833 "-" "Mozilla/5.0 (Windows NT 6.1; rv:24.0) Gecko/20100101 Firefox/24.0"
52.51.71.162 - - [11/May/2016:21:36:38 +0000] "GET / HTTP/1.0" 200 15577 "-" "-"
123.59.59.52 - - [11/May/2016:21:43:37 +0000] "GET http://www.elong.com/ HTTP/1.1" 301 312 "-" "Mozilla/5.0 (Windows NT 6.1; WOW64; rv:29.0) Gecko/20100101 Firefox/29.0"
123.59.59.52 - - [11/May/2016:21:43:37 +0000] "GET http://www.elong.comhttp/www.elong.com/ HTTP/1.1" 404 473 "-" "Mozilla/5.0 (Windows NT 6.1; WOW64; rv:29.0) Gecko/20100101 Firefox/29.0"
79.97.163.25 - - [11/May/2016:22:59:43 +0000] "GET / HTTP/1.1" 200 5889 "-" "Mozilla/5.0 (Windows NT 10.0; Win64; x64) AppleWebKit/537.36 (KHTML, like Gecko) Chrome/50.0.2661.102 Safari/537.36"
79.97.163.25 - - [11/May/2016:22:59:43 +0000] "GET /wp-content/plugins/var/www/html/wp-content/themes/nuntius/nuntius.css?ver=2012-06-18 HTTP/1.1" 404 559 "http://52.31.166.88/" "Mozilla/5.0 (Windows NT 10.0; Win64; x64) AppleWebKit/537.36 (KHTML, like Gecko) Chrome/50.0.2661.102 Safari/537.36"
79.97.163.25 - - [11/May/2016:22:59:43 +0000] "GET /wp-content/themes/nuntius/style.css?ver=4.0.11 HTTP/1.1" 200 10269 "http://52.31.166.88/" "Mozilla/5.0 (Windows NT 10.0; Win64; x64) AppleWebKit/537.36 (KHTML, like Gecko) Chrome/50.0.2661.102 Safari/537.36"
79.97.163.25 - - [11/May/2016:22:59:43 +0000] "GET /wp-includes/images/smilies/icon_wink.gif HTTP/1.1" 200 452 "http://52.31.166.88/" "Mozilla/5.0 (Windows NT 10.0; Win64; x64) AppleWebKit/537.36 (KHTML, like Gecko) Chrome/50.0.2661.102 Safari/537.36"
79.97.163.25 - - [11/May/2016:22:59:44 +0000] "GET /wp-content/themes/nuntius/images/primary-menu-current.png HTTP/1.1" 200 393 "http://52.31.166.88/wp-content/themes/nuntius/style.css?ver=4.0.11" "Mozilla/5.0 (Windows NT 10.0; Win64; x64) AppleWebKit/537.36 (KHTML, like Gecko) Chrome/50.0.2661.102 Safari/537.36"
79.97.163.25 - - [11/May/2016:22:59:44 +0000] "GET /wp-content/themes/nuntius/images/breadcrumb-sep-ltr.png HTTP/1.1" 200 382 "http://52.31.166.88/wp-content/themes/nuntius/style.css?ver=4.0.11" "Mozilla/5.0 (Windows NT 10.0; Win64; x64) AppleWebKit/537.36 (KHTML, like Gecko) Chrome/50.0.2661.102 Safari/537.36"
79.97.163.25 - - [11/May/2016:22:59:44 +0000] "GET /wp-content/themes/nuntius/images/bg-sidebar-search-form.png HTTP/1.1" 200 524 "http://52.31.166.88/wp-content/themes/nuntius/style.css?ver=4.0.11" "Mozilla/5.0 (Windows NT 10.0; Win64; x64) AppleWebKit/537.36 (KHTML, like Gecko) Chrome/50.0.2661.102 Safari/537.36"
79.97.163.25 - - [11/May/2016:22:59:44 +0000] "GET /wp-content/themes/nuntius/images/bg-container.png HTTP/1.1" 200 385 "http://52.31.166.88/wp-content/themes/nuntius/style.css?ver=4.0.11" "Mozilla/5.0 (Windows NT 10.0; Win64; x64) AppleWebKit/537.36 (KHTML, like Gecko) Chrome/50.0.2661.102 Safari/537.36"
79.97.163.25 - - [11/May/2016:22:59:44 +0000] "GET /favicon.ico HTTP/1.1" 404 501 "http://52.31.166.88/" "Mozilla/5.0 (Windows NT 10.0; Win64; x64) AppleWebKit/537.36 (KHTML, like Gecko) Chrome/50.0.2661.102 Safari/537.36"
31.13.97.101 - - [11/May/2016:22:59:54 +0000] "GET / HTTP/1.1" 206 5899 "-" "facebookexternalhit/1.1 (+http://www.facebook.com/externalhit_uatext.php)"
31.13.97.117 - - [11/May/2016:22:59:54 +0000] "GET /wp-includes/images/smilies/icon_wink.gif HTTP/1.1" 206 461 "http://52.31.166.88/" "facebookexternalhit/1.1 (+http://www.facebook.com/externalhit_uatext.php)"
173.252.115.194 - - [11/May/2016:22:59:54 +0000] "GET /wp-includes/images/smilies/icon_wink.gif HTTP/1.1" 200 453 "-" "facebookexternalhit/1.1 (+http://www.facebook.com/externalhit_uatext.php)"
31.13.97.110 - - [11/May/2016:22:59:55 +0000] "GET /wp-includes/images/smilies/icon_wink.gif HTTP/1.1" 206 461 "-" "facebookexternalhit/1.1 (+http://www.facebook.com/externalhit_uatext.php)"
173.252.88.186 - - [11/May/2016:22:59:55 +0000] "GET /wp-includes/images/smilies/icon_wink.gif HTTP/1.1" 200 453 "-" "facebookexternalhit/1.1 (+http://www.facebook.com/externalhit_uatext.php)"
173.252.107.119 - - [11/May/2016:22:59:55 +0000] "GET /wp-includes/images/smilies/icon_wink.gif HTTP/1.1" 206 461 "-" "facebookexternalhit/1.1"
173.252.107.119 - - [11/May/2016:22:59:55 +0000] "GET /favicon.ico HTTP/1.1" 404 465 "-" "facebookexternalhit/1.1"
66.220.152.3 - - [11/May/2016:22:59:57 +0000] "GET /wp-includes/images/smilies/icon_wink.gif HTTP/1.1" 200 453 "-" "visionutils/0.2"
173.252.95.18 - - [11/May/2016:22:59:57 +0000] "GET /wp-includes/images/smilies/icon_wink.gif HTTP/1.1" 200 453 "-" "visionutils/0.2"
79.97.163.25 - - [11/May/2016:23:00:05 +0000] "GET / HTTP/1.1" 200 5889 "https://www.facebook.com/" "Mozilla/5.0 (Macintosh; Intel Mac OS X 10_11_4) AppleWebKit/537.36 (KHTML, like Gecko) Chrome/50.0.2661.94 Safari/537.36"
79.97.163.25 - - [11/May/2016:23:00:05 +0000] "GET /wp-content/plugins/var/www/html/wp-content/themes/nuntius/nuntius.css?ver=2012-06-18 HTTP/1.1" 404 559 "http://52.31.166.88/" "Mozilla/5.0 (Macintosh; Intel Mac OS X 10_11_4) AppleWebKit/537.36 (KHTML, like Gecko) Chrome/50.0.2661.94 Safari/537.36"
79.97.163.25 - - [11/May/2016:23:00:05 +0000] "GET /wp-includes/js/jquery/jquery-migrate.min.js?ver=1.2.1 HTTP/1.1" 200 3419 "http://52.31.166.88/" "Mozilla/5.0 (Macintosh; Intel Mac OS X 10_11_4) AppleWebKit/537.36 (KHTML, like Gecko) Chrome/50.0.2661.94 Safari/537.36"
79.97.163.25 - - [11/May/2016:23:00:05 +0000] "GET /wp-content/themes/nuntius/js/jquery.cycle.all.js?ver=20130415 HTTP/1.1" 200 13899 "http://52.31.166.88/" "Mozilla/5.0 (Macintosh; Intel Mac OS X 10_11_4) AppleWebKit/537.36 (KHTML, like Gecko) Chrome/50.0.2661.94 Safari/537.36"
79.97.163.25 - - [11/May/2016:23:00:05 +0000] "GET /wp-content/themes/nuntius/js/functions.js?ver=201101207 HTTP/1.1" 200 935 "http://52.31.166.88/" "Mozilla/5.0 (Macintosh; Intel Mac OS X 10_11_4) AppleWebKit/537.36 (KHTML, like Gecko) Chrome/50.0.2661.94 Safari/537.36"
79.97.163.25 - - [11/May/2016:23:00:05 +0000] "GET /wp-content/themes/nuntius/style.css?ver=4.0.11 HTTP/1.1" 200 10269 "http://52.31.166.88/" "Mozilla/5.0 (Macintosh; Intel Mac OS X 10_11_4) AppleWebKit/537.36 (KHTML, like Gecko) Chrome/50.0.2661.94 Safari/537.36"
79.97.163.25 - - [11/May/2016:23:00:05 +0000] "GET /wp-includes/js/jquery/jquery.js?ver=1.11.1 HTTP/1.1" 200 33584 "http://52.31.166.88/" "Mozilla/5.0 (Macintosh; Intel Mac OS X 10_11_4) AppleWebKit/537.36 (KHTML, like Gecko) Chrome/50.0.2661.94 Safari/537.36"
79.97.163.25 - - [11/May/2016:23:00:05 +0000] "GET /wp-includes/images/smilies/icon_wink.gif HTTP/1.1" 200 452 "http://52.31.166.88/" "Mozilla/5.0 (Macintosh; Intel Mac OS X 10_11_4) AppleWebKit/537.36 (KHTML, like Gecko) Chrome/50.0.2661.94 Safari/537.36"
79.97.163.25 - - [11/May/2016:23:00:06 +0000] "GET /wp-content/themes/nuntius/images/breadcrumb-sep-ltr.png HTTP/1.1" 200 382 "http://52.31.166.88/wp-content/themes/nuntius/style.css?ver=4.0.11" "Mozilla/5.0 (Macintosh; Intel Mac OS X 10_11_4) AppleWebKit/537.36 (KHTML, like Gecko) Chrome/50.0.2661.94 Safari/537.36"
79.97.163.25 - - [11/May/2016:23:00:06 +0000] "GET /wp-content/themes/nuntius/images/bg-container.png HTTP/1.1" 200 384 "http://52.31.166.88/wp-content/themes/nuntius/style.css?ver=4.0.11" "Mozilla/5.0 (Macintosh; Intel Mac OS X 10_11_4) AppleWebKit/537.36 (KHTML, like Gecko) Chrome/50.0.2661.94 Safari/537.36"
79.97.163.25 - - [11/May/2016:23:00:06 +0000] "GET /wp-content/themes/nuntius/images/primary-menu-current.png HTTP/1.1" 200 393 "http://52.31.166.88/wp-content/themes/nuntius/style.css?ver=4.0.11" "Mozilla/5.0 (Macintosh; Intel Mac OS X 10_11_4) AppleWebKit/537.36 (KHTML, like Gecko) Chrome/50.0.2661.94 Safari/537.36"
79.97.163.25 - - [11/May/2016:23:00:06 +0000] "GET /wp-content/themes/nuntius/images/bg-sidebar-search-form.png HTTP/1.1" 200 523 "http://52.31.166.88/wp-content/themes/nuntius/style.css?ver=4.0.11" "Mozilla/5.0 (Macintosh; Intel Mac OS X 10_11_4) AppleWebKit/537.36 (KHTML, like Gecko) Chrome/50.0.2661.94 Safari/537.36"
79.97.163.25 - - [11/May/2016:23:00:06 +0000] "GET / HTTP/1.1" 200 5889 "https://www.facebook.com/" "Mozilla/5.0 (Windows NT 10.0; Win64; x64) AppleWebKit/537.36 (KHTML, like Gecko) Chrome/50.0.2661.102 Safari/537.36"
31.13.113.90 - - [11/May/2016:23:00:06 +0000] "GET /wp-includes/images/smilies/icon_wink.gif HTTP/1.1" 200 453 "-" "facebookexternalhit/1.1 (+http://www.facebook.com/externalhit_uatext.php)"
79.97.163.25 - - [11/May/2016:23:00:06 +0000] "GET /favicon.ico HTTP/1.1" 404 501 "http://52.31.166.88/" "Mozilla/5.0 (Macintosh; Intel Mac OS X 10_11_4) AppleWebKit/537.36 (KHTML, like Gecko) Chrome/50.0.2661.94 Safari/537.36"
31.13.97.114 - - [11/May/2016:23:00:06 +0000] "GET /wp-includes/images/smilies/icon_wink.gif HTTP/1.1" 200 453 "-" "facebookexternalhit/1.1 (+http://www.facebook.com/externalhit_uatext.php)"
79.97.163.25 - - [11/May/2016:23:00:06 +0000] "GET /wp-content/plugins/var/www/html/wp-content/themes/nuntius/nuntius.css?ver=2012-06-18 HTTP/1.1" 404 559 "http://52.31.166.88/" "Mozilla/5.0 (Windows NT 10.0; Win64; x64) AppleWebKit/537.36 (KHTML, like Gecko) Chrome/50.0.2661.102 Safari/537.36"
::1 - - [11/May/2016:23:00:13 +0000] "OPTIONS * HTTP/1.0" 200 125 "-" "Apache/2.4.7 (Ubuntu) PHP/5.5.9-1ubuntu4.14 (internal dummy connection)"
::1 - - [11/May/2016:23:00:14 +0000] "OPTIONS * HTTP/1.0" 200 125 "-" "Apache/2.4.7 (Ubuntu) PHP/5.5.9-1ubuntu4.14 (internal dummy connection)"
::1 - - [11/May/2016:23:00:15 +0000] "OPTIONS * HTTP/1.0" 200 125 "-" "Apache/2.4.7 (Ubuntu) PHP/5.5.9-1ubuntu4.14 (internal dummy connection)"
::1 - - [11/May/2016:23:00:16 +0000] "OPTIONS * HTTP/1.0" 200 125 "-" "Apache/2.4.7 (Ubuntu) PHP/5.5.9-1ubuntu4.14 (internal dummy connection)"
79.97.163.25 - - [11/May/2016:23:00:27 +0000] "GET /?page_id=2 HTTP/1.1" 200 3763 "http://52.31.166.88/" "Mozilla/5.0 (Macintosh; Intel Mac OS X 10_11_4) AppleWebKit/537.36 (KHTML, like Gecko) Chrome/50.0.2661.94 Safari/537.36"
79.97.163.25 - - [11/May/2016:23:00:28 +0000] "GET /wp-includes/js/comment-reply.min.js?ver=4.0.11 HTTP/1.1" 200 754 "http://52.31.166.88/?page_id=2" "Mozilla/5.0 (Macintosh; Intel Mac OS X 10_11_4) AppleWebKit/537.36 (KHTML, like Gecko) Chrome/50.0.2661.94 Safari/537.36"
79.97.163.25 - - [11/May/2016:23:00:28 +0000] "GET /wp-content/plugins/var/www/html/wp-content/themes/nuntius/nuntius.css?ver=2012-06-18 HTTP/1.1" 404 560 "http://52.31.166.88/?page_id=2" "Mozilla/5.0 (Macintosh; Intel Mac OS X 10_11_4) AppleWebKit/537.36 (KHTML, like Gecko) Chrome/50.0.2661.94 Safari/537.36"
79.97.163.25 - - [11/May/2016:23:00:28 +0000] "GET /wp-content/themes/nuntius/images/comments-top.png HTTP/1.1" 404 539 "http://52.31.166.88/wp-content/themes/nuntius/style.css?ver=4.0.11" "Mozilla/5.0 (Macintosh; Intel Mac OS X 10_11_4) AppleWebKit/537.36 (KHTML, like Gecko) Chrome/50.0.2661.94 Safari/537.36"
79.97.163.25 - - [11/May/2016:23:00:28 +0000] "GET /wp-content/themes/nuntius/images/respond-input.png HTTP/1.1" 200 593 "http://52.31.166.88/wp-content/themes/nuntius/style.css?ver=4.0.11" "Mozilla/5.0 (Macintosh; Intel Mac OS X 10_11_4) AppleWebKit/537.36 (KHTML, like Gecko) Chrome/50.0.2661.94 Safari/537.36"
79.97.163.25 - - [11/May/2016:23:00:28 +0000] "GET /wp-content/themes/nuntius/images/submit-button.png HTTP/1.1" 200 1130 "http://52.31.166.88/wp-content/themes/nuntius/style.css?ver=4.0.11" "Mozilla/5.0 (Macintosh; Intel Mac OS X 10_11_4) AppleWebKit/537.36 (KHTML, like Gecko) Chrome/50.0.2661.94 Safari/537.36"
79.97.163.25 - - [11/May/2016:23:00:29 +0000] "GET / HTTP/1.1" 200 5888 "http://52.31.166.88/?page_id=2" "Mozilla/5.0 (Macintosh; Intel Mac OS X 10_11_4) AppleWebKit/537.36 (KHTML, like Gecko) Chrome/50.0.2661.94 Safari/537.36"
79.97.163.25 - - [11/May/2016:23:00:29 +0000] "GET /wp-content/plugins/var/www/html/wp-content/themes/nuntius/nuntius.css?ver=2012-06-18 HTTP/1.1" 404 559 "http://52.31.166.88/" "Mozilla/5.0 (Macintosh; Intel Mac OS X 10_11_4) AppleWebKit/537.36 (KHTML, like Gecko) Chrome/50.0.2661.94 Safari/537.36"
185.25.151.159 - - [12/May/2016:00:01:08 +0000] "GET http://testp3.pospr.waw.pl/testproxy.php HTTP/1.1" 404 455 "-" "Mozilla/5.0 (Windows NT 5.1; rv:32.0) Gecko/20100101 Firefox/31.0"
127.0.0.1 - - [12/May/2016:04:21:19 +0000] "GET / HTTP/1.1" 200 15625 "-" "Mozilla/5.0 (Windows NT 6.1; rv:31.0) Gecko/20100101 Firefox/31.0"
52.31.166.88 - - [12/May/2016:04:21:19 +0000] "POST /wp-cron.php?doing_wp_cron=1463026879.6297700405120849609375 HTTP/1.0" 200 187 "-" "WordPress/4.0.11; http://52.31.166.88"
107.150.46.34 - - [12/May/2016:04:51:59 +0000] "GET / HTTP/1.1" 200 15606 "-" "Mozilla/4.0 (compatible; MSIE 8.0; Windows NT 6.1; Trident/4.0; SLCC2; .NET CLR 2.0.50727; .NET CLR 3.5.30729; .NET CLR 3.0.30729; Media Center PC 6.0)"
66.249.93.155 - - [12/May/2016:05:35:30 +0000] "GET / HTTP/1.1" 200 5889 "-" "Mozilla/5.0 (X11; Linux x86_64) AppleWebKit/537.36 (KHTML, like Gecko) Chrome/49.0.2623.75 Safari/537.36 Google Favicon"
74.91.18.45 - - [12/May/2016:09:23:09 +0000] "GET / HTTP/1.1" 200 15606 "-" "Mozilla/4.0 (compatible; MSIE 8.0; Windows NT 6.1; Trident/4.0; SLCC2; .NET CLR 2.0.50727; .NET CLR 3.5.30729; .NET CLR 3.0.30729; Media Center PC 6.0)"
185.49.14.190 - - [12/May/2016:09:35:00 +0000] "GET http://testp1.piwo.pila.pl/testproxy.php HTTP/1.1" 404 455 "-" "Mozilla/5.0 (Windows NT 5.1; rv:32.0) Gecko/20100101 Firefox/31.0"
127.0.0.1 - - [12/May/2016:10:03:36 +0000] "GET / HTTP/1.1" 200 15625 "-" "Mozilla/5.0 (Windows NT 6.1; rv:31.0) Gecko/20100101 Firefox/31.0"
173.252.90.80 - - [12/May/2016:10:27:33 +0000] "GET /wp-includes/images/smilies/icon_wink.gif HTTP/1.1" 200 453 "-" "facebookexternalhit/1.1 (+http://www.facebook.com/externalhit_uatext.php)"
173.252.90.124 - - [12/May/2016:10:30:15 +0000] "GET /wp-includes/images/smilies/icon_wink.gif HTTP/1.1" 200 453 "-" "facebookexternalhit/1.1 (+http://www.facebook.com/externalhit_uatext.php)"
193.1.39.1 - - [12/May/2016:10:53:04 +0000] "GET / HTTP/1.1" 200 5889 "-" "Mozilla/5.0 (Windows NT 10.0; Win64; x64) AppleWebKit/537.36 (KHTML, like Gecko) Chrome/50.0.2661.102 Safari/537.36"
193.1.39.1 - - [12/May/2016:10:53:05 +0000] "GET /wp-content/plugins/var/www/html/wp-content/themes/nuntius/nuntius.css?ver=2012-06-18 HTTP/1.1" 404 559 "http://52.31.166.88/" "Mozilla/5.0 (Windows NT 10.0; Win64; x64) AppleWebKit/537.36 (KHTML, like Gecko) Chrome/50.0.2661.102 Safari/537.36"
193.1.39.1 - - [12/May/2016:10:53:05 +0000] "GET /favicon.ico HTTP/1.1" 404 501 "http://52.31.166.88/" "Mozilla/5.0 (Windows NT 10.0; Win64; x64) AppleWebKit/537.36 (KHTML, like Gecko) Chrome/50.0.2661.102 Safari/537.36"
193.1.39.1 - - [12/May/2016:12:08:18 +0000] "GET / HTTP/1.1" 200 5889 "-" "Mozilla/5.0 (Windows NT 10.0; WOW64) AppleWebKit/537.36 (KHTML, like Gecko) Chrome/50.0.2661.94 Safari/537.36"
193.1.39.1 - - [12/May/2016:12:08:18 +0000] "GET /wp-content/plugins/var/www/html/wp-content/themes/nuntius/nuntius.css?ver=2012-06-18 HTTP/1.1" 404 559 "http://52.31.166.88/" "Mozilla/5.0 (Windows NT 10.0; WOW64) AppleWebKit/537.36 (KHTML, like Gecko) Chrome/50.0.2661.94 Safari/537.36"
193.1.39.1 - - [12/May/2016:12:08:18 +0000] "GET /wp-content/themes/nuntius/style.css?ver=4.0.11 HTTP/1.1" 200 10268 "http://52.31.166.88/" "Mozilla/5.0 (Windows NT 10.0; WOW64) AppleWebKit/537.36 (KHTML, like Gecko) Chrome/50.0.2661.94 Safari/537.36"
193.1.39.1 - - [12/May/2016:12:08:18 +0000] "GET /wp-includes/js/jquery/jquery.js?ver=1.11.1 HTTP/1.1" 200 33583 "http://52.31.166.88/" "Mozilla/5.0 (Windows NT 10.0; WOW64) AppleWebKit/537.36 (KHTML, like Gecko) Chrome/50.0.2661.94 Safari/537.36"
193.1.39.1 - - [12/May/2016:12:08:18 +0000] "GET /wp-includes/js/jquery/jquery-migrate.min.js?ver=1.2.1 HTTP/1.1" 200 3419 "http://52.31.166.88/" "Mozilla/5.0 (Windows NT 10.0; WOW64) AppleWebKit/537.36 (KHTML, like Gecko) Chrome/50.0.2661.94 Safari/537.36"
193.1.39.1 - - [12/May/2016:12:08:18 +0000] "GET /wp-content/themes/nuntius/js/jquery.cycle.all.js?ver=20130415 HTTP/1.1" 200 13898 "http://52.31.166.88/" "Mozilla/5.0 (Windows NT 10.0; WOW64) AppleWebKit/537.36 (KHTML, like Gecko) Chrome/50.0.2661.94 Safari/537.36"
193.1.39.1 - - [12/May/2016:12:08:18 +0000] "GET /wp-content/themes/nuntius/js/functions.js?ver=201101207 HTTP/1.1" 200 934 "http://52.31.166.88/" "Mozilla/5.0 (Windows NT 10.0; WOW64) AppleWebKit/537.36 (KHTML, like Gecko) Chrome/50.0.2661.94 Safari/537.36"
193.1.39.1 - - [12/May/2016:12:08:19 +0000] "GET /wp-includes/images/smilies/icon_wink.gif HTTP/1.1" 200 452 "http://52.31.166.88/" "Mozilla/5.0 (Windows NT 10.0; WOW64) AppleWebKit/537.36 (KHTML, like Gecko) Chrome/50.0.2661.94 Safari/537.36"
193.1.39.1 - - [12/May/2016:12:08:19 +0000] "GET /wp-content/themes/nuntius/images/primary-menu-current.png HTTP/1.1" 200 393 "http://52.31.166.88/wp-content/themes/nuntius/style.css?ver=4.0.11" "Mozilla/5.0 (Windows NT 10.0; WOW64) AppleWebKit/537.36 (KHTML, like Gecko) Chrome/50.0.2661.94 Safari/537.36"
193.1.39.1 - - [12/May/2016:12:08:19 +0000] "GET /wp-content/themes/nuntius/images/bg-container.png HTTP/1.1" 200 384 "http://52.31.166.88/wp-content/themes/nuntius/style.css?ver=4.0.11" "Mozilla/5.0 (Windows NT 10.0; WOW64) AppleWebKit/537.36 (KHTML, like Gecko) Chrome/50.0.2661.94 Safari/537.36"
193.1.39.1 - - [12/May/2016:12:08:19 +0000] "GET /wp-content/themes/nuntius/images/breadcrumb-sep-ltr.png HTTP/1.1" 200 382 "http://52.31.166.88/wp-content/themes/nuntius/style.css?ver=4.0.11" "Mozilla/5.0 (Windows NT 10.0; WOW64) AppleWebKit/537.36 (KHTML, like Gecko) Chrome/50.0.2661.94 Safari/537.36"
193.1.39.1 - - [12/May/2016:12:08:19 +0000] "GET /wp-content/themes/nuntius/images/bg-sidebar-search-form.png HTTP/1.1" 200 523 "http://52.31.166.88/wp-content/themes/nuntius/style.css?ver=4.0.11" "Mozilla/5.0 (Windows NT 10.0; WOW64) AppleWebKit/537.36 (KHTML, like Gecko) Chrome/50.0.2661.94 Safari/537.36"
193.1.39.1 - - [12/May/2016:12:08:20 +0000] "GET /favicon.ico HTTP/1.1" 404 501 "http://52.31.166.88/" "Mozilla/5.0 (Windows NT 10.0; WOW64) AppleWebKit/537.36 (KHTML, like Gecko) Chrome/50.0.2661.94 Safari/537.36"
66.249.93.137 - - [12/May/2016:13:37:15 +0000] "GET /favicon.ico HTTP/1.1" 404 502 "-" "Mozilla/5.0 (X11; Linux x86_64) AppleWebKit/537.36 (KHTML, like Gecko) Chrome/49.0.2623.75 Safari/537.36 Google Favicon"
193.1.39.1 - - [12/May/2016:13:37:22 +0000] "GET / HTTP/1.1" 200 5889 "-" "Mozilla/5.0 (Windows NT 10.0; Win64; x64) AppleWebKit/537.36 (KHTML, like Gecko) Chrome/50.0.2661.102 Safari/537.36"
193.1.39.1 - - [12/May/2016:13:37:22 +0000] "GET /wp-content/plugins/var/www/html/wp-content/themes/nuntius/nuntius.css?ver=2012-06-18 HTTP/1.1" 404 559 "http://52.31.166.88/" "Mozilla/5.0 (Windows NT 10.0; Win64; x64) AppleWebKit/537.36 (KHTML, like Gecko) Chrome/50.0.2661.102 Safari/537.36"
193.1.39.1 - - [12/May/2016:13:37:22 +0000] "GET /favicon.ico HTTP/1.1" 404 501 "http://52.31.166.88/" "Mozilla/5.0 (Windows NT 10.0; Win64; x64) AppleWebKit/537.36 (KHTML, like Gecko) Chrome/50.0.2661.102 Safari/537.36"
193.1.39.1 - - [12/May/2016:13:37:24 +0000] "GET /?page_id=2 HTTP/1.1" 200 3762 "http://52.31.166.88/" "Mozilla/5.0 (Windows NT 10.0; Win64; x64) AppleWebKit/537.36 (KHTML, like Gecko) Chrome/50.0.2661.102 Safari/537.36"
193.1.39.1 - - [12/May/2016:13:37:24 +0000] "GET /wp-content/plugins/var/www/html/wp-content/themes/nuntius/nuntius.css?ver=2012-06-18 HTTP/1.1" 404 559 "http://52.31.166.88/?page_id=2" "Mozilla/5.0 (Windows NT 10.0; Win64; x64) AppleWebKit/537.36 (KHTML, like Gecko) Chrome/50.0.2661.102 Safari/537.36"
193.1.39.1 - - [12/May/2016:13:37:24 +0000] "GET /wp-includes/js/comment-reply.min.js?ver=4.0.11 HTTP/1.1" 200 755 "http://52.31.166.88/?page_id=2" "Mozilla/5.0 (Windows NT 10.0; Win64; x64) AppleWebKit/537.36 (KHTML, like Gecko) Chrome/50.0.2661.102 Safari/537.36"
193.1.39.1 - - [12/May/2016:13:37:24 +0000] "GET /wp-content/themes/nuntius/images/comments-top.png HTTP/1.1" 404 539 "http://52.31.166.88/wp-content/themes/nuntius/style.css?ver=4.0.11" "Mozilla/5.0 (Windows NT 10.0; Win64; x64) AppleWebKit/537.36 (KHTML, like Gecko) Chrome/50.0.2661.102 Safari/537.36"
193.1.39.1 - - [12/May/2016:13:37:24 +0000] "GET /wp-content/themes/nuntius/images/respond-input.png HTTP/1.1" 200 593 "http://52.31.166.88/wp-content/themes/nuntius/style.css?ver=4.0.11" "Mozilla/5.0 (Windows NT 10.0; Win64; x64) AppleWebKit/537.36 (KHTML, like Gecko) Chrome/50.0.2661.102 Safari/537.36"
193.1.39.1 - - [12/May/2016:13:37:24 +0000] "GET /wp-content/themes/nuntius/images/submit-button.png HTTP/1.1" 200 1130 "http://52.31.166.88/wp-content/themes/nuntius/style.css?ver=4.0.11" "Mozilla/5.0 (Windows NT 10.0; Win64; x64) AppleWebKit/537.36 (KHTML, like Gecko) Chrome/50.0.2661.102 Safari/537.36"
193.1.39.1 - - [12/May/2016:13:44:44 +0000] "GET / HTTP/1.1" 200 5889 "-" "Mozilla/5.0 (Windows NT 10.0; Win64; x64) AppleWebKit/537.36 (KHTML, like Gecko) Chrome/50.0.2661.102 Safari/537.36"
193.1.39.1 - - [12/May/2016:13:44:45 +0000] "GET /wp-content/plugins/var/www/html/wp-content/themes/nuntius/nuntius.css?ver=2012-06-18 HTTP/1.1" 404 559 "http://52.31.166.88/" "Mozilla/5.0 (Windows NT 10.0; Win64; x64) AppleWebKit/537.36 (KHTML, like Gecko) Chrome/50.0.2661.102 Safari/537.36"
193.1.39.1 - - [12/May/2016:13:44:47 +0000] "GET /?p=9 HTTP/1.1" 200 6653 "http://52.31.166.88/" "Mozilla/5.0 (Windows NT 10.0; Win64; x64) AppleWebKit/537.36 (KHTML, like Gecko) Chrome/50.0.2661.102 Safari/537.36"
193.1.39.1 - - [12/May/2016:13:44:47 +0000] "GET /wp-content/plugins/var/www/html/wp-content/themes/nuntius/nuntius.css?ver=2012-06-18 HTTP/1.1" 404 559 "http://52.31.166.88/?p=9" "Mozilla/5.0 (Windows NT 10.0; Win64; x64) AppleWebKit/537.36 (KHTML, like Gecko) Chrome/50.0.2661.102 Safari/537.36"
193.1.39.1 - - [12/May/2016:13:44:47 +0000] "GET /wp-content/themes/nuntius/images/comments-top.png HTTP/1.1" 404 539 "http://52.31.166.88/wp-content/themes/nuntius/style.css?ver=4.0.11" "Mozilla/5.0 (Windows NT 10.0; Win64; x64) AppleWebKit/537.36 (KHTML, like Gecko) Chrome/50.0.2661.102 Safari/537.36"
193.1.39.1 - - [12/May/2016:13:44:48 +0000] "GET /?m=201603 HTTP/1.1" 200 2936 "http://52.31.166.88/?p=9" "Mozilla/5.0 (Windows NT 10.0; Win64; x64) AppleWebKit/537.36 (KHTML, like Gecko) Chrome/50.0.2661.102 Safari/537.36"
193.1.39.1 - - [12/May/2016:13:44:48 +0000] "GET /wp-content/plugins/var/www/html/wp-content/themes/nuntius/nuntius.css?ver=2012-06-18 HTTP/1.1" 404 559 "http://52.31.166.88/?m=201603" "Mozilla/5.0 (Windows NT 10.0; Win64; x64) AppleWebKit/537.36 (KHTML, like Gecko) Chrome/50.0.2661.102 Safari/537.36"
193.1.39.1 - - [12/May/2016:13:44:48 +0000] "GET /wp-content/themes/nuntius/images/comments-top.png HTTP/1.1" 404 539 "http://52.31.166.88/wp-content/themes/nuntius/style.css?ver=4.0.11" "Mozilla/5.0 (Windows NT 10.0; Win64; x64) AppleWebKit/537.36 (KHTML, like Gecko) Chrome/50.0.2661.102 Safari/537.36"
193.1.39.1 - - [12/May/2016:13:44:48 +0000] "GET /wp-content/themes/nuntius/images/comments-link-icon.png HTTP/1.1" 200 396 "http://52.31.166.88/wp-content/themes/nuntius/style.css?ver=4.0.11" "Mozilla/5.0 (Windows NT 10.0; Win64; x64) AppleWebKit/537.36 (KHTML, like Gecko) Chrome/50.0.2661.102 Safari/537.36"
193.1.39.1 - - [12/May/2016:13:44:48 +0000] "GET /wp-content/themes/nuntius/images/calendar-icon.png HTTP/1.1" 200 396 "http://52.31.166.88/wp-content/themes/nuntius/style.css?ver=4.0.11" "Mozilla/5.0 (Windows NT 10.0; Win64; x64) AppleWebKit/537.36 (KHTML, like Gecko) Chrome/50.0.2661.102 Safari/537.36"
193.1.39.1 - - [12/May/2016:13:46:27 +0000] "GET / HTTP/1.1" 200 5889 "-" "Mozilla/5.0 (Windows NT 10.0; Win64; x64) AppleWebKit/537.36 (KHTML, like Gecko) Chrome/50.0.2661.102 Safari/537.36"
193.1.39.1 - - [12/May/2016:13:46:27 +0000] "GET /wp-content/plugins/var/www/html/wp-content/themes/nuntius/nuntius.css?ver=2012-06-18 HTTP/1.1" 404 559 "http://52.31.166.88/" "Mozilla/5.0 (Windows NT 10.0; Win64; x64) AppleWebKit/537.36 (KHTML, like Gecko) Chrome/50.0.2661.102 Safari/537.36"
193.1.39.1 - - [12/May/2016:13:46:27 +0000] "GET /wp-includes/js/jquery/jquery-migrate.min.js?ver=1.2.1 HTTP/1.1" 200 3419 "http://52.31.166.88/" "Mozilla/5.0 (Windows NT 10.0; Win64; x64) AppleWebKit/537.36 (KHTML, like Gecko) Chrome/50.0.2661.102 Safari/537.36"
193.1.39.1 - - [12/May/2016:13:46:27 +0000] "GET /wp-content/themes/nuntius/style.css?ver=4.0.11 HTTP/1.1" 200 10269 "http://52.31.166.88/" "Mozilla/5.0 (Windows NT 10.0; Win64; x64) AppleWebKit/537.36 (KHTML, like Gecko) Chrome/50.0.2661.102 Safari/537.36"
193.1.39.1 - - [12/May/2016:13:46:27 +0000] "GET /wp-content/themes/nuntius/js/functions.js?ver=201101207 HTTP/1.1" 200 935 "http://52.31.166.88/" "Mozilla/5.0 (Windows NT 10.0; Win64; x64) AppleWebKit/537.36 (KHTML, like Gecko) Chrome/50.0.2661.102 Safari/537.36"
193.1.39.1 - - [12/May/2016:13:46:27 +0000] "GET /wp-includes/images/smilies/icon_wink.gif HTTP/1.1" 200 453 "http://52.31.166.88/" "Mozilla/5.0 (Windows NT 10.0; Win64; x64) AppleWebKit/537.36 (KHTML, like Gecko) Chrome/50.0.2661.102 Safari/537.36"
193.1.39.1 - - [12/May/2016:13:46:27 +0000] "GET /wp-includes/js/jquery/jquery.js?ver=1.11.1 HTTP/1.1" 200 33584 "http://52.31.166.88/" "Mozilla/5.0 (Windows NT 10.0; Win64; x64) AppleWebKit/537.36 (KHTML, like Gecko) Chrome/50.0.2661.102 Safari/537.36"
193.1.39.1 - - [12/May/2016:13:46:27 +0000] "GET /wp-content/themes/nuntius/js/jquery.cycle.all.js?ver=20130415 HTTP/1.1" 200 13898 "http://52.31.166.88/" "Mozilla/5.0 (Windows NT 10.0; Win64; x64) AppleWebKit/537.36 (KHTML, like Gecko) Chrome/50.0.2661.102 Safari/537.36"
193.1.39.1 - - [12/May/2016:13:46:27 +0000] "GET /wp-content/themes/nuntius/images/primary-menu-current.png HTTP/1.1" 200 393 "http://52.31.166.88/wp-content/themes/nuntius/style.css?ver=4.0.11" "Mozilla/5.0 (Windows NT 10.0; Win64; x64) AppleWebKit/537.36 (KHTML, like Gecko) Chrome/50.0.2661.102 Safari/537.36"
193.1.39.1 - - [12/May/2016:13:46:27 +0000] "GET /wp-content/themes/nuntius/images/breadcrumb-sep-ltr.png HTTP/1.1" 200 382 "http://52.31.166.88/wp-content/themes/nuntius/style.css?ver=4.0.11" "Mozilla/5.0 (Windows NT 10.0; Win64; x64) AppleWebKit/537.36 (KHTML, like Gecko) Chrome/50.0.2661.102 Safari/537.36"
193.1.39.1 - - [12/May/2016:13:46:27 +0000] "GET /wp-content/themes/nuntius/images/bg-container.png HTTP/1.1" 200 384 "http://52.31.166.88/wp-content/themes/nuntius/style.css?ver=4.0.11" "Mozilla/5.0 (Windows NT 10.0; Win64; x64) AppleWebKit/537.36 (KHTML, like Gecko) Chrome/50.0.2661.102 Safari/537.36"
193.1.39.1 - - [12/May/2016:13:46:27 +0000] "GET /wp-content/themes/nuntius/images/bg-sidebar-search-form.png HTTP/1.1" 200 523 "http://52.31.166.88/wp-content/themes/nuntius/style.css?ver=4.0.11" "Mozilla/5.0 (Windows NT 10.0; Win64; x64) AppleWebKit/537.36 (KHTML, like Gecko) Chrome/50.0.2661.102 Safari/537.36"
::1 - - [12/May/2016:13:46:33 +0000] "OPTIONS * HTTP/1.0" 200 125 "-" "Apache/2.4.7 (Ubuntu) PHP/5.5.9-1ubuntu4.14 (internal dummy connection)"
::1 - - [12/May/2016:13:46:34 +0000] "OPTIONS * HTTP/1.0" 200 125 "-" "Apache/2.4.7 (Ubuntu) PHP/5.5.9-1ubuntu4.14 (internal dummy connection)"
54.83.52.76 - - [12/May/2016:13:47:24 +0000] "GET / HTTP/1.0" 200 15577 "-" "Mozilla/5.0 (Windows NT 6.1; WOW64) AppleWebKit/537.11 (KHTML, like Gecko) Chrome/23.0.1271.64 Safari/537.11"
193.1.39.1 - - [12/May/2016:13:47:36 +0000] "GET / HTTP/1.1" 200 5889 "-" "Mozilla/5.0 (Windows NT 10.0; Win64; x64) AppleWebKit/537.36 (KHTML, like Gecko) Chrome/50.0.2661.102 Safari/537.36"
193.1.39.1 - - [12/May/2016:13:47:36 +0000] "GET /wp-content/plugins/var/www/html/wp-content/themes/nuntius/nuntius.css?ver=2012-06-18 HTTP/1.1" 404 559 "http://52.31.166.88/" "Mozilla/5.0 (Windows NT 10.0; Win64; x64) AppleWebKit/537.36 (KHTML, like Gecko) Chrome/50.0.2661.102 Safari/537.36"
5.39.222.159 - - [01/May/2016:07:32:42 +0000] "GET / HTTP/1.1" 200 15606 "-" "Mozilla/5.0 (Linux; U; Android 4.2.2; en-us; A1-810 Build/JDQ39) AppleWebKit/534.30 (KHTML, like Gecko) Version/4.0 Safari/534.30"
185.25.151.159 - - [01/May/2016:08:28:22 +0000] "GET http://testp4.pospr.waw.pl/testproxy.php HTTP/1.1" 404 455 "-" "Mozilla/5.0 (Windows NT 5.1; rv:32.0) Gecko/20100101 Firefox/31.0"
141.212.122.113 - - [01/May/2016:11:38:56 +0000] "GET /x HTTP/1.1" 400 0 "-" "Telesphoreo"
221.195.1.140 - - [01/May/2016:11:49:40 +0000] "GET /w00tw00t.at.ISC.SANS.DFind:) HTTP/1.1" 400 0 "-" "-"
91.196.50.33 - - [01/May/2016:13:13:47 +0000] "GET http://testp4.pospr.waw.pl/testproxy.php HTTP/1.1" 404 455 "-" "Mozilla/5.0 (Windows NT 5.1; rv:32.0) Gecko/20100101 Firefox/31.0"
123.59.59.52 - - [01/May/2016:15:32:13 +0000] "GET http://www.qunar.com/ HTTP/1.1" 301 312 "-" "Mozilla/5.0 (Windows NT 6.1; WOW64; rv:29.0) Gecko/20100101 Firefox/29.0"
123.59.59.52 - - [01/May/2016:15:32:14 +0000] "GET http://www.qunar.comhttp/www.qunar.com/ HTTP/1.1" 404 473 "-" "Mozilla/5.0 (Windows NT 6.1; WOW64; rv:29.0) Gecko/20100101 Firefox/29.0"
52.31.166.88 - - [01/May/2016:15:32:13 +0000] "POST /wp-cron.php?doing_wp_cron=1462116733.3815610408782958984375 HTTP/1.0" 200 187 "-" "WordPress/4.0.10; http://52.31.166.88"
62.210.107.9 - - [01/May/2016:17:03:43 +0000] "GET /w00tw00t.at.blackhats.romanian.anti-sec:) HTTP/1.1" 404 495 "-" "ZmEu"
62.210.107.9 - - [01/May/2016:17:03:43 +0000] "GET /phpMyAdmin/scripts/setup.php HTTP/1.1" 404 482 "-" "ZmEu"
62.210.107.9 - - [01/May/2016:17:03:43 +0000] "GET /phpmyadmin/scripts/setup.php HTTP/1.1" 404 482 "-" "ZmEu"
62.210.107.9 - - [01/May/2016:17:03:43 +0000] "GET /pma/scripts/setup.php HTTP/1.1" 404 475 "-" "ZmEu"
62.210.107.9 - - [01/May/2016:17:03:43 +0000] "GET /myadmin/scripts/setup.php HTTP/1.1" 404 479 "-" "ZmEu"
62.210.107.9 - - [01/May/2016:17:03:43 +0000] "GET /MyAdmin/scripts/setup.php HTTP/1.1" 404 479 "-" "ZmEu"
5.153.54.179 - - [01/May/2016:19:55:59 +0000] "GET /CFIDE/administrator/ HTTP/1.1" 404 511 "-" "-"
115.239.252.232 - - [01/May/2016:19:56:10 +0000] "GET /web-console/ServerInfo.jsp HTTP/1.1" 404 461 "52.31.166.88/web-console/ServerInfo.jsp" "Mozilla/4.0 (compatible; MSIE 9.0; Windows NT 6.1; 2Pac; .NET CLR 2.0.50727; .NET CLR 3.0.04506.648; .NET CLR 3.5.21022)"
115.239.252.232 - - [01/May/2016:19:56:57 +0000] "GET /jmx-console/HtmlAdaptor?action=inspectMBean&name=jboss.system:type=ServerInfo HTTP/1.1" 404 458 "http://52.31.166.88/jmx-console/HtmlAdaptor?action=inspectMBean&name=jboss.system:type=ServerInfo" "Mozilla/4.0 (compatible; MSIE 9.0; Windows NT 6.1; 2Pac; .NET CLR 2.0.50727; .NET CLR 3.0.04506.648; .NET CLR 3.5.21022)"
115.239.252.232 - - [01/May/2016:19:58:02 +0000] "GET /invoker/JMXInvokerServlet HTTP/1.1" 404 460 "52.31.166.88/invoker/JMXInvokerServlet" "Mozilla/4.0 (compatible; MSIE 9.0; Windows NT 6.1; 2Pac; .NET CLR 2.0.50727; .NET CLR 3.0.04506.648; .NET CLR 3.5.21022)"
127.0.0.1 - - [02/May/2016:00:40:47 +0000] "GET / HTTP/1.1" 200 15625 "-" "Python-urllib/3.3"
127.0.0.1 - - [02/May/2016:00:40:48 +0000] "GET / HTTP/1.1" 200 5889 "-" "Mozilla/5.0 (Unknown; Linux x86_64) AppleWebKit/538.1 (KHTML, like Gecko) PhantomJS/2.1.1 Safari/538.1"
109.163.234.9 - - [02/May/2016:00:40:49 +0000] "GET /wp-content/plugins/var/www/html/wp-content/themes/nuntius/nuntius.css?ver=2012-06-18 HTTP/1.1" 404 560 "http://ndecriaumuyf5kil.onion/" "Mozilla/5.0 (Unknown; Linux x86_64) AppleWebKit/538.1 (KHTML, like Gecko) PhantomJS/2.1.1 Safari/538.1"
109.163.234.9 - - [02/May/2016:00:40:49 +0000] "GET /wp-content/themes/nuntius/style.css?ver=4.0.10 HTTP/1.1" 200 10269 "http://ndecriaumuyf5kil.onion/" "Mozilla/5.0 (Unknown; Linux x86_64) AppleWebKit/538.1 (KHTML, like Gecko) PhantomJS/2.1.1 Safari/538.1"
109.163.234.9 - - [02/May/2016:00:40:49 +0000] "GET /wp-includes/js/jquery/jquery.js?ver=1.11.1 HTTP/1.1" 200 33584 "http://ndecriaumuyf5kil.onion/" "Mozilla/5.0 (Unknown; Linux x86_64) AppleWebKit/538.1 (KHTML, like Gecko) PhantomJS/2.1.1 Safari/538.1"
109.163.234.9 - - [02/May/2016:00:40:49 +0000] "GET /wp-includes/js/jquery/jquery-migrate.min.js?ver=1.2.1 HTTP/1.1" 200 3419 "http://ndecriaumuyf5kil.onion/" "Mozilla/5.0 (Unknown; Linux x86_64) AppleWebKit/538.1 (KHTML, like Gecko) PhantomJS/2.1.1 Safari/538.1"
109.163.234.9 - - [02/May/2016:00:40:50 +0000] "GET /wp-content/themes/nuntius/js/jquery.cycle.all.js?ver=20130415 HTTP/1.1" 200 13899 "http://ndecriaumuyf5kil.onion/" "Mozilla/5.0 (Unknown; Linux x86_64) AppleWebKit/538.1 (KHTML, like Gecko) PhantomJS/2.1.1 Safari/538.1"
109.163.234.9 - - [02/May/2016:00:40:50 +0000] "GET /wp-content/themes/nuntius/js/functions.js?ver=201101207 HTTP/1.1" 200 935 "http://ndecriaumuyf5kil.onion/" "Mozilla/5.0 (Unknown; Linux x86_64) AppleWebKit/538.1 (KHTML, like Gecko) PhantomJS/2.1.1 Safari/538.1"
109.163.234.9 - - [02/May/2016:00:40:50 +0000] "GET /wp-content/themes/nuntius/images/breadcrumb-sep-ltr.png HTTP/1.1" 200 382 "http://ndecriaumuyf5kil.onion/" "Mozilla/5.0 (Unknown; Linux x86_64) AppleWebKit/538.1 (KHTML, like Gecko) PhantomJS/2.1.1 Safari/538.1"
109.163.234.9 - - [02/May/2016:00:40:50 +0000] "GET /wp-content/themes/nuntius/images/primary-menu-current.png HTTP/1.1" 200 393 "http://ndecriaumuyf5kil.onion/" "Mozilla/5.0 (Unknown; Linux x86_64) AppleWebKit/538.1 (KHTML, like Gecko) PhantomJS/2.1.1 Safari/538.1"
